#
# There is insufficient memory for the Java Runtime Environment to continue.
# Native memory allocation (malloc) failed to allocate 2508984 bytes. Error detail: Chunk::new
# Possible reasons:
#   The system is out of physical RAM or swap space
#   This process is running with CompressedOops enabled, and the Java Heap may be blocking the growth of the native heap
# Possible solutions:
#   Reduce memory load on the system
#   Increase physical memory or swap space
#   Check if swap backing store is full
#   Decrease Java heap size (-Xmx/-Xms)
#   Decrease number of Java threads
#   Decrease Java thread stack sizes (-Xss)
#   Set larger code cache with -XX:ReservedCodeCacheSize=
#   JVM is running with Zero Based Compressed Oops mode in which the Java heap is
#     placed in the first 32GB address space. The Java Heap base address is the
#     maximum limit for the native heap growth. Please use -XX:HeapBaseMinAddress
#     to set the Java Heap base and to place the Java Heap above 32GB virtual address.
# This output file may be truncated or incomplete.
#
#  Out of Memory Error (arena.cpp:186), pid=20320, tid=19872
#
# JRE version: Java(TM) SE Runtime Environment (25.0.1+8) (build 25.0.1+8-LTS-27)
# Java VM: Java HotSpot(TM) 64-Bit Server VM (25.0.1+8-LTS-27, mixed mode, sharing, tiered, compressed oops, compressed class ptrs, g1 gc, windows-amd64)
# No core dump will be written. Minidumps are not enabled by default on client versions of Windows
#

---------------  S U M M A R Y ------------

Command Line: --add-opens=java.base/java.lang=ALL-UNNAMED --add-opens=java.base/java.lang.invoke=ALL-UNNAMED --add-opens=java.base/java.util=ALL-UNNAMED --add-opens=java.prefs/java.util.prefs=ALL-UNNAMED --add-exports=jdk.compiler/com.sun.tools.javac.api=ALL-UNNAMED --add-exports=jdk.compiler/com.sun.tools.javac.util=ALL-UNNAMED --add-opens=java.base/java.util=ALL-UNNAMED --add-opens=java.prefs/java.util.prefs=ALL-UNNAMED --add-opens=java.base/java.nio.charset=ALL-UNNAMED --add-opens=java.base/java.net=ALL-UNNAMED --add-opens=java.base/java.util.concurrent=ALL-UNNAMED --add-opens=java.base/java.util.concurrent.atomic=ALL-UNNAMED --add-opens=java.xml/javax.xml.namespace=ALL-UNNAMED --add-opens=java.base/java.time=ALL-UNNAMED --enable-native-access=ALL-UNNAMED -XX:MaxMetaspaceSize=4G -XX:ReservedCodeCacheSize=512m -XX:+HeapDumpOnOutOfMemoryError -Xmx8G -Dfile.encoding=UTF-8 -Duser.country=FR -Duser.language=fr -Duser.variant -javaagent:C:\Users\Lenovo\.gradle\wrapper\dists\gradle-9.1.0-all\7wzd0jkjit61aq2p43wpjgij9\gradle-9.1.0\lib\agents\gradle-instrumentation-agent-9.1.0.jar org.gradle.launcher.daemon.bootstrap.GradleDaemon 9.1.0

Host: AMD Ryzen 3 4300U with Radeon Graphics         , 4 cores, 7G,  Windows 11 , 64 bit Build 26100 (10.0.26100.8972)
Time: Sun Oct  4 19:49:53 2026 Greenwich elapsed time: 78.705330 seconds (0d 0h 1m 18s)

---------------  T H R E A D  ---------------

Current thread (0x00000215fbfe3730):  JavaThread "C2 CompilerThread0" daemon [_thread_in_native, id=19872, stack(0x0000001679100000,0x0000001679200000) (1024K)]


Current CompileTask:
C2:78705 14319       4       org.gradle.internal.instantiation.generator.AbstractClassGenerator::inspectType (602 bytes)

Stack: [0x0000001679100000,0x0000001679200000]
Native frames: (J=compiled Java code, j=interpreted, Vv=VM code, C=native code)
V  [jvm.dll+0x7a6b59]  (no source info available)
V  [jvm.dll+0x77290d]  (no source info available)
V  [jvm.dll+0x966153]  (no source info available)
V  [jvm.dll+0x968751]  (no source info available)
V  [jvm.dll+0x968e53]  (no source info available)
V  [jvm.dll+0x2fc756]  (no source info available)
V  [jvm.dll+0x111b26]  (no source info available)
V  [jvm.dll+0x111e4e]  (no source info available)
V  [jvm.dll+0x381801]  (no source info available)
V  [jvm.dll+0x6b8bd9]  (no source info available)
V  [jvm.dll+0x2c9bfa]  (no source info available)
V  [jvm.dll+0x2c210d]  (no source info available)
V  [jvm.dll+0x2bf995]  (no source info available)
V  [jvm.dll+0x237b60]  (no source info available)
V  [jvm.dll+0x2cfb56]  (no source info available)
V  [jvm.dll+0x2cddd5]  (no source info available)
V  [jvm.dll+0x48e6d1]  (no source info available)
V  [jvm.dll+0x906a0d]  (no source info available)
V  [jvm.dll+0x7a5135]  (no source info available)
C  [ucrtbase.dll+0x2cd30]  (no source info available)
C  [KERNEL32.DLL+0x2ccb7]  (no source info available)
C  [ntdll.dll+0xaad6c]  (no source info available)

Lock stack of current Java thread (top to bottom):


---------------  P R O C E S S  ---------------

Threads class SMR info:
_java_thread_list=0x000002158ff3b680, length=81, elements={
0x00000215d13abbc0, 0x00000215fbfdbce0, 0x00000215fbfdd840, 0x00000215fbfde6a0,
0x00000215fbfe10c0, 0x00000215fbfe1c80, 0x00000215fbfe2840, 0x00000215fbfe3730,
0x00000215fbfeeec0, 0x00000215fe611c20, 0x00000215fe6b8d60, 0x000002158cd41030,
0x000002158c49b620, 0x000002158cd96670, 0x000002158cd89770, 0x000002158cf3ade0,
0x000002158cf37730, 0x000002158cf38ea0, 0x000002158cf3b5b0, 0x000002158cf39670,
0x000002158cf3dcc0, 0x000002158cf3ec60, 0x000002158d0b7830, 0x000002158d0b6890,
0x000002158d0b5120, 0x000002158d0b7060, 0x000002158d0baee0, 0x000002158d0b9f40,
0x000002158d0bbe80, 0x000002158d0ba710, 0x000002158e476760, 0x000002158e4757c0,
0x000002158e6d95a0, 0x000002158e6dad10, 0x000002158e6d7e30, 0x000002158e477700,
0x000002158db76bc0, 0x000002158db7b210, 0x000002158db7aa40, 0x000002158db78330,
0x000002158db7c980, 0x000002158c19a2f0, 0x000002158c19aac0, 0x000002158c19f110,
0x000002158c19e940, 0x000002158c19f8e0, 0x000002158c1a1050, 0x000002158f8a2740,
0x000002158f8a2f10, 0x000002158f8a8500, 0x000002158f8a6d90, 0x000002158f8a8cd0,
0x000002158e6d8600, 0x000002158fb1a740, 0x000002158fb1d620, 0x000002158fb19f70,
0x000002158fb1beb0, 0x000002158fb1c680, 0x000002158fd70410, 0x000002158fd6f470,
0x000002158fd72350, 0x000002158fd6eca0, 0x000002158fd74290, 0x000002158fd73ac0,
0x000002158fd761d0, 0x00000215905390f0, 0x000002159053a860, 0x000002159053c7a0,
0x000002159053cf70, 0x000002159053eeb0, 0x000002158edfdd60, 0x000002158edfe530,
0x000002158edfd590, 0x000002158edfcdc0, 0x000002158ee02b80, 0x000002158ee00470,
0x000002158ee042f0, 0x000002158ee01410, 0x000002158ee05290, 0x000002158ee0a0b0,
0x000002159053b030
}

Java Threads: ( => current thread )
  0x00000215d13abbc0 JavaThread "main"                              [_thread_blocked, id=17564, stack(0x0000001678300000,0x0000001678400000) (1024K)]
  0x00000215fbfdbce0 JavaThread "Reference Handler"          daemon [_thread_blocked, id=25424, stack(0x0000001678b00000,0x0000001678c00000) (1024K)]
  0x00000215fbfdd840 JavaThread "Finalizer"                  daemon [_thread_blocked, id=8532, stack(0x0000001678c00000,0x0000001678d00000) (1024K)]
  0x00000215fbfde6a0 JavaThread "Signal Dispatcher"          daemon [_thread_blocked, id=29216, stack(0x0000001678d00000,0x0000001678e00000) (1024K)]
  0x00000215fbfe10c0 JavaThread "Attach Listener"            daemon [_thread_blocked, id=18524, stack(0x0000001678e00000,0x0000001678f00000) (1024K)]
  0x00000215fbfe1c80 JavaThread "Service Thread"             daemon [_thread_blocked, id=12036, stack(0x0000001678f00000,0x0000001679000000) (1024K)]
  0x00000215fbfe2840 JavaThread "Monitor Deflation Thread"   daemon [_thread_blocked, id=9400, stack(0x0000001679000000,0x0000001679100000) (1024K)]
=>0x00000215fbfe3730 JavaThread "C2 CompilerThread0"         daemon [_thread_in_native, id=19872, stack(0x0000001679100000,0x0000001679200000) (1024K)]
  0x00000215fbfeeec0 JavaThread "C1 CompilerThread0"         daemon [_thread_blocked, id=20388, stack(0x0000001679200000,0x0000001679300000) (1024K)]
  0x00000215fe611c20 JavaThread "Common-Cleaner"             daemon [_thread_blocked, id=6220, stack(0x0000001679300000,0x0000001679400000) (1024K)]
  0x00000215fe6b8d60 JavaThread "Notification Thread"        daemon [_thread_blocked, id=25968, stack(0x0000001679400000,0x0000001679500000) (1024K)]
  0x000002158cd41030 JavaThread "Daemon health stats"               [_thread_blocked, id=4880, stack(0x0000001679600000,0x0000001679700000) (1024K)]
  0x000002158c49b620 JavaThread "Incoming local TCP Connector on port 61327"        [_thread_in_native, id=16292, stack(0x0000001679700000,0x0000001679800000) (1024K)]
  0x000002158cd96670 JavaThread "Daemon periodic checks"            [_thread_blocked, id=19828, stack(0x0000001679800000,0x0000001679900000) (1024K)]
  0x000002158cd89770 JavaThread "Daemon"                            [_thread_blocked, id=19228, stack(0x0000001679900000,0x0000001679a00000) (1024K)]
  0x000002158cf3ade0 JavaThread "Handler for socket connection from /127.0.0.1:61327 to /127.0.0.1:61328"        [_thread_in_native, id=9912, stack(0x0000001679a00000,0x0000001679b00000) (1024K)]
  0x000002158cf37730 JavaThread "Cancel handler"                    [_thread_blocked, id=4916, stack(0x0000001679b00000,0x0000001679c00000) (1024K)]
  0x000002158cf38ea0 JavaThread "Daemon worker"                     [_thread_in_Java, id=17628, stack(0x0000001679c00000,0x0000001679d00000) (1024K)]
  0x000002158cf3b5b0 JavaThread "Asynchronous log dispatcher for DefaultDaemonConnection: socket connection from /127.0.0.1:61327 to /127.0.0.1:61328"        [_thread_blocked, id=17676, stack(0x0000001679d00000,0x0000001679e00000) (1024K)]
  0x000002158cf39670 JavaThread "Stdin handler"                     [_thread_blocked, id=15396, stack(0x0000001679e00000,0x0000001679f00000) (1024K)]
  0x000002158cf3dcc0 JavaThread "Daemon client event forwarder"        [_thread_blocked, id=24008, stack(0x0000001679f00000,0x000000167a000000) (1024K)]
  0x000002158cf3ec60 JavaThread "Cache worker for journal cache (C:\Users\Lenovo\.gradle\caches\journal-1)"        [_thread_blocked, id=13720, stack(0x000000167a200000,0x000000167a300000) (1024K)]
  0x000002158d0b7830 JavaThread "File lock request listener"        [_thread_in_native, id=28564, stack(0x000000167a300000,0x000000167a400000) (1024K)]
  0x000002158d0b6890 JavaThread "Cache worker for file hash cache (C:\Users\Lenovo\.gradle\caches\9.1.0\fileHashes)"        [_thread_blocked, id=10852, stack(0x000000167a400000,0x000000167a500000) (1024K)]
  0x000002158d0b5120 JavaThread "Cache worker for file hash cache (C:\Users\Lenovo\edulive\frontend\android\.gradle\9.1.0\fileHashes)"        [_thread_blocked, id=25816, stack(0x000000167a500000,0x000000167a600000) (1024K)]
  0x000002158d0b7060 JavaThread "Cache worker for Build Output Cleanup Cache (C:\Users\Lenovo\edulive\frontend\android\.gradle\buildOutputCleanup)"        [_thread_blocked, id=29060, stack(0x000000167a600000,0x000000167a700000) (1024K)]
  0x000002158d0baee0 JavaThread "File watcher server"        daemon [_thread_in_native, id=28204, stack(0x000000167a700000,0x000000167a800000) (1024K)]
  0x000002158d0b9f40 JavaThread "File watcher consumer"      daemon [_thread_blocked, id=22836, stack(0x000000167a800000,0x000000167a900000) (1024K)]
  0x000002158d0bbe80 JavaThread "jar transforms"                    [_thread_blocked, id=23932, stack(0x000000167a900000,0x000000167aa00000) (1024K)]
  0x000002158d0ba710 JavaThread "jar transforms Thread 2"           [_thread_blocked, id=22904, stack(0x000000167aa00000,0x000000167ab00000) (1024K)]
  0x000002158e476760 JavaThread "jar transforms Thread 3"           [_thread_blocked, id=5068, stack(0x000000167ab00000,0x000000167ac00000) (1024K)]
  0x000002158e4757c0 JavaThread "Cache worker for checksums cache (C:\Users\Lenovo\edulive\frontend\android\.gradle\9.1.0\checksums)"        [_thread_blocked, id=16836, stack(0x000000167ad00000,0x000000167ae00000) (1024K)]
  0x000002158e6d95a0 JavaThread "Cache worker for file content cache (C:\Users\Lenovo\.gradle\caches\9.1.0\fileContent)"        [_thread_blocked, id=2960, stack(0x000000167ac00000,0x000000167ad00000) (1024K)]
  0x000002158e6dad10 JavaThread "Cache worker for cache directory md-supplier (C:\Users\Lenovo\.gradle\caches\9.1.0\md-supplier)"        [_thread_blocked, id=14012, stack(0x000000167ae00000,0x000000167af00000) (1024K)]
  0x000002158e6d7e30 JavaThread "Cache worker for cache directory md-rule (C:\Users\Lenovo\.gradle\caches\9.1.0\md-rule)"        [_thread_blocked, id=22512, stack(0x000000167af00000,0x000000167b000000) (1024K)]
  0x000002158e477700 JavaThread "jar transforms Thread 4"           [_thread_blocked, id=6676, stack(0x000000167b000000,0x000000167b100000) (1024K)]
  0x000002158db76bc0 JavaThread "Cache worker for Build Output Cleanup Cache (C:\flutter\packages\flutter_tools\gradle\.gradle\buildOutputCleanup)"        [_thread_blocked, id=25780, stack(0x000000167b100000,0x000000167b200000) (1024K)]
  0x000002158db7b210 JavaThread "Unconstrained build operations"        [_thread_blocked, id=18012, stack(0x000000167b200000,0x000000167b300000) (1024K)]
  0x000002158db7aa40 JavaThread "Unconstrained build operations Thread 2"        [_thread_blocked, id=24692, stack(0x000000167b300000,0x000000167b400000) (1024K)]
  0x000002158db78330 JavaThread "Unconstrained build operations Thread 3"        [_thread_blocked, id=25292, stack(0x000000167b400000,0x000000167b500000) (1024K)]
  0x000002158db7c980 JavaThread "Unconstrained build operations Thread 4"        [_thread_blocked, id=18852, stack(0x000000167b500000,0x000000167b600000) (1024K)]
  0x000002158c19a2f0 JavaThread "Unconstrained build operations Thread 5"        [_thread_blocked, id=14288, stack(0x000000167b600000,0x000000167b700000) (1024K)]
  0x000002158c19aac0 JavaThread "Unconstrained build operations Thread 6"        [_thread_blocked, id=10536, stack(0x000000167b700000,0x000000167b800000) (1024K)]
  0x000002158c19f110 JavaThread "Unconstrained build operations Thread 7"        [_thread_blocked, id=11356, stack(0x000000167b800000,0x000000167b900000) (1024K)]
  0x000002158c19e940 JavaThread "Unconstrained build operations Thread 8"        [_thread_blocked, id=21704, stack(0x000000167b900000,0x000000167ba00000) (1024K)]
  0x000002158c19f8e0 JavaThread "Unconstrained build operations Thread 9"        [_thread_blocked, id=12088, stack(0x000000167ba00000,0x000000167bb00000) (1024K)]
  0x000002158c1a1050 JavaThread "Memory manager"                    [_thread_blocked, id=3648, stack(0x000000167bb00000,0x000000167bc00000) (1024K)]
  0x000002158f8a2740 JavaThread "build event listener"              [_thread_blocked, id=7748, stack(0x000000167bc00000,0x000000167bd00000) (1024K)]
  0x000002158f8a2f10 JavaThread "included builds"                   [_thread_blocked, id=5264, stack(0x0000001678200000,0x0000001678300000) (1024K)]
  0x000002158f8a8500 JavaThread "Execution worker"                  [_thread_blocked, id=23740, stack(0x000000167bd00000,0x000000167be00000) (1024K)]
  0x000002158f8a6d90 JavaThread "Execution worker Thread 2"         [_thread_blocked, id=16932, stack(0x000000167be00000,0x000000167bf00000) (1024K)]
  0x000002158f8a8cd0 JavaThread "Execution worker Thread 3"         [_thread_blocked, id=17184, stack(0x000000167bf00000,0x000000167c000000) (1024K)]
  0x000002158e6d8600 JavaThread "Cache worker for execution history cache (C:\flutter\packages\flutter_tools\gradle\.gradle\9.1.0\executionHistory)"        [_thread_blocked, id=15664, stack(0x000000167c000000,0x000000167c100000) (1024K)]
  0x000002158fb1a740 JavaThread "Unconstrained build operations Thread 10"        [_thread_blocked, id=21444, stack(0x000000167c100000,0x000000167c200000) (1024K)]
  0x000002158fb1d620 JavaThread "Unconstrained build operations Thread 11"        [_thread_blocked, id=7832, stack(0x000000167c200000,0x000000167c300000) (1024K)]
  0x000002158fb19f70 JavaThread "Unconstrained build operations Thread 12"        [_thread_blocked, id=20912, stack(0x000000167c300000,0x000000167c400000) (1024K)]
  0x000002158fb1beb0 JavaThread "Unconstrained build operations Thread 13"        [_thread_blocked, id=24528, stack(0x000000167c400000,0x000000167c500000) (1024K)]
  0x000002158fb1c680 JavaThread "Unconstrained build operations Thread 14"        [_thread_blocked, id=29468, stack(0x000000167c500000,0x000000167c600000) (1024K)]
  0x000002158fd70410 JavaThread "Unconstrained build operations Thread 15"        [_thread_blocked, id=27680, stack(0x000000167c600000,0x000000167c700000) (1024K)]
  0x000002158fd6f470 JavaThread "Unconstrained build operations Thread 16"        [_thread_blocked, id=17556, stack(0x000000167c700000,0x000000167c800000) (1024K)]
  0x000002158fd72350 JavaThread "Unconstrained build operations Thread 17"        [_thread_blocked, id=22468, stack(0x000000167c800000,0x000000167c900000) (1024K)]
  0x000002158fd6eca0 JavaThread "Unconstrained build operations Thread 18"        [_thread_blocked, id=22248, stack(0x000000167c900000,0x000000167ca00000) (1024K)]
  0x000002158fd74290 JavaThread "Unconstrained build operations Thread 19"        [_thread_blocked, id=27588, stack(0x000000167ca00000,0x000000167cb00000) (1024K)]
  0x000002158fd73ac0 JavaThread "Unconstrained build operations Thread 20"        [_thread_blocked, id=25496, stack(0x000000167cb00000,0x000000167cc00000) (1024K)]
  0x000002158fd761d0 JavaThread "WorkerExecutor Queue"              [_thread_blocked, id=20964, stack(0x000000167cc00000,0x000000167cd00000) (1024K)]
  0x00000215905390f0 JavaThread "RMI Scheduler(0)"           daemon [_thread_blocked, id=28800, stack(0x000000167cd00000,0x000000167ce00000) (1024K)]
  0x000002159053a860 JavaThread "RMI GC Daemon"              daemon [_thread_blocked, id=16476, stack(0x000000167cf00000,0x000000167d000000) (1024K)]
  0x000002159053c7a0 JavaThread "RMI TCP Accept-0"           daemon [_thread_in_native, id=14152, stack(0x000000167d000000,0x000000167d100000) (1024K)]
  0x000002159053cf70 JavaThread "RMI Reaper"                        [_thread_blocked, id=18932, stack(0x000000167d100000,0x000000167d200000) (1024K)]
  0x000002159053eeb0 JavaThread "RMI TCP Connection(2)-127.0.0.1" daemon [_thread_in_native, id=6356, stack(0x000000167d200000,0x000000167d300000) (1024K)]
  0x000002158edfdd60 JavaThread "Unconstrained build operations Thread 21"        [_thread_blocked, id=26156, stack(0x0000001678000000,0x0000001678100000) (1024K)]
  0x000002158edfe530 JavaThread "Unconstrained build operations Thread 22"        [_thread_blocked, id=28084, stack(0x0000001678100000,0x0000001678200000) (1024K)]
  0x000002158edfd590 JavaThread "Unconstrained build operations Thread 23"        [_thread_blocked, id=28384, stack(0x000000167d300000,0x000000167d400000) (1024K)]
  0x000002158edfcdc0 JavaThread "Unconstrained build operations Thread 24"        [_thread_blocked, id=22432, stack(0x000000167d400000,0x000000167d500000) (1024K)]
  0x000002158ee02b80 JavaThread "Unconstrained build operations Thread 25"        [_thread_blocked, id=15252, stack(0x000000167ce00000,0x000000167cf00000) (1024K)]
  0x000002158ee00470 JavaThread "Unconstrained build operations Thread 26"        [_thread_blocked, id=24604, stack(0x000000167d500000,0x000000167d600000) (1024K)]
  0x000002158ee042f0 JavaThread "Unconstrained build operations Thread 27"        [_thread_blocked, id=16164, stack(0x000000167d600000,0x000000167d700000) (1024K)]
  0x000002158ee01410 JavaThread "Unconstrained build operations Thread 28"        [_thread_blocked, id=5692, stack(0x000000167d700000,0x000000167d800000) (1024K)]
  0x000002158ee05290 JavaThread "Unconstrained build operations Thread 29"        [_thread_blocked, id=23864, stack(0x000000167d800000,0x000000167d900000) (1024K)]
  0x000002158ee0a0b0 JavaThread "build event listener"              [_thread_blocked, id=18396, stack(0x000000167d900000,0x000000167da00000) (1024K)]
  0x000002159053b030 JavaThread "build event listener"              [_thread_blocked, id=27240, stack(0x000000167da00000,0x000000167db00000) (1024K)]
Total: 81

Other Threads:
  0x00000215fbfc8720 VMThread "VM Thread"                           [id=7440, stack(0x0000001678a00000,0x0000001678b00000) (1024K)]
  0x00000215fbfb5b80 WatcherThread "VM Periodic Task Thread"        [id=18988, stack(0x0000001678900000,0x0000001678a00000) (1024K)]
  0x00000215d1454510 WorkerThread "GC Thread#0"                     [id=21128, stack(0x0000001678400000,0x0000001678500000) (1024K)]
  0x00000215fee46aa0 WorkerThread "GC Thread#1"                     [id=25324, stack(0x0000001679500000,0x0000001679600000) (1024K)]
  0x000002158cd02610 WorkerThread "GC Thread#2"                     [id=15856, stack(0x000000167a000000,0x000000167a100000) (1024K)]
  0x000002158cd04890 WorkerThread "GC Thread#3"                     [id=8736, stack(0x000000167a100000,0x000000167a200000) (1024K)]
  0x00000215d145d5b0 ConcurrentGCThread "G1 Main Marker"            [id=6024, stack(0x0000001678500000,0x0000001678600000) (1024K)]
  0x00000215d145e960 WorkerThread "G1 Conc#0"                       [id=10676, stack(0x0000001678600000,0x0000001678700000) (1024K)]
  0x00000215fbe82140 ConcurrentGCThread "G1 Refine#0"               [id=27136, stack(0x0000001678700000,0x0000001678800000) (1024K)]
  0x00000215fbe85eb0 ConcurrentGCThread "G1 Service"                [id=26840, stack(0x0000001678800000,0x0000001678900000) (1024K)]
Total: 10

Threads with active compile tasks:
C2 CompilerThread0  78916 14319       4       org.gradle.internal.instantiation.generator.AbstractClassGenerator::inspectType (602 bytes)
Total: 1

VM state: not at safepoint (normal execution)

VM Mutex/Monitor currently owned by a thread: None

Heap address: 0x0000000600000000, size: 8192 MB, Compressed Oops mode: Zero based, Oop shift amount: 3

CDS archive(s) mapped at: [0x000000002c000000-0x000000002cdd0000-0x000000002cdd0000), size 14483456, SharedBaseAddress: 0x000000002c000000, ArchiveRelocationMode: 1.
Compressed class space mapped at: 0x000000002d000000-0x000000006d000000, reserved size: 1073741824
UseCompressedClassPointers 1, UseCompactObjectHeaders 0
Narrow klass pointer bits 32, Max shift 3
Narrow klass base: 0x000000002c000000, Narrow klass shift: 0
Encoding Range: [0x000000002c000000 - 0x000000012c000000), (4294967296 bytes)
Klass Range:    [0x000000002c010000 - 0x000000006d000000), (1090453504 bytes)
Klass ID Range:  [65536 - 1090519033) (1090453497)
Protection zone: [0x000000002c000000 - 0x000000002c010000), (65536 bytes)

GC Precious Log:
 CardTable entry size: 512
 Card Set container configuration: InlinePtr #cards 4 size 8 Array Of Cards #cards 32 size 80 Howl #buckets 8 coarsen threshold 7372 Howl Bitmap #cards 1024 size 144 coarsen threshold 921 Card regions per heap region 1 cards per card region 8192
 CPUs: 4 total, 4 available
 Memory: 7544M
 Large Page Support: Disabled
 NUMA Support: Disabled
 Compressed Oops: Enabled (Zero based)
 Heap Region Size: 4M
 Heap Min Capacity: 8M
 Heap Initial Capacity: 120M
 Heap Max Capacity: 8G
 Pre-touch: Disabled
 Parallel Workers: 4
 Concurrent Workers: 1
 Concurrent Refinement Workers: 4
 Periodic GC: Disabled

Heap:
 garbage-first heap   total reserved 8388608K, committed 217088K, used 141256K [0x0000000600000000, 0x0000000800000000)
  region size 4096K, 9 young (36864K), 3 survivors (12288K)

Heap Regions: E=young(eden), S=young(survivor), O=old, HS=humongous(starts), HC=humongous(continues), CS=collection set, F=free, TAMS=top-at-mark-start, PB=parsable bottom
|   0|0x0000000600000000, 0x0000000600400000, 0x0000000600400000|100%|HS|  |TAMS 0x0000000600000000| PB 0x0000000600000000| Complete |  0
|   1|0x0000000600400000, 0x0000000600800000, 0x0000000600800000|100%| O|  |TAMS 0x0000000600400000| PB 0x0000000600400000| Untracked |  0
|   2|0x0000000600800000, 0x0000000600c00000, 0x0000000600c00000|100%| O|  |TAMS 0x0000000600800000| PB 0x0000000600800000| Untracked |  0
|   3|0x0000000600c00000, 0x0000000601000000, 0x0000000601000000|100%| O|  |TAMS 0x0000000600c00000| PB 0x0000000600c00000| Untracked |  0
|   4|0x0000000601000000, 0x0000000601400000, 0x0000000601400000|100%| O|  |TAMS 0x0000000601000000| PB 0x0000000601000000| Untracked |  0
|   5|0x0000000601400000, 0x0000000601800000, 0x0000000601800000|100%| O|  |TAMS 0x0000000601400000| PB 0x0000000601400000| Untracked |  0
|   6|0x0000000601800000, 0x0000000601c00000, 0x0000000601c00000|100%| O|  |TAMS 0x0000000601800000| PB 0x0000000601800000| Untracked |  0
|   7|0x0000000601c00000, 0x0000000602000000, 0x0000000602000000|100%| O|  |TAMS 0x0000000601c00000| PB 0x0000000601c00000| Untracked |  0
|   8|0x0000000602000000, 0x0000000602400000, 0x0000000602400000|100%| O|  |TAMS 0x0000000602000000| PB 0x0000000602000000| Untracked |  0
|   9|0x0000000602400000, 0x0000000602800000, 0x0000000602800000|100%| O|  |TAMS 0x0000000602400000| PB 0x0000000602400000| Untracked |  0
|  10|0x0000000602800000, 0x0000000602c00000, 0x0000000602c00000|100%| O|  |TAMS 0x0000000602800000| PB 0x0000000602800000| Untracked |  0
|  11|0x0000000602c00000, 0x0000000603000000, 0x0000000603000000|100%| O|  |TAMS 0x0000000602c00000| PB 0x0000000602c00000| Untracked |  0
|  12|0x0000000603000000, 0x0000000603400000, 0x0000000603400000|100%| O|  |TAMS 0x0000000603000000| PB 0x0000000603000000| Untracked |  0
|  13|0x0000000603400000, 0x0000000603800000, 0x0000000603800000|100%| O|  |TAMS 0x0000000603400000| PB 0x0000000603400000| Untracked |  0
|  14|0x0000000603800000, 0x0000000603c00000, 0x0000000603c00000|100%| O|  |TAMS 0x0000000603800000| PB 0x0000000603800000| Untracked |  0
|  15|0x0000000603c00000, 0x0000000604000000, 0x0000000604000000|100%| O|  |TAMS 0x0000000603c00000| PB 0x0000000603c00000| Untracked |  0
|  16|0x0000000604000000, 0x0000000604400000, 0x0000000604400000|100%| O|  |TAMS 0x0000000604000000| PB 0x0000000604000000| Untracked |  0
|  17|0x0000000604400000, 0x0000000604800000, 0x0000000604800000|100%| O|Cm|TAMS 0x0000000604400000| PB 0x0000000604400000| Complete |  0
|  18|0x0000000604800000, 0x0000000604c00000, 0x0000000604c00000|100%| O|  |TAMS 0x0000000604800000| PB 0x0000000604800000| Untracked |  0
|  19|0x0000000604c00000, 0x0000000605000000, 0x0000000605000000|100%| O|  |TAMS 0x0000000604c00000| PB 0x0000000604c00000| Untracked |  0
|  20|0x0000000605000000, 0x0000000605400000, 0x0000000605400000|100%| O|  |TAMS 0x0000000605000000| PB 0x0000000605000000| Untracked |  0
|  21|0x0000000605400000, 0x0000000605800000, 0x0000000605800000|100%| O|  |TAMS 0x0000000605400000| PB 0x0000000605400000| Untracked |  0
|  22|0x0000000605800000, 0x0000000605c00000, 0x0000000605c00000|100%| O|  |TAMS 0x0000000605800000| PB 0x0000000605800000| Untracked |  0
|  23|0x0000000605c00000, 0x0000000605f03900, 0x0000000606000000| 75%| O|  |TAMS 0x0000000605c00000| PB 0x0000000605c00000| Untracked |  0
|  24|0x0000000606000000, 0x0000000606000000, 0x0000000606400000|  0%| F|  |TAMS 0x0000000606000000| PB 0x0000000606000000| Untracked |  0
|  25|0x0000000606400000, 0x0000000606400000, 0x0000000606800000|  0%| F|  |TAMS 0x0000000606400000| PB 0x0000000606400000| Untracked |  0
|  26|0x0000000606800000, 0x0000000606800000, 0x0000000606c00000|  0%| F|  |TAMS 0x0000000606800000| PB 0x0000000606800000| Untracked |  0
|  27|0x0000000606c00000, 0x0000000606c00000, 0x0000000607000000|  0%| F|  |TAMS 0x0000000606c00000| PB 0x0000000606c00000| Untracked |  0
|  28|0x0000000607000000, 0x0000000607000000, 0x0000000607400000|  0%| F|  |TAMS 0x0000000607000000| PB 0x0000000607000000| Untracked |  0
|  29|0x0000000607400000, 0x00000006076ee920, 0x0000000607800000| 73%| S|CS|TAMS 0x0000000607400000| PB 0x0000000607400000| Complete |  0
|  30|0x0000000607800000, 0x0000000607c00000, 0x0000000607c00000|100%| S|CS|TAMS 0x0000000607800000| PB 0x0000000607800000| Complete |  0
|  31|0x0000000607c00000, 0x0000000608000000, 0x0000000608000000|100%| S|CS|TAMS 0x0000000607c00000| PB 0x0000000607c00000| Complete |  0
|  32|0x0000000608000000, 0x0000000608000000, 0x0000000608400000|  0%| F|  |TAMS 0x0000000608000000| PB 0x0000000608000000| Untracked |  0
|  33|0x0000000608400000, 0x0000000608400000, 0x0000000608800000|  0%| F|  |TAMS 0x0000000608400000| PB 0x0000000608400000| Untracked |  0
|  34|0x0000000608800000, 0x0000000608800000, 0x0000000608c00000|  0%| F|  |TAMS 0x0000000608800000| PB 0x0000000608800000| Untracked |  0
|  35|0x0000000608c00000, 0x0000000608c00000, 0x0000000609000000|  0%| F|  |TAMS 0x0000000608c00000| PB 0x0000000608c00000| Untracked |  0
|  36|0x0000000609000000, 0x0000000609000000, 0x0000000609400000|  0%| F|  |TAMS 0x0000000609000000| PB 0x0000000609000000| Untracked |  0
|  37|0x0000000609400000, 0x0000000609400000, 0x0000000609800000|  0%| F|  |TAMS 0x0000000609400000| PB 0x0000000609400000| Untracked |  0
|  38|0x0000000609800000, 0x0000000609800000, 0x0000000609c00000|  0%| F|  |TAMS 0x0000000609800000| PB 0x0000000609800000| Untracked |  0
|  39|0x0000000609c00000, 0x0000000609c00000, 0x000000060a000000|  0%| F|  |TAMS 0x0000000609c00000| PB 0x0000000609c00000| Untracked |  0
|  40|0x000000060a000000, 0x000000060a000000, 0x000000060a400000|  0%| F|  |TAMS 0x000000060a000000| PB 0x000000060a000000| Untracked |  0
|  41|0x000000060a400000, 0x000000060a400000, 0x000000060a800000|  0%| F|  |TAMS 0x000000060a400000| PB 0x000000060a400000| Untracked |  0
|  42|0x000000060a800000, 0x000000060a800000, 0x000000060ac00000|  0%| F|  |TAMS 0x000000060a800000| PB 0x000000060a800000| Untracked |  0
|  43|0x000000060ac00000, 0x000000060ac00000, 0x000000060b000000|  0%| F|  |TAMS 0x000000060ac00000| PB 0x000000060ac00000| Untracked |  0
|  44|0x000000060b000000, 0x000000060b003468, 0x000000060b400000|  0%| E|  |TAMS 0x000000060b000000| PB 0x000000060b000000| Complete |  0
|  45|0x000000060b400000, 0x000000060b800000, 0x000000060b800000|100%| E|CS|TAMS 0x000000060b400000| PB 0x000000060b400000| Complete |  0
|  46|0x000000060b800000, 0x000000060bc00000, 0x000000060bc00000|100%| E|CS|TAMS 0x000000060b800000| PB 0x000000060b800000| Complete |  0
|  47|0x000000060bc00000, 0x000000060c000000, 0x000000060c000000|100%| E|CS|TAMS 0x000000060bc00000| PB 0x000000060bc00000| Complete |  0
|2043|0x00000007fec00000, 0x00000007ff000000, 0x00000007ff000000|100%| E|CS|TAMS 0x00000007fec00000| PB 0x00000007fec00000| Complete |  0
|2044|0x00000007ff000000, 0x00000007ff400000, 0x00000007ff400000|100%| O|  |TAMS 0x00000007ff000000| PB 0x00000007ff000000| Untracked |  0
|2045|0x00000007ff400000, 0x00000007ff800000, 0x00000007ff800000|100%| O|  |TAMS 0x00000007ff400000| PB 0x00000007ff400000| Untracked |  0
|2046|0x00000007ff800000, 0x00000007ffc00000, 0x00000007ffc00000|100%| O|  |TAMS 0x00000007ff800000| PB 0x00000007ff800000| Untracked |  0
|2047|0x00000007ffc00000, 0x0000000800000000, 0x0000000800000000|100%| E|CS|TAMS 0x00000007ffc00000| PB 0x00000007ffc00000| Complete |  0

Card table byte_map: [0x00000215fae50000,0x00000215fbe50000] _byte_map_base: 0x00000215f7e50000

Marking Bits: (CMBitMap*) 0x00000215d1454ca0
 Bits: [0x0000021580000000, 0x0000021588000000)

Polling page: 0x00000215cf410000

Metaspace:
Metaspace        used 97826K, committed 100288K, reserved 1179648K
 class space     used 11389K, committed 12544K, reserved 1048576K

Usage:
  Non-class:     84.41 MB used.
      Class:     11.12 MB used.
       Both:     95.53 MB used.

Virtual space:
  Non-class space:      128.00 MB reserved,      85.69 MB ( 67%) committed,  2 nodes.
      Class space:        1.00 GB reserved,      12.25 MB (  1%) committed,  1 nodes.
             Both:        1.12 GB reserved,      97.94 MB (  9%) committed. 

Chunk freelists:
   Non-Class:  10.14 MB
       Class:  3.81 MB
        Both:  13.95 MB

MaxMetaspaceSize: 4.00 GB
CompressedClassSpaceSize: 1.00 GB
Initial GC threshold: 21.00 MB
Current GC threshold: 154.19 MB
CDS: on
 - commit_granule_bytes: 65536.
 - commit_granule_words: 8192.
 - virtual_space_node_default_size: 8388608.
 - enlarge_chunks_in_place: 1.
UseCompressedClassPointers 1, UseCompactObjectHeaders 0
Narrow klass pointer bits 32, Max shift 3
Narrow klass base: 0x000000002c000000, Narrow klass shift: 0
Encoding Range: [0x000000002c000000 - 0x000000012c000000), (4294967296 bytes)
Klass Range:    [0x000000002c010000 - 0x000000006d000000), (1090453504 bytes)
Klass ID Range:  [65536 - 1090519033) (1090453497)
Protection zone: [0x000000002c000000 - 0x000000002c010000), (65536 bytes)


Internal statistics:

num_allocs_failed_limit: 6.
num_arena_births: 4192.
num_arena_deaths: 0.
num_vsnodes_births: 3.
num_vsnodes_deaths: 0.
num_space_committed: 1567.
num_space_uncommitted: 0.
num_chunks_returned_to_freelist: 6.
num_chunks_taken_from_freelist: 8471.
num_chunk_merges: 6.
num_chunk_splits: 5711.
num_chunks_enlarged: 3799.
num_inconsistent_stats: 0.

CodeHeap 'non-profiled nmethods': size=259328Kb used=5127Kb max_used=5127Kb free=254200Kb
 bounds [0x00000215e9ee0000, 0x00000215ea3f0000, 0x00000215f9c20000]
CodeHeap 'profiled nmethods': size=259264Kb used=18452Kb max_used=18452Kb free=240811Kb
 bounds [0x00000215d9c20000, 0x00000215dae30000, 0x00000215e9950000]
CodeHeap 'non-nmethods': size=5696Kb used=2060Kb max_used=2150Kb free=3635Kb
 bounds [0x00000215e9950000, 0x00000215e9bc0000, 0x00000215e9ee0000]
CodeCache: size=524288Kb, used=25639Kb, max_used=25729Kb, free=498646Kb
 total_blobs=13192, nmethods=12280, adapters=815, full_count=0
Compilation: enabled, stopped_count=0, restarted_count=0

Compilation events (20 events):
Event: 75.655 Thread 0x00000215fbfeeec0 14371       3       org.gradle.api.services.internal.BuildServiceProvider$Listener::lambda$static$0 (1 bytes)
Event: 75.655 Thread 0x00000215fbfeeec0 nmethod 14371 0x00000215dadea488 code [0x00000215dadea580, 0x00000215dadea668]
Event: 75.655 Thread 0x00000215fbfeeec0 14372       1       org.gradle.api.internal.provider.ValueSupplier$Missing::isMissing (2 bytes)
Event: 75.655 Thread 0x00000215fbfeeec0 nmethod 14372 0x00000215ea3dfb88 code [0x00000215ea3dfc80, 0x00000215ea3dfd48]
Event: 75.655 Thread 0x00000215fbfeeec0 14373       3       org.gradle.internal.service.ServiceRegistryBuilder::provider (13 bytes)
Event: 75.655 Thread 0x00000215fbfeeec0 nmethod 14373 0x00000215dadea788 code [0x00000215dadea880, 0x00000215dadeaa60]
Event: 77.073 Thread 0x00000215fbfeeec0 14375       3       java.util.HashMap$HashMapSpliterator::estimateSize (11 bytes)
Event: 77.665 Thread 0x00000215fbfeeec0 nmethod 14375 0x00000215dadeaa88 code [0x00000215dadeab80, 0x00000215dadead48]
Event: 77.675 Thread 0x00000215fbfeeec0 14376       3       org.gradle.internal.ImmutableActionSet::access$400 (6 bytes)
Event: 77.676 Thread 0x00000215fbfeeec0 nmethod 14376 0x00000215dadead88 code [0x00000215dadeae80, 0x00000215dadebc20]
Event: 77.676 Thread 0x00000215fbfeeec0 14377       3       org.gradle.internal.ImmutableActionSet::plus (25 bytes)
Event: 77.677 Thread 0x00000215fbfeeec0 nmethod 14377 0x00000215dadebc88 code [0x00000215dadebd80, 0x00000215dadece30]
Event: 77.679 Thread 0x00000215fbfeeec0 14378       1       org.jetbrains.kotlin.gradle.plugin.KotlinPluginLifecycleImpl::getStage (5 bytes)
Event: 77.679 Thread 0x00000215fbfeeec0 nmethod 14378 0x00000215ea3dfe88 code [0x00000215ea3dff80, 0x00000215ea3e0048]
Event: 77.705 Thread 0x00000215fbfeeec0 14379       3       org.gradle.api.internal.artifacts.configurations.DefaultConfiguration::withDependencies (30 bytes)
Event: 77.705 Thread 0x00000215fbfeeec0 nmethod 14379 0x00000215dadece88 code [0x00000215dadecf80, 0x00000215daded360]
Event: 77.705 Thread 0x00000215fbfeeec0 14380       3       org.gradle.internal.ImmutableActionSet$SingletonSet::addOne (42 bytes)
Event: 78.701 Thread 0x00000215fbfeeec0 nmethod 14380 0x00000215daded388 code [0x00000215daded480, 0x00000215dadedc60]
Event: 78.701 Thread 0x00000215fbfeeec0 14381       1       java.lang.management.MemoryUsage::getUsed (5 bytes)
Event: 78.701 Thread 0x00000215fbfeeec0 nmethod 14381 0x00000215ea3e0188 code [0x00000215ea3e0280, 0x00000215ea3e0348]

GC Heap Usage History (20 events):
Event: 62.174 {heap Before GC invocations=31 (full 0):
 garbage-first heap   total reserved 8388608K, committed 139264K, used 108055K [0x0000000600000000, 0x0000000800000000)
  region size 4096K, 8 young (32768K), 1 survivors (4096K)
}
Event: 62.184 {heap After GC invocations=32 (full 0):
 garbage-first heap   total reserved 8388608K, committed 139264K, used 82856K [0x0000000600000000, 0x0000000800000000)
  region size 4096K, 1 young (4096K), 1 survivors (4096K)
}
Event: 63.164 {heap Before GC invocations=32 (full 0):
 garbage-first heap   total reserved 8388608K, committed 139264K, used 119720K [0x0000000600000000, 0x0000000800000000)
  region size 4096K, 11 young (45056K), 1 survivors (4096K)
}
Event: 63.174 {heap After GC invocations=33 (full 0):
 garbage-first heap   total reserved 8388608K, committed 139264K, used 85645K [0x0000000600000000, 0x0000000800000000)
  region size 4096K, 2 young (8192K), 2 survivors (8192K)
}
Event: 63.750 {heap Before GC invocations=33 (full 0):
 garbage-first heap   total reserved 8388608K, committed 139264K, used 122509K [0x0000000600000000, 0x0000000800000000)
  region size 4096K, 11 young (45056K), 2 survivors (8192K)
}
Event: 63.759 {heap After GC invocations=34 (full 0):
 garbage-first heap   total reserved 8388608K, committed 139264K, used 87484K [0x0000000600000000, 0x0000000800000000)
  region size 4096K, 2 young (8192K), 2 survivors (8192K)
}
Event: 65.291 {heap Before GC invocations=35 (full 0):
 garbage-first heap   total reserved 8388608K, committed 151552K, used 120252K [0x0000000600000000, 0x0000000800000000)
  region size 4096K, 11 young (45056K), 2 survivors (8192K)
}
Event: 65.302 {heap After GC invocations=36 (full 0):
 garbage-first heap   total reserved 8388608K, committed 151552K, used 89512K [0x0000000600000000, 0x0000000800000000)
  region size 4096K, 2 young (8192K), 2 survivors (8192K)
}
Event: 67.011 {heap Before GC invocations=36 (full 0):
 garbage-first heap   total reserved 8388608K, committed 151552K, used 130472K [0x0000000600000000, 0x0000000800000000)
  region size 4096K, 13 young (53248K), 2 survivors (8192K)
}
Event: 67.029 {heap After GC invocations=37 (full 0):
 garbage-first heap   total reserved 8388608K, committed 159744K, used 100669K [0x0000000600000000, 0x0000000800000000)
  region size 4096K, 2 young (8192K), 2 survivors (8192K)
}
Event: 68.439 {heap Before GC invocations=37 (full 0):
 garbage-first heap   total reserved 8388608K, committed 159744K, used 137533K [0x0000000600000000, 0x0000000800000000)
  region size 4096K, 11 young (45056K), 2 survivors (8192K)
}
Event: 68.451 {heap After GC invocations=38 (full 0):
 garbage-first heap   total reserved 8388608K, committed 159744K, used 104264K [0x0000000600000000, 0x0000000800000000)
  region size 4096K, 1 young (4096K), 1 survivors (4096K)
}
Event: 69.186 {heap Before GC invocations=39 (full 0):
 garbage-first heap   total reserved 8388608K, committed 180224K, used 132936K [0x0000000600000000, 0x0000000800000000)
  region size 4096K, 9 young (36864K), 1 survivors (4096K)
}
Event: 69.196 {heap After GC invocations=40 (full 0):
 garbage-first heap   total reserved 8388608K, committed 180224K, used 107386K [0x0000000600000000, 0x0000000800000000)
  region size 4096K, 2 young (8192K), 2 survivors (8192K)
}
Event: 70.243 {heap Before GC invocations=40 (full 0):
 garbage-first heap   total reserved 8388608K, committed 180224K, used 148346K [0x0000000600000000, 0x0000000800000000)
  region size 4096K, 13 young (53248K), 2 survivors (8192K)
}
Event: 70.256 {heap After GC invocations=41 (full 0):
 garbage-first heap   total reserved 8388608K, committed 180224K, used 109254K [0x0000000600000000, 0x0000000800000000)
  region size 4096K, 2 young (8192K), 2 survivors (8192K)
}
Event: 71.295 {heap Before GC invocations=41 (full 0):
 garbage-first heap   total reserved 8388608K, committed 180224K, used 158406K [0x0000000600000000, 0x0000000800000000)
  region size 4096K, 14 young (57344K), 2 survivors (8192K)
}
Event: 71.302 {heap After GC invocations=42 (full 0):
 garbage-first heap   total reserved 8388608K, committed 217088K, used 112474K [0x0000000600000000, 0x0000000800000000)
  region size 4096K, 1 young (4096K), 1 survivors (4096K)
}
Event: 73.469 {heap Before GC invocations=43 (full 0):
 garbage-first heap   total reserved 8388608K, committed 217088K, used 186202K [0x0000000600000000, 0x0000000800000000)
  region size 4096K, 19 young (77824K), 1 survivors (4096K)
}
Event: 73.478 {heap After GC invocations=44 (full 0):
 garbage-first heap   total reserved 8388608K, committed 217088K, used 120776K [0x0000000600000000, 0x0000000800000000)
  region size 4096K, 3 young (12288K), 3 survivors (12288K)
}

Metaspace Usage History (20 events):
Event: 62.174 {metaspace Before GC invocations=31 (full 0):
 Metaspace       used 77717K, committed 80064K, reserved 1179648K
  class space    used 9002K, committed 10112K, reserved 1048576K
}
Event: 62.184 {metaspace After GC invocations=32 (full 0):
 Metaspace       used 77717K, committed 80064K, reserved 1179648K
  class space    used 9002K, committed 10112K, reserved 1048576K
}
Event: 63.164 {metaspace Before GC invocations=32 (full 0):
 Metaspace       used 77912K, committed 80256K, reserved 1179648K
  class space    used 9006K, committed 10112K, reserved 1048576K
}
Event: 63.174 {metaspace After GC invocations=33 (full 0):
 Metaspace       used 77912K, committed 80256K, reserved 1179648K
  class space    used 9006K, committed 10112K, reserved 1048576K
}
Event: 63.750 {metaspace Before GC invocations=33 (full 0):
 Metaspace       used 77921K, committed 80256K, reserved 1179648K
  class space    used 9006K, committed 10112K, reserved 1048576K
}
Event: 63.759 {metaspace After GC invocations=34 (full 0):
 Metaspace       used 77921K, committed 80256K, reserved 1179648K
  class space    used 9006K, committed 10112K, reserved 1048576K
}
Event: 65.291 {metaspace Before GC invocations=35 (full 0):
 Metaspace       used 77924K, committed 80256K, reserved 1179648K
  class space    used 9007K, committed 10112K, reserved 1048576K
}
Event: 65.302 {metaspace After GC invocations=36 (full 0):
 Metaspace       used 77924K, committed 80256K, reserved 1179648K
  class space    used 9007K, committed 10112K, reserved 1048576K
}
Event: 67.011 {metaspace Before GC invocations=36 (full 0):
 Metaspace       used 78527K, committed 80896K, reserved 1179648K
  class space    used 9066K, committed 10176K, reserved 1048576K
}
Event: 67.029 {metaspace After GC invocations=37 (full 0):
 Metaspace       used 78527K, committed 80896K, reserved 1179648K
  class space    used 9066K, committed 10176K, reserved 1048576K
}
Event: 68.439 {metaspace Before GC invocations=37 (full 0):
 Metaspace       used 83510K, committed 85888K, reserved 1179648K
  class space    used 9947K, committed 11072K, reserved 1048576K
}
Event: 68.451 {metaspace After GC invocations=38 (full 0):
 Metaspace       used 83510K, committed 85888K, reserved 1179648K
  class space    used 9947K, committed 11072K, reserved 1048576K
}
Event: 69.186 {metaspace Before GC invocations=39 (full 0):
 Metaspace       used 86148K, committed 88512K, reserved 1179648K
  class space    used 10145K, committed 11264K, reserved 1048576K
}
Event: 69.196 {metaspace After GC invocations=40 (full 0):
 Metaspace       used 86148K, committed 88512K, reserved 1179648K
  class space    used 10145K, committed 11264K, reserved 1048576K
}
Event: 70.243 {metaspace Before GC invocations=40 (full 0):
 Metaspace       used 88333K, committed 90752K, reserved 1179648K
  class space    used 10328K, committed 11456K, reserved 1048576K
}
Event: 70.256 {metaspace After GC invocations=41 (full 0):
 Metaspace       used 88333K, committed 90752K, reserved 1179648K
  class space    used 10328K, committed 11456K, reserved 1048576K
}
Event: 71.295 {metaspace Before GC invocations=41 (full 0):
 Metaspace       used 91933K, committed 94336K, reserved 1179648K
  class space    used 10683K, committed 11776K, reserved 1048576K
}
Event: 71.302 {metaspace After GC invocations=42 (full 0):
 Metaspace       used 91933K, committed 94336K, reserved 1179648K
  class space    used 10683K, committed 11776K, reserved 1048576K
}
Event: 73.469 {metaspace Before GC invocations=43 (full 0):
 Metaspace       used 96691K, committed 99072K, reserved 1179648K
  class space    used 11256K, committed 12352K, reserved 1048576K
}
Event: 73.478 {metaspace After GC invocations=44 (full 0):
 Metaspace       used 96691K, committed 99072K, reserved 1179648K
  class space    used 11256K, committed 12352K, reserved 1048576K
}

Dll operation events (15 events):
Event: 0.032 Loaded shared library C:\Program Files\Java\jdk-25\bin\java.dll
Event: 0.433 Loaded shared library C:\Program Files\Java\jdk-25\bin\zip.dll
Event: 0.451 Loaded shared library C:\Program Files\Java\jdk-25\bin\instrument.dll
Event: 0.519 Loaded shared library C:\Program Files\Java\jdk-25\bin\net.dll
Event: 0.525 Loaded shared library C:\Program Files\Java\jdk-25\bin\nio.dll
Event: 0.529 Loaded shared library C:\Program Files\Java\jdk-25\bin\zip.dll
Event: 1.682 Loaded shared library C:\Program Files\Java\jdk-25\bin\jimage.dll
Event: 3.010 Loaded shared library C:\Program Files\Java\jdk-25\bin\verify.dll
Event: 3.088 Loaded shared library C:\Users\Lenovo\.gradle\native\1def1411415f61bf3af743bc5b6707747c0891f09f0c88961ee8f79bc544acac\windows-amd64\native-platform.dll
Event: 3.113 Loaded shared library C:\Users\Lenovo\.gradle\native\0.2.8\x86_64-windows-gnu\gradle-fileevents.dll
Event: 6.900 Loaded shared library C:\Program Files\Java\jdk-25\bin\management.dll
Event: 6.910 Loaded shared library C:\Program Files\Java\jdk-25\bin\management_ext.dll
Event: 7.476 Loaded shared library C:\Program Files\Java\jdk-25\bin\extnet.dll
Event: 7.922 Loaded shared library C:\Program Files\Java\jdk-25\bin\sunmscapi.dll
Event: 35.569 Loaded shared library C:\Program Files\Java\jdk-25\bin\rmi.dll

Deoptimization events (20 events):
Event: 71.537 Thread 0x000002158cf38ea0 DEOPT PACKING pc=0x00000215d9decfee sp=0x0000001679cf4b20
Event: 71.537 Thread 0x000002158cf38ea0 DEOPT UNPACKING pc=0x00000215e99a1702 sp=0x0000001679cf4008 mode 0
Event: 71.608 Thread 0x000002158cf38ea0 Uncommon trap: trap_request=0xffffff5e fr.pc=0x00000215ea239e08 relative=0x0000000000000388
Event: 71.608 Thread 0x000002158cf38ea0 Uncommon trap: reason=speculate_class_check action=maybe_recompile pc=0x00000215ea239e08 method=java.lang.String.<init>(Ljava/lang/AbstractStringBuilder;Ljava/lang/Void;)V @ 10 c2
Event: 71.608 Thread 0x000002158cf38ea0 DEOPT PACKING pc=0x00000215ea239e08 sp=0x0000001679cf4cf0
Event: 71.608 Thread 0x000002158cf38ea0 DEOPT UNPACKING pc=0x00000215e99d9402 sp=0x0000001679cf4cc0 mode 2
Event: 71.621 Thread 0x000002158cf38ea0 Uncommon trap: trap_request=0xffffff5e fr.pc=0x00000215ea239e08 relative=0x0000000000000388
Event: 71.621 Thread 0x000002158cf38ea0 Uncommon trap: reason=speculate_class_check action=maybe_recompile pc=0x00000215ea239e08 method=java.lang.String.<init>(Ljava/lang/AbstractStringBuilder;Ljava/lang/Void;)V @ 10 c2
Event: 71.621 Thread 0x000002158cf38ea0 DEOPT PACKING pc=0x00000215ea239e08 sp=0x0000001679cf45a0
Event: 71.621 Thread 0x000002158cf38ea0 DEOPT UNPACKING pc=0x00000215e99d9402 sp=0x0000001679cf4570 mode 2
Event: 71.802 Thread 0x000002158cf38ea0 DEOPT PACKING pc=0x00000215d9f9c12e sp=0x0000001679cf2a30
Event: 71.802 Thread 0x000002158cf38ea0 DEOPT UNPACKING pc=0x00000215e99a1702 sp=0x0000001679cf1f18 mode 0
Event: 72.560 Thread 0x000002158cf38ea0 DEOPT PACKING pc=0x00000215dace3656 sp=0x0000001679cf3380
Event: 72.560 Thread 0x000002158cf38ea0 DEOPT UNPACKING pc=0x00000215e99a1702 sp=0x0000001679cf2880 mode 0
Event: 73.339 Thread 0x000002158cf38ea0 DEOPT PACKING pc=0x00000215daaff186 sp=0x0000001679cf2450
Event: 73.339 Thread 0x000002158cf38ea0 DEOPT UNPACKING pc=0x00000215e99a1702 sp=0x0000001679cf1a10 mode 0
Event: 73.503 Thread 0x000002158cf38ea0 DEOPT PACKING pc=0x00000215dace3656 sp=0x0000001679cf1b60
Event: 73.503 Thread 0x000002158cf38ea0 DEOPT UNPACKING pc=0x00000215e99a1702 sp=0x0000001679cf1060 mode 0
Event: 73.513 Thread 0x000002158cf38ea0 DEOPT PACKING pc=0x00000215dad27b35 sp=0x0000001679cf23a0
Event: 73.513 Thread 0x000002158cf38ea0 DEOPT UNPACKING pc=0x00000215e99a1702 sp=0x0000001679cf18b8 mode 0

Classes loaded (20 events):
Event: 70.388 Loading class java/util/stream/WhileOps
Event: 70.389 Loading class java/util/stream/WhileOps done
Event: 70.389 Loading class java/util/stream/WhileOps$1Op
Event: 70.390 Loading class java/util/stream/WhileOps$DropWhileOp
Event: 70.390 Loading class java/util/stream/WhileOps$DropWhileOp done
Event: 70.390 Loading class java/util/stream/WhileOps$1Op done
Event: 70.391 Loading class java/util/stream/WhileOps$1Op$1OpSink
Event: 70.391 Loading class java/util/stream/WhileOps$DropWhileSink
Event: 70.391 Loading class java/util/stream/WhileOps$DropWhileSink done
Event: 70.391 Loading class java/util/stream/WhileOps$1Op$1OpSink done
Event: 70.859 Loading class java/security/KeyStore
Event: 70.862 Loading class java/security/KeyStore done
Event: 71.190 Loading class javax/xml/stream/XMLStreamException
Event: 71.190 Loading class javax/xml/stream/XMLStreamException done
Event: 71.398 Loading class java/util/regex/Pattern$Caret
Event: 71.398 Loading class java/util/regex/Pattern$Caret done
Event: 71.398 Loading class java/util/regex/Pattern$Behind
Event: 71.399 Loading class java/util/regex/Pattern$Behind done
Event: 71.399 Loading class java/util/regex/Pattern$Pos
Event: 71.399 Loading class java/util/regex/Pattern$Pos done

Classes unloaded (0 events):
No events

Classes redefined (0 events):
No events

Internal exceptions (20 events):
Event: 71.859 Thread 0x000002158cf38ea0 Exception <a 'java/lang/NoSuchMethodError'{0x000000060b2eb400}: static Lorg/jetbrains/kotlin/gradle/plugin/internal/DefaultProjectDependencyAccessor$Factory;.<clinit>()V> (0x000000060b2eb400) 
thrown [s\open\src\hotspot\share\prims\jni.cpp, line 1106]
Event: 71.863 Thread 0x000002158cf38ea0 Exception <a 'java/lang/NoSuchMethodError'{0x000000060b313d90}: static Lorg/jetbrains/kotlin/gradle/plugin/internal/DefaultMavenPublicationComponentAccessorFactory;.<clinit>()V> (0x000000060b313d90) 
thrown [s\open\src\hotspot\share\prims\jni.cpp, line 1106]
Event: 71.865 Thread 0x000002158cf38ea0 Exception <a 'java/lang/NoSuchMethodError'{0x000000060b332e70}: static Lorg/jetbrains/kotlin/gradle/plugin/diagnostics/DefaultProblemsReporter$Factory;.<clinit>()V> (0x000000060b332e70) 
thrown [s\open\src\hotspot\share\prims\jni.cpp, line 1106]
Event: 71.867 Thread 0x000002158cf38ea0 Exception <a 'java/lang/NoSuchMethodError'{0x000000060b3575c8}: static Lorg/jetbrains/kotlin/gradle/plugin/internal/DefaultCompatibilityConventionRegistrar$Factory;.<clinit>()V> (0x000000060b3575c8) 
thrown [s\open\src\hotspot\share\prims\jni.cpp, line 1106]
Event: 71.868 Thread 0x000002158cf38ea0 Exception <a 'java/lang/NoSuchMethodError'{0x000000060b375f00}: static Lorg/jetbrains/kotlin/gradle/plugin/internal/DefaultConfigurationCacheStartParameterAccessorVariantFactory;.<clinit>()V> (0x000000060b375f00) 
thrown [s\open\src\hotspot\share\prims\jni.cpp, line 1106]
Event: 71.869 Thread 0x000002158cf38ea0 Exception <a 'java/lang/NoSuchMethodError'{0x000000060b39afa8}: static Lorg/jetbrains/kotlin/gradle/plugin/internal/DefaultBuildIdentifierAccessor$Factory;.<clinit>()V> (0x000000060b39afa8) 
thrown [s\open\src\hotspot\share\prims\jni.cpp, line 1106]
Event: 72.407 Thread 0x000002158cf38ea0 Exception <a 'java/lang/NoSuchMethodError'{0x0000000609c314e8}: static Ljava/lang/Object;.<clinit>()V> (0x0000000609c314e8) 
thrown [s\open\src\hotspot\share\prims\jni.cpp, line 1106]
Event: 72.414 Thread 0x000002158cf38ea0 Exception <a 'java/lang/NoSuchMethodError'{0x0000000609c7ff58}: static Lorg/jetbrains/kotlin/gradle/plugin/statistics/MetricContainer;.<clinit>()V> (0x0000000609c7ff58) 
thrown [s\open\src\hotspot\share\prims\jni.cpp, line 1106]
Event: 75.568 Thread 0x000002158cf38ea0 Exception <a 'java/lang/ClassNotFoundException'{0x00000007fff2d068}: org/jetbrains/kotlin/gradle/targets/js/npm/DefaultNpmDependencyExtensionBeanInfo> (0x00000007fff2d068) 
thrown [s\open\src\hotspot\share\classfile\systemDictionary.cpp, line 327]
Event: 75.569 Thread 0x000002158cf38ea0 Exception <a 'java/lang/ClassNotFoundException'{0x00000007fff37a00}: org/jetbrains/kotlin/gradle/targets/js/npm/DefaultNpmDependencyExtensionCustomizer> (0x00000007fff37a00) 
thrown [s\open\src\hotspot\share\classfile\systemDictionary.cpp, line 327]
Event: 75.579 Thread 0x000002158cf38ea0 Exception <a 'java/lang/ClassNotFoundException'{0x00000007fffbaeb0}: org/jetbrains/kotlin/gradle/targets/js/npm/NpmDependencyExtensionKt$defaultNpmDependencyDelegate$1BeanInfo> (0x00000007fffbaeb0) 
thrown [s\open\src\hotspot\share\classfile\systemDictionary.cpp, line 327]
Event: 75.579 Thread 0x000002158cf38ea0 Exception <a 'java/lang/ClassNotFoundException'{0x00000007fffc6350}: org/jetbrains/kotlin/gradle/targets/js/npm/NpmDependencyExtensionDelegateBeanInfo> (0x00000007fffc6350) 
thrown [s\open\src\hotspot\share\classfile\systemDictionary.cpp, line 327]
Event: 75.579 Thread 0x000002158cf38ea0 Exception <a 'java/lang/ClassNotFoundException'{0x00000007fffd0fa8}: org/jetbrains/kotlin/gradle/targets/js/npm/NpmDependencyExtensionDelegateCustomizer> (0x00000007fffd0fa8) 
thrown [s\open\src\hotspot\share\classfile\systemDictionary.cpp, line 327]
Event: 75.580 Thread 0x000002158cf38ea0 Exception <a 'java/lang/ClassNotFoundException'{0x00000007fec08648}: org/jetbrains/kotlin/gradle/targets/js/npm/NpmDependencyExtensionKt$defaultNpmDependencyDelegate$1Customizer> (0x00000007fec08648) 
thrown [s\open\src\hotspot\share\classfile\systemDictionary.cpp, line 327]
Event: 75.585 Thread 0x000002158cf38ea0 Exception <a 'java/lang/ClassNotFoundException'{0x00000007fec3a808}: org/jetbrains/kotlin/gradle/targets/js/npm/DefaultDevNpmDependencyExtensionBeanInfo> (0x00000007fec3a808) 
thrown [s\open\src\hotspot\share\classfile\systemDictionary.cpp, line 327]
Event: 75.585 Thread 0x000002158cf38ea0 Exception <a 'java/lang/ClassNotFoundException'{0x00000007fec451b0}: org/jetbrains/kotlin/gradle/targets/js/npm/DefaultDevNpmDependencyExtensionCustomizer> (0x00000007fec451b0) 
thrown [s\open\src\hotspot\share\classfile\systemDictionary.cpp, line 327]
Event: 75.588 Thread 0x000002158cf38ea0 Exception <a 'java/lang/ClassNotFoundException'{0x00000007fec83ed8}: org/jetbrains/kotlin/gradle/targets/js/npm/DefaultPeerNpmDependencyExtensionBeanInfo> (0x00000007fec83ed8) 
thrown [s\open\src\hotspot\share\classfile\systemDictionary.cpp, line 327]
Event: 75.588 Thread 0x000002158cf38ea0 Exception <a 'java/lang/ClassNotFoundException'{0x00000007fec8e888}: org/jetbrains/kotlin/gradle/targets/js/npm/DefaultPeerNpmDependencyExtensionCustomizer> (0x00000007fec8e888) 
thrown [s\open\src\hotspot\share\classfile\systemDictionary.cpp, line 327]
Event: 75.590 Thread 0x000002158cf38ea0 Exception <a 'java/lang/ClassNotFoundException'{0x00000007fecd0b58}: org/jetbrains/kotlin/gradle/targets/js/npm/DefaultPeerNpmDependencyExtension$delegate$1BeanInfo> (0x00000007fecd0b58) 
thrown [s\open\src\hotspot\share\classfile\systemDictionary.cpp, line 327]
Event: 75.591 Thread 0x000002158cf38ea0 Exception <a 'java/lang/ClassNotFoundException'{0x00000007fecdb580}: org/jetbrains/kotlin/gradle/targets/js/npm/DefaultPeerNpmDependencyExtension$delegate$1Customizer> (0x00000007fecdb580) 
thrown [s\open\src\hotspot\share\classfile\systemDictionary.cpp, line 327]

VM Operations (20 events):
Event: 67.802 Executing non-safepoint VM operation: HandshakeAllThreads (Deoptimize)
Event: 67.802 Executing non-safepoint VM operation: HandshakeAllThreads (Deoptimize) done
Event: 68.439 Executing safepoint VM operation: G1CollectForAllocation (G1 Evacuation Pause)
Event: 68.451 Executing safepoint VM operation: G1CollectForAllocation (G1 Evacuation Pause) done
Event: 68.608 Executing safepoint VM operation: G1PauseRemark
Event: 68.617 Executing safepoint VM operation: G1PauseRemark done
Event: 68.669 Executing safepoint VM operation: G1PauseCleanup
Event: 68.669 Executing safepoint VM operation: G1PauseCleanup done
Event: 69.186 Executing safepoint VM operation: G1CollectForAllocation (G1 Evacuation Pause)
Event: 69.196 Executing safepoint VM operation: G1CollectForAllocation (G1 Evacuation Pause) done
Event: 70.243 Executing safepoint VM operation: G1CollectForAllocation (G1 Evacuation Pause)
Event: 70.256 Executing safepoint VM operation: G1CollectForAllocation (G1 Evacuation Pause) done
Event: 71.294 Executing safepoint VM operation: G1CollectForAllocation (G1 Evacuation Pause)
Event: 71.302 Executing safepoint VM operation: G1CollectForAllocation (G1 Evacuation Pause) done
Event: 71.482 Executing safepoint VM operation: G1PauseRemark
Event: 71.489 Executing safepoint VM operation: G1PauseRemark done
Event: 71.559 Executing safepoint VM operation: G1PauseCleanup
Event: 71.559 Executing safepoint VM operation: G1PauseCleanup done
Event: 73.468 Executing safepoint VM operation: G1CollectForAllocation (G1 Evacuation Pause)
Event: 73.478 Executing safepoint VM operation: G1CollectForAllocation (G1 Evacuation Pause) done

Memory protections (0 events):
No events

Nmethod flushes (20 events):
Event: 71.488 Thread 0x00000215fbfc8720 flushing  nmethod 0x00000215da6ca008
Event: 71.488 Thread 0x00000215fbfc8720 flushing  nmethod 0x00000215da70e208
Event: 71.488 Thread 0x00000215fbfc8720 flushing  nmethod 0x00000215da70e908
Event: 71.488 Thread 0x00000215fbfc8720 flushing  nmethod 0x00000215da73c908
Event: 71.488 Thread 0x00000215fbfc8720 flushing  nmethod 0x00000215da76f608
Event: 71.488 Thread 0x00000215fbfc8720 flushing  nmethod 0x00000215da7a0088
Event: 71.488 Thread 0x00000215fbfc8720 flushing  nmethod 0x00000215da7a2088
Event: 71.488 Thread 0x00000215fbfc8720 flushing  nmethod 0x00000215da883788
Event: 71.488 Thread 0x00000215fbfc8720 flushing  nmethod 0x00000215da8ac608
Event: 71.488 Thread 0x00000215fbfc8720 flushing  nmethod 0x00000215da8b0288
Event: 71.488 Thread 0x00000215fbfc8720 flushing  nmethod 0x00000215da93c888
Event: 71.488 Thread 0x00000215fbfc8720 flushing  nmethod 0x00000215da99c308
Event: 71.488 Thread 0x00000215fbfc8720 flushing  nmethod 0x00000215daa42008
Event: 71.488 Thread 0x00000215fbfc8720 flushing  nmethod 0x00000215daa65088
Event: 71.488 Thread 0x00000215fbfc8720 flushing  nmethod 0x00000215daa66688
Event: 71.488 Thread 0x00000215fbfc8720 flushing  nmethod 0x00000215daa9a508
Event: 71.488 Thread 0x00000215fbfc8720 flushing  nmethod 0x00000215dabe9f88
Event: 71.488 Thread 0x00000215fbfc8720 flushing  nmethod 0x00000215dacbfb88
Event: 71.488 Thread 0x00000215fbfc8720 flushing  nmethod 0x00000215dad15988
Event: 71.488 Thread 0x00000215fbfc8720 flushing  nmethod 0x00000215dad17588

Events (20 events):
Event: 33.745 Thread 0x000002158fd761d0 Thread added: 0x00000215905390f0
Event: 35.248 Thread 0x00000215905390f0 Thread exited: 0x00000215905390f0
Event: 35.562 Thread 0x000002158fd761d0 Thread added: 0x00000215905390f0
Event: 35.567 Thread 0x000002158fd761d0 Thread added: 0x000002159053b030
Event: 35.570 Thread 0x000002158fd761d0 Thread added: 0x000002159053a860
Event: 35.662 Thread 0x000002158fd761d0 Thread added: 0x000002159053c7a0
Event: 35.662 Thread 0x000002158fd761d0 Thread added: 0x000002159053cf70
Event: 35.799 Thread 0x000002159053c7a0 Thread added: 0x000002159053eeb0
Event: 61.723 Thread 0x000002158cf38ea0 Thread added: 0x000002158edfdd60
Event: 61.726 Thread 0x000002158cf38ea0 Thread added: 0x000002158edfe530
Event: 61.727 Thread 0x000002158cf38ea0 Thread added: 0x000002158edfd590
Event: 62.197 Thread 0x000002158cf38ea0 Thread added: 0x000002158edfcdc0
Event: 62.198 Thread 0x000002159053b030 Thread exited: 0x000002159053b030
Event: 62.206 Thread 0x000002158cf38ea0 Thread added: 0x000002158ee02b80
Event: 62.218 Thread 0x000002158cf38ea0 Thread added: 0x000002158ee00470
Event: 62.875 Thread 0x000002158cf38ea0 Thread added: 0x000002158ee042f0
Event: 62.876 Thread 0x000002158cf38ea0 Thread added: 0x000002158ee01410
Event: 62.876 Thread 0x000002158cf38ea0 Thread added: 0x000002158ee05290
Event: 71.840 Thread 0x000002158cf38ea0 Thread added: 0x000002158ee0a0b0
Event: 72.436 Thread 0x000002158cf38ea0 Thread added: 0x000002159053b030


Dynamic libraries:
0x00007ff7e90c0000 - 0x00007ff7e90d0000 	C:\Program Files\Java\jdk-25\bin\java.exe
0x00007ff9348e0000 - 0x00007ff934b46000 	C:\WINDOWS\SYSTEM32\ntdll.dll
0x00007ff8f8400000 - 0x00007ff8f8421000 	C:\Program Files\AVG\Antivirus\aswhook.dll
0x00007ff934640000 - 0x00007ff934709000 	C:\WINDOWS\System32\KERNEL32.DLL
0x00007ff932200000 - 0x00007ff9325ff000 	C:\WINDOWS\System32\KERNELBASE.dll
0x00007ff931f40000 - 0x00007ff93208c000 	C:\WINDOWS\System32\ucrtbase.dll
0x00007ff920970000 - 0x00007ff92098e000 	C:\Program Files\Java\jdk-25\bin\VCRUNTIME140.dll
0x00007ff920990000 - 0x00007ff9209a7000 	C:\Program Files\Java\jdk-25\bin\jli.dll
0x00007ff932e40000 - 0x00007ff933006000 	C:\WINDOWS\System32\USER32.dll
0x00007ff9121e0000 - 0x00007ff912471000 	C:\WINDOWS\WinSxS\amd64_microsoft.windows.common-controls_6595b64144ccf1df_6.0.26100.8972_none_3e0da176e32f9d4b\COMCTL32.dll
0x00007ff9321d0000 - 0x00007ff9321f7000 	C:\WINDOWS\System32\win32u.dll
0x00007ff933010000 - 0x00007ff9330b9000 	C:\WINDOWS\System32\msvcrt.dll
0x00007ff934210000 - 0x00007ff93423b000 	C:\WINDOWS\System32\GDI32.dll
0x00007ff9320a0000 - 0x00007ff9321c9000 	C:\WINDOWS\System32\gdi32full.dll
0x00007ff931d00000 - 0x00007ff931da3000 	C:\WINDOWS\System32\msvcp_win.dll
0x00007ff9327a0000 - 0x00007ff9327d2000 	C:\WINDOWS\System32\IMM32.DLL
0x00007ff92a980000 - 0x00007ff92a98c000 	C:\Program Files\Java\jdk-25\bin\vcruntime140_1.dll
0x00007ff904cd0000 - 0x00007ff904d5d000 	C:\Program Files\Java\jdk-25\bin\msvcp140.dll
0x00007ff84f6e0000 - 0x00007ff85053f000 	C:\Program Files\Java\jdk-25\bin\server\jvm.dll
0x00007ff9347d0000 - 0x00007ff93488c000 	C:\WINDOWS\System32\ADVAPI32.dll
0x00007ff9330e0000 - 0x00007ff933189000 	C:\WINDOWS\System32\sechost.dll
0x00007ff933f10000 - 0x00007ff934028000 	C:\WINDOWS\System32\RPCRT4.dll
0x00007ff933d30000 - 0x00007ff933db2000 	C:\WINDOWS\System32\WS2_32.dll
0x00007ff929600000 - 0x00007ff929636000 	C:\WINDOWS\SYSTEM32\WINMM.dll
0x00007ff929640000 - 0x00007ff92964b000 	C:\WINDOWS\SYSTEM32\VERSION.dll
0x00007ff931950000 - 0x00007ff9319ae000 	C:\WINDOWS\SYSTEM32\POWRPROF.dll
0x00007ff931930000 - 0x00007ff931945000 	C:\WINDOWS\SYSTEM32\UMPDC.dll
0x00007ff9307a0000 - 0x00007ff9307bb000 	C:\WINDOWS\SYSTEM32\kernel.appcore.dll
0x00007ff92a960000 - 0x00007ff92a96a000 	C:\Program Files\Java\jdk-25\bin\jimage.dll
0x00007ff92fbc0000 - 0x00007ff92fe02000 	C:\WINDOWS\SYSTEM32\DBGHELP.DLL
0x00007ff9339a0000 - 0x00007ff933d25000 	C:\WINDOWS\System32\combase.dll
0x00007ff933df0000 - 0x00007ff933ec9000 	C:\WINDOWS\System32\OLEAUT32.dll
0x00007ff923b80000 - 0x00007ff923bbb000 	C:\WINDOWS\SYSTEM32\dbgcore.DLL
0x00007ff931af0000 - 0x00007ff931b9c000 	C:\WINDOWS\System32\bcryptPrimitives.dll
0x00007ff920960000 - 0x00007ff920970000 	C:\Program Files\Java\jdk-25\bin\instrument.dll
0x00007ff920940000 - 0x00007ff92095f000 	C:\Program Files\Java\jdk-25\bin\java.dll
0x00007ff934250000 - 0x00007ff9343e9000 	C:\WINDOWS\System32\ole32.dll
0x00007ff933190000 - 0x00007ff933918000 	C:\WINDOWS\System32\SHELL32.dll
0x00007ff92f320000 - 0x00007ff92fbbb000 	C:\WINDOWS\SYSTEM32\windows.storage.dll
0x00007ff932610000 - 0x00007ff932709000 	C:\WINDOWS\System32\SHCORE.dll
0x00007ff934580000 - 0x00007ff9345e6000 	C:\WINDOWS\System32\shlwapi.dll
0x00007ff931a10000 - 0x00007ff931a39000 	C:\WINDOWS\SYSTEM32\profapi.dll
0x00007ff909120000 - 0x00007ff909137000 	C:\Program Files\Java\jdk-25\bin\zip.dll
0x00007ff906dd0000 - 0x00007ff906de2000 	C:\Program Files\Java\jdk-25\bin\net.dll
0x00007ff930d30000 - 0x00007ff930d9c000 	C:\WINDOWS\system32\mswsock.dll
0x00007ff906c00000 - 0x00007ff906c16000 	C:\Program Files\Java\jdk-25\bin\nio.dll
0x00007ff920930000 - 0x00007ff920940000 	C:\Program Files\Java\jdk-25\bin\verify.dll
0x00007ff85f420000 - 0x00007ff85f447000 	C:\Users\Lenovo\.gradle\native\1def1411415f61bf3af743bc5b6707747c0891f09f0c88961ee8f79bc544acac\windows-amd64\native-platform.dll
0x00007ff920a00000 - 0x00007ff920a77000 	C:\Users\Lenovo\.gradle\native\0.2.8\x86_64-windows-gnu\gradle-fileevents.dll
0x00007ff9126b0000 - 0x00007ff9126ba000 	C:\Program Files\Java\jdk-25\bin\management.dll
0x00007ff90a5e0000 - 0x00007ff90a5ec000 	C:\Program Files\Java\jdk-25\bin\management_ext.dll
0x00007ff933f00000 - 0x00007ff933f08000 	C:\WINDOWS\System32\PSAPI.DLL
0x00007ff930150000 - 0x00007ff930183000 	C:\WINDOWS\SYSTEM32\IPHLPAPI.DLL
0x00007ff934240000 - 0x00007ff93424a000 	C:\WINDOWS\System32\NSI.dll
0x00007ff9209f0000 - 0x00007ff9209f9000 	C:\Program Files\Java\jdk-25\bin\extnet.dll
0x00007ff931150000 - 0x00007ff93116b000 	C:\WINDOWS\SYSTEM32\CRYPTSP.dll
0x00007ff930700000 - 0x00007ff930739000 	C:\WINDOWS\system32\rsaenh.dll
0x00007ff930de0000 - 0x00007ff930e12000 	C:\WINDOWS\SYSTEM32\USERENV.dll
0x00007ff9319e0000 - 0x00007ff931a0a000 	C:\WINDOWS\SYSTEM32\bcrypt.dll
0x00007ff930f90000 - 0x00007ff930f9c000 	C:\WINDOWS\SYSTEM32\CRYPTBASE.dll
0x00007ff9209e0000 - 0x00007ff9209ee000 	C:\Program Files\Java\jdk-25\bin\sunmscapi.dll
0x00007ff931db0000 - 0x00007ff931f2e000 	C:\WINDOWS\System32\CRYPT32.dll
0x00007ff9312c0000 - 0x00007ff9312f0000 	C:\WINDOWS\SYSTEM32\ncrypt.dll
0x00007ff931270000 - 0x00007ff9312af000 	C:\WINDOWS\SYSTEM32\NTASN1.dll
0x00007ff8f8380000 - 0x00007ff8f8388000 	C:\WINDOWS\system32\wshunix.dll
0x00007ff92a990000 - 0x00007ff92a997000 	C:\Program Files\Java\jdk-25\bin\rmi.dll

JVMTI agents:
C:\Users\Lenovo\.gradle\wrapper\dists\gradle-9.1.0-all\7wzd0jkjit61aq2p43wpjgij9\gradle-9.1.0\lib\agents\gradle-instrumentation-agent-9.1.0.jar path:C:\Program Files\Java\jdk-25\bin\instrument.dll, loaded, initialized, instrumentlib options:none

dbghelp: loaded successfully - version: 4.0.5 - missing functions: none
symbol engine: initialized successfully - sym options: 0x614 - pdb path: .;C:\Program Files\Java\jdk-25\bin;C:\WINDOWS\SYSTEM32;C:\Program Files\AVG\Antivirus;C:\WINDOWS\WinSxS\amd64_microsoft.windows.common-controls_6595b64144ccf1df_6.0.26100.8972_none_3e0da176e32f9d4b;C:\Program Files\Java\jdk-25\bin\server;C:\Users\Lenovo\.gradle\native\1def1411415f61bf3af743bc5b6707747c0891f09f0c88961ee8f79bc544acac\windows-amd64;C:\Users\Lenovo\.gradle\native\0.2.8\x86_64-windows-gnu

VM Arguments:
jvm_args: --add-opens=java.base/java.lang=ALL-UNNAMED --add-opens=java.base/java.lang.invoke=ALL-UNNAMED --add-opens=java.base/java.util=ALL-UNNAMED --add-opens=java.prefs/java.util.prefs=ALL-UNNAMED --add-exports=jdk.compiler/com.sun.tools.javac.api=ALL-UNNAMED --add-exports=jdk.compiler/com.sun.tools.javac.util=ALL-UNNAMED --add-opens=java.base/java.util=ALL-UNNAMED --add-opens=java.prefs/java.util.prefs=ALL-UNNAMED --add-opens=java.base/java.nio.charset=ALL-UNNAMED --add-opens=java.base/java.net=ALL-UNNAMED --add-opens=java.base/java.util.concurrent=ALL-UNNAMED --add-opens=java.base/java.util.concurrent.atomic=ALL-UNNAMED --add-opens=java.xml/javax.xml.namespace=ALL-UNNAMED --add-opens=java.base/java.time=ALL-UNNAMED --enable-native-access=ALL-UNNAMED -XX:MaxMetaspaceSize=4G -XX:ReservedCodeCacheSize=512m -XX:+HeapDumpOnOutOfMemoryError -Xmx8G -Dfile.encoding=UTF-8 -Duser.country=FR -Duser.language=fr -Duser.variant -javaagent:C:\Users\Lenovo\.gradle\wrapper\dists\gradle-9.1.0-all\7wzd0jkjit61aq2p43wpjgij9\gradle-9.1.0\lib\agents\gradle-instrumentation-agent-9.1.0.jar 
java_command: org.gradle.launcher.daemon.bootstrap.GradleDaemon 9.1.0
java_class_path (initial): C:\Users\Lenovo\.gradle\wrapper\dists\gradle-9.1.0-all\7wzd0jkjit61aq2p43wpjgij9\gradle-9.1.0\lib\gradle-daemon-main-9.1.0.jar
Launcher Type: SUN_STANDARD

[Global flags]
     intx CICompilerCount                          = 3                                         {product} {ergonomic}
     uint ConcGCThreads                            = 1                                         {product} {ergonomic}
     uint G1ConcRefinementThreads                  = 4                                         {product} {ergonomic}
   size_t G1HeapRegionSize                         = 4194304                                   {product} {ergonomic}
     bool HeapDumpOnOutOfMemoryError               = true                                   {manageable} {command line}
   size_t InitialHeapSize                          = 125829120                                 {product} {ergonomic}
   size_t MarkStackSize                            = 4194304                                   {product} {ergonomic}
   size_t MarkStackSizeMax                         = 536870912                                 {product} {ergonomic}
   size_t MaxHeapSize                              = 8589934592                                {product} {command line}
   size_t MaxMetaspaceSize                         = 4294967296                                {product} {command line}
   size_t MaxNewSize                               = 5150605312                                {product} {ergonomic}
   size_t MinHeapDeltaBytes                        = 4194304                                   {product} {ergonomic}
   size_t MinHeapSize                              = 8388608                                   {product} {ergonomic}
    uintx NonNMethodCodeHeapSize                   = 5832704                                {pd product} {ergonomic}
    uintx NonProfiledCodeHeapSize                  = 265551872                              {pd product} {ergonomic}
    uintx ProfiledCodeHeapSize                     = 265486336                              {pd product} {ergonomic}
    uintx ReservedCodeCacheSize                    = 536870912                              {pd product} {command line, ergonomic}
     bool SegmentedCodeCache                       = true                                      {product} {ergonomic}
   size_t SoftMaxHeapSize                          = 8589934592                             {manageable} {ergonomic}
     bool UseCompressedOops                        = true                           {product lp64_product} {ergonomic}
     bool UseG1GC                                  = true                                      {product} {ergonomic}
     bool UseLargePagesIndividualAllocation        = false                                  {pd product} {ergonomic}

Logging:
Log output configuration:
 #0: stdout all=warning uptime,level,tags foldmultilines=false
 #1: stderr all=off uptime,level,tags foldmultilines=false

Release file:
IMPLEMENTOR="Oracle Corporation" 
JAVA_RUNTIME_VERSION="25.0.1+8-LTS-27" 
JAVA_VERSION="25.0.1" 
JAVA_VERSION_DATE="2025-10-21" 
LIBC="default" 
MODULES="java.base java.compiler java.datatransfer java.xml java.prefs java.desktop java.instrument java.logging java.management java.security.sasl java.naming java.rmi java.management.rmi java.net.http java.scripting java.security.jgss java.transaction.xa java.sql java.sql.rowset java.xml.crypto java.se java.smartcardio jdk.accessibility jdk.internal.jvmstat jdk.attach jdk.charsets jdk.internal.opt jdk.zipfs jdk.compiler jdk.crypto.cryptoki jdk.crypto.ec jdk.crypto.mscapi jdk.dynalink jdk.internal.ed jdk.editpad jdk.internal.vm.ci jdk.graal.compiler jdk.graal.compiler.management jdk.hotspot.agent jdk.httpserver jdk.incubator.vector jdk.internal.le jdk.internal.md jdk.jartool jdk.javadoc jdk.jcmd jdk.management jdk.management.agent jdk.jconsole jdk.jdeps jdk.jdwp.agent jdk.jdi jdk.jfr jdk.jlink jdk.jpackage jdk.jshell jdk.jsobject jdk.jstatd jdk.localedata jdk.management.jfr jdk.naming.dns jdk.naming.rmi jdk.net jdk.nio.mapmode jdk.sctp jdk.security.auth jdk.security.jgss jdk.unsupported jdk.unsupported.desktop jdk.xml.dom" 
OS_ARCH="x86_64" 
OS_NAME="Windows" 
SOURCE=".:git:862c85bc42b7 open:git:78770bfaefd2" 

Environment Variables:
JAVA_HOME=C:\Program Files\Android\Android Studio1\jbr
PATH=C:\Program Files\ImageMagick-7.1.2-Q16-HDRI;C:\Program Files\Common Files\Oracle\Java\javapath;C:\WINDOWS\system32;C:\WINDOWS;C:\WINDOWS\System32\Wbem;C:\WINDOWS\System32\WindowsPowerShell\v1.0\;C:\WINDOWS\System32\OpenSSH\;C:\Program Files\Java\jdk-25;C:\Program Files\Java\jdk-25\bin;C:\xamppe\mysql\bin;C:\xamppe\php;C:\Program Files\Git\cmd;C:\Program Files\nodejs\;C:\xampp\mysql\bin;C:\Program Files\dotnet\;C:\ffmpeg\bin;C:\Android\Sdk\platform-tools;C:\Android\Sdk\cmdline-tools\latest\bin;C:\Program Files\ImageMagick-7.1.2-Q16-HDRI;C:\Program Files\Common Files\Oracle\Java\javapath;C:\WINDOWS\system32;C:\WINDOWS;C:\WINDOWS\System32\Wbem;C:\WINDOWS\System32\WindowsPowerShell\v1.0\;C:\WINDOWS\System32\OpenSSH\;C:\Program Files\Java\jdk-25;C:\Program Files\Java\jdk-25\bin;C:\xamppe\mysql\bin;C:\xamppe\php;C:\Program Files\Git\cmd;C:\Program Files\nodejs\;C:\xampp\mysql\bin;C:\Program Files\dotnet\;C:\ffmpeg\bin;C:\Android\Sdk\platform-tools;C:\Android\Sdk\cmdline-tools\latest\bin;C:\Users\Lenovo\AppData\Local\Programs\Python\Python311\Scripts\;C:\Users\Lenovo\AppData\Local\Programs\Python\Python311\;C:\Users\Lenovo\AppData\Local\Programs\Python\Python312\Scripts\;C:\Users\Lenovo\AppData\Local\Programs\Python\Python312\;C:\Users\Lenovo\AppData\Local\Programs\Python\Python315\Scripts\;C:\Users\Lenovo\AppData\Local\Programs\Python\Python315\;C:\Users\Lenovo\AppData\Local\Programs\Python\Launcher\;C:\Users\Lenovo\AppData\Local\Microsoft\WindowsApps;C:\Users\Lenovo\AppData\Local\Programs\Microsoft VS;C:\flutter\bin;C:\Users\Lenovo\AppData\Local\Programs\Microsoft VS Code\bin
USERNAME=Lenovo
OS=Windows_NT
PROCESSOR_IDENTIFIER=AMD64 Family 23 Model 96 Stepping 1, AuthenticAMD
TMP=C:\Users\Lenovo\AppData\Local\Temp
TEMP=C:\Users\Lenovo\AppData\Local\Temp




Compilation memory statistics disabled.

Periodic native trim disabled

---------------  S Y S T E M  ---------------

OS:
 Windows 11 , 64 bit Build 26100 (10.0.26100.8972)
OS uptime: 2 days 19:18 hours
Hyper-V role detected

CPU: total 4 (initial active 4) (4 cores per cpu, 1 threads per core) family 23 model 96 stepping 1 microcode 0x860010f, cx8, cmov, fxsr, mmx, 3dnowpref, sse, sse2, sse3, ssse3, sse4a, sse4.1, sse4.2, popcnt, lzcnt, tsc, tscinvbit, avx, avx2, aes, clmul, bmi1, bmi2, adx, sha, fma, vzeroupper, clflush, clflushopt, clwb, hv, rdtscp, rdpid, f16c
Processor Information for the first 4 processors :
  Max Mhz: 2700, Current Mhz: 2700, Mhz Limit: 2700

Memory: 4k page, system-wide physical 7544M (170M free)
TotalPageFile size 31096M (AvailPageFile size 3M)
current process WorkingSet (physical memory assigned to process): 412M, peak: 412M
current process commit charge ("private bytes"): 506M, peak: 506M

vm_info: Java HotSpot(TM) 64-Bit Server VM (25.0.1+8-LTS-27) for windows-amd64 JRE (25.0.1+8-LTS-27), built on 2025-09-25T16:41:16Z with unknown MS VC++:1943

END.
