#
# There is insufficient memory for the Java Runtime Environment to continue.
# Native memory allocation (malloc) failed to allocate 2974424 bytes. Error detail: Chunk::new
# Possible reasons:
#   The system is out of physical RAM or swap space
#   This process is running with CompressedOops enabled, and the Java Heap may be blocking the growth of the native heap
# Possible solutions:
#   Reduce memory load on the system
#   Increase physical memory or swap space
#   Check if swap backing store is full
#   Decrease Java heap size (-Xmx/-Xms)
#   Decrease number of Java threads
#   Decrease Java thread stack sizes (-Xss)
#   Set larger code cache with -XX:ReservedCodeCacheSize=
#   JVM is running with Unscaled Compressed Oops mode in which the Java heap is
#     placed in the first 4GB address space. The Java Heap base address is the
#     maximum limit for the native heap growth. Please use -XX:HeapBaseMinAddress
#     to set the Java Heap base and to place the Java Heap above 4GB virtual address.
# This output file may be truncated or incomplete.
#
#  Out of Memory Error (arena.cpp:186), pid=27688, tid=22092
#
# JRE version: Java(TM) SE Runtime Environment (25.0.1+8) (build 25.0.1+8-LTS-27)
# Java VM: Java HotSpot(TM) 64-Bit Server VM (25.0.1+8-LTS-27, mixed mode, sharing, tiered, compressed oops, compressed class ptrs, g1 gc, windows-amd64)
# No core dump will be written. Minidumps are not enabled by default on client versions of Windows
#

---------------  S U M M A R Y ------------

Command Line: org.jetbrains.kotlin.cli.jvm.K2JVMCompiler @C:\flutter\packages\flutter_tools\gradle\build\20261004_13838486853042931601.compiler.options

Host: AMD Ryzen 3 4300U with Radeon Graphics         , 4 cores, 7G,  Windows 11 , 64 bit Build 26100 (10.0.26100.8972)
Time: Sun Oct  4 19:48:08 2026 Greenwich elapsed time: 21.677228 seconds (0d 0h 0m 21s)

---------------  T H R E A D  ---------------

Current thread (0x0000015a11374880):  JavaThread "C2 CompilerThread0" daemon [_thread_in_native, id=22092, stack(0x00000041fc100000,0x00000041fc200000) (1024K)]


Current CompileTask:
C2:21677 10768       4       org.jetbrains.kotlin.metadata.ProtoBuf$Type::isInitialized (145 bytes)

Stack: [0x00000041fc100000,0x00000041fc200000]
Native frames: (J=compiled Java code, j=interpreted, Vv=VM code, C=native code)
V  [jvm.dll+0x7a6b59]  (no source info available)
V  [jvm.dll+0x77290d]  (no source info available)
V  [jvm.dll+0x966153]  (no source info available)
V  [jvm.dll+0x968751]  (no source info available)
V  [jvm.dll+0x968e53]  (no source info available)
V  [jvm.dll+0x2fc756]  (no source info available)
V  [jvm.dll+0x111b26]  (no source info available)
V  [jvm.dll+0x111e4e]  (no source info available)
V  [jvm.dll+0x1a0a22]  (no source info available)
V  [jvm.dll+0x3b53c2]  (no source info available)
V  [jvm.dll+0x7ac4ef]  (no source info available)
V  [jvm.dll+0x2c0ac7]  (no source info available)
V  [jvm.dll+0x2bfa8f]  (no source info available)
V  [jvm.dll+0x237b60]  (no source info available)
V  [jvm.dll+0x2cfb56]  (no source info available)
V  [jvm.dll+0x2cddd5]  (no source info available)
V  [jvm.dll+0x48e6d1]  (no source info available)
V  [jvm.dll+0x906a0d]  (no source info available)
V  [jvm.dll+0x7a5135]  (no source info available)
C  [ucrtbase.dll+0x2cd30]  (no source info available)
C  [KERNEL32.DLL+0x2ccb7]  (no source info available)
C  [ntdll.dll+0xaad6c]  (no source info available)

Lock stack of current Java thread (top to bottom):


---------------  P R O C E S S  ---------------

Threads class SMR info:
_java_thread_list=0x0000015a171da860, length=12, elements={
0x0000015a73257620, 0x0000015a11363f00, 0x0000015a11365bb0, 0x0000015a11367e70,
0x0000015a11368a30, 0x0000015a1136c130, 0x0000015a1136d970, 0x0000015a11374880,
0x0000015a113f2ab0, 0x0000015a114357e0, 0x0000015a11444250, 0x0000015a1772e640
}

Java Threads: ( => current thread )
  0x0000015a73257620 JavaThread "main"                              [_thread_blocked, id=13192, stack(0x00000041fb300000,0x00000041fb400000) (1024K)]
  0x0000015a11363f00 JavaThread "Reference Handler"          daemon [_thread_blocked, id=19988, stack(0x00000041fbb00000,0x00000041fbc00000) (1024K)]
  0x0000015a11365bb0 JavaThread "Finalizer"                  daemon [_thread_blocked, id=15464, stack(0x00000041fbc00000,0x00000041fbd00000) (1024K)]
  0x0000015a11367e70 JavaThread "Signal Dispatcher"          daemon [_thread_blocked, id=28448, stack(0x00000041fbd00000,0x00000041fbe00000) (1024K)]
  0x0000015a11368a30 JavaThread "Attach Listener"            daemon [_thread_blocked, id=25432, stack(0x00000041fbe00000,0x00000041fbf00000) (1024K)]
  0x0000015a1136c130 JavaThread "Service Thread"             daemon [_thread_blocked, id=14416, stack(0x00000041fbf00000,0x00000041fc000000) (1024K)]
  0x0000015a1136d970 JavaThread "Monitor Deflation Thread"   daemon [_thread_blocked, id=9816, stack(0x00000041fc000000,0x00000041fc100000) (1024K)]
=>0x0000015a11374880 JavaThread "C2 CompilerThread0"         daemon [_thread_in_native, id=22092, stack(0x00000041fc100000,0x00000041fc200000) (1024K)]
  0x0000015a113f2ab0 JavaThread "C1 CompilerThread0"         daemon [_thread_in_vm, id=21444, stack(0x00000041fc200000,0x00000041fc300000) (1024K)]
  0x0000015a114357e0 JavaThread "Notification Thread"        daemon [_thread_blocked, id=5028, stack(0x00000041fc300000,0x00000041fc400000) (1024K)]
  0x0000015a11444250 JavaThread "Common-Cleaner"             daemon [_thread_blocked, id=8548, stack(0x00000041fc400000,0x00000041fc500000) (1024K)]
  0x0000015a1772e640 JavaThread "C2 CompilerThread1"         daemon [_thread_in_native, id=23080, stack(0x00000041fc500000,0x00000041fc600000) (1024K)]
Total: 12

Other Threads:
  0x0000015a113521e0 VMThread "VM Thread"                           [id=10964, stack(0x00000041fba00000,0x00000041fbb00000) (1024K)]
  0x0000015a7330e430 WatcherThread "VM Periodic Task Thread"        [id=29136, stack(0x00000041fb900000,0x00000041fba00000) (1024K)]
  0x0000015a732ac6d0 WorkerThread "GC Thread#0"                     [id=28016, stack(0x00000041fb400000,0x00000041fb500000) (1024K)]
  0x0000015a16766830 WorkerThread "GC Thread#1"                     [id=10476, stack(0x00000041fc600000,0x00000041fc700000) (1024K)]
  0x0000015a167c5920 WorkerThread "GC Thread#2"                     [id=29604, stack(0x00000041fc700000,0x00000041fc800000) (1024K)]
  0x0000015a167c5d50 WorkerThread "GC Thread#3"                     [id=6968, stack(0x00000041fc800000,0x00000041fc900000) (1024K)]
  0x0000015a732c66a0 ConcurrentGCThread "G1 Main Marker"            [id=21392, stack(0x00000041fb500000,0x00000041fb600000) (1024K)]
  0x0000015a732cafe0 WorkerThread "G1 Conc#0"                       [id=25728, stack(0x00000041fb600000,0x00000041fb700000) (1024K)]
  0x0000015a732faa80 ConcurrentGCThread "G1 Refine#0"               [id=19464, stack(0x00000041fb700000,0x00000041fb800000) (1024K)]
  0x0000015a732fb490 ConcurrentGCThread "G1 Service"                [id=1380, stack(0x00000041fb800000,0x00000041fb900000) (1024K)]
Total: 10

Threads with active compile tasks:
C2 CompilerThread0  22811 10768       4       org.jetbrains.kotlin.metadata.ProtoBuf$Type::isInitialized (145 bytes)
C1 CompilerThread0  22811 10809       3       org.jetbrains.kotlin.fir.resolve.calls.ConstructorProcessingKt$$Lambda/0x0000000018599870::invoke (12 bytes)
C2 CompilerThread1  22811 10772       4       org.jetbrains.kotlin.name.ClassId$Companion::fromString (158 bytes)
Total: 3

VM state: not at safepoint (normal execution)

VM Mutex/Monitor currently owned by a thread:  ([mutex/lock_event])
[0x00007ff850457e68] MethodCompileQueue_lock - owner thread: 0x0000015a113f2ab0
[0x00007ff8504592e8] CodeCache_lock - owner thread: 0x0000015a113f2ab0
[0x00007ff850459568] Compile_lock - owner thread: 0x0000015a113f2ab0

Heap address: 0x000000008a000000, size: 1888 MB, Compressed Oops mode: 32-bit

CDS archive(s) mapped at: [0x0000000017000000-0x0000000017dd0000-0x0000000017dd0000), size 14483456, SharedBaseAddress: 0x0000000017000000, ArchiveRelocationMode: 1.
Compressed class space mapped at: 0x0000000018000000-0x0000000058000000, reserved size: 1073741824
UseCompressedClassPointers 1, UseCompactObjectHeaders 0
Narrow klass pointer bits 32, Max shift 3
Narrow klass base: 0x0000000017000000, Narrow klass shift: 0
Encoding Range: [0x0000000017000000 - 0x0000000117000000), (4294967296 bytes)
Klass Range:    [0x0000000017010000 - 0x0000000058000000), (1090453504 bytes)
Klass ID Range:  [65536 - 1090519033) (1090453497)
Protection zone: [0x0000000017000000 - 0x0000000017010000), (65536 bytes)

GC Precious Log:
 CardTable entry size: 512
 Card Set container configuration: InlinePtr #cards 5 size 8 Array Of Cards #cards 10 size 36 Howl #buckets 4 coarsen threshold 1843 Howl Bitmap #cards 512 size 80 coarsen threshold 460 Card regions per heap region 1 cards per card region 2048
 CPUs: 4 total, 4 available
 Memory: 7544M
 Large Page Support: Disabled
 NUMA Support: Disabled
 Compressed Oops: Enabled (32-bit)
 Heap Region Size: 1M
 Heap Min Capacity: 8M
 Heap Initial Capacity: 118M
 Heap Max Capacity: 1888M
 Pre-touch: Disabled
 Parallel Workers: 4
 Concurrent Workers: 1
 Concurrent Refinement Workers: 4
 Periodic GC: Disabled

Heap:
 garbage-first heap   total reserved 1933312K, committed 131072K, used 99745K [0x000000008a000000, 0x0000000100000000)
  region size 1024K, 17 young (17408K), 5 survivors (5120K)

Heap Regions: E=young(eden), S=young(survivor), O=old, HS=humongous(starts), HC=humongous(continues), CS=collection set, F=free, TAMS=top-at-mark-start, PB=parsable bottom
|   0|0x000000008a000000, 0x000000008a100000, 0x000000008a100000|100%|HS|  |TAMS 0x000000008a000000| PB 0x000000008a000000| Complete |  0
|   1|0x000000008a100000, 0x000000008a200000, 0x000000008a200000|100%|HC|  |TAMS 0x000000008a100000| PB 0x000000008a100000| Complete |  0
|   2|0x000000008a200000, 0x000000008a300000, 0x000000008a300000|100%|HC|  |TAMS 0x000000008a200000| PB 0x000000008a200000| Complete |  0
|   3|0x000000008a300000, 0x000000008a400000, 0x000000008a400000|100%|HC|  |TAMS 0x000000008a300000| PB 0x000000008a300000| Complete |  0
|   4|0x000000008a400000, 0x000000008a500000, 0x000000008a500000|100%| O|  |TAMS 0x000000008a400000| PB 0x000000008a400000| Untracked |  0
|   5|0x000000008a500000, 0x000000008a600000, 0x000000008a600000|100%| O|  |TAMS 0x000000008a500000| PB 0x000000008a500000| Untracked |  0
|   6|0x000000008a600000, 0x000000008a700000, 0x000000008a700000|100%| O|  |TAMS 0x000000008a600000| PB 0x000000008a600000| Untracked |  0
|   7|0x000000008a700000, 0x000000008a78f150, 0x000000008a800000| 55%| O|  |TAMS 0x000000008a700000| PB 0x000000008a700000| Untracked |  0
|   8|0x000000008a800000, 0x000000008a900000, 0x000000008a900000|100%| O|  |TAMS 0x000000008a800000| PB 0x000000008a800000| Untracked |  0
|   9|0x000000008a900000, 0x000000008aa00000, 0x000000008aa00000|100%| O|  |TAMS 0x000000008a900000| PB 0x000000008a900000| Untracked |  0
|  10|0x000000008aa00000, 0x000000008ab00000, 0x000000008ab00000|100%| O|  |TAMS 0x000000008aa00000| PB 0x000000008aa00000| Untracked |  0
|  11|0x000000008ab00000, 0x000000008ac00000, 0x000000008ac00000|100%| O|  |TAMS 0x000000008ab00000| PB 0x000000008ab00000| Untracked |  0
|  12|0x000000008ac00000, 0x000000008ad00000, 0x000000008ad00000|100%| O|  |TAMS 0x000000008ac00000| PB 0x000000008ac00000| Untracked |  0
|  13|0x000000008ad00000, 0x000000008ae00000, 0x000000008ae00000|100%| O|  |TAMS 0x000000008ad00000| PB 0x000000008ad00000| Untracked |  0
|  14|0x000000008ae00000, 0x000000008af00000, 0x000000008af00000|100%| O|  |TAMS 0x000000008ae00000| PB 0x000000008ae00000| Untracked |  0
|  15|0x000000008af00000, 0x000000008b000000, 0x000000008b000000|100%| O|  |TAMS 0x000000008af00000| PB 0x000000008af00000| Untracked |  0
|  16|0x000000008b000000, 0x000000008b100000, 0x000000008b100000|100%| O|  |TAMS 0x000000008b000000| PB 0x000000008b000000| Untracked |  0
|  17|0x000000008b100000, 0x000000008b200000, 0x000000008b200000|100%| O|  |TAMS 0x000000008b100000| PB 0x000000008b100000| Untracked |  0
|  18|0x000000008b200000, 0x000000008b300000, 0x000000008b300000|100%| O|  |TAMS 0x000000008b200000| PB 0x000000008b200000| Untracked |  0
|  19|0x000000008b300000, 0x000000008b400000, 0x000000008b400000|100%| O|  |TAMS 0x000000008b300000| PB 0x000000008b300000| Untracked |  0
|  20|0x000000008b400000, 0x000000008b500000, 0x000000008b500000|100%| O|  |TAMS 0x000000008b400000| PB 0x000000008b400000| Untracked |  0
|  21|0x000000008b500000, 0x000000008b600000, 0x000000008b600000|100%| O|  |TAMS 0x000000008b500000| PB 0x000000008b500000| Untracked |  0
|  22|0x000000008b600000, 0x000000008b700000, 0x000000008b700000|100%| O|  |TAMS 0x000000008b600000| PB 0x000000008b600000| Untracked |  0
|  23|0x000000008b700000, 0x000000008b800000, 0x000000008b800000|100%| O|  |TAMS 0x000000008b700000| PB 0x000000008b700000| Untracked |  0
|  24|0x000000008b800000, 0x000000008b900000, 0x000000008b900000|100%| O|  |TAMS 0x000000008b800000| PB 0x000000008b800000| Untracked |  0
|  25|0x000000008b900000, 0x000000008ba00000, 0x000000008ba00000|100%| O|  |TAMS 0x000000008b900000| PB 0x000000008b900000| Untracked |  0
|  26|0x000000008ba00000, 0x000000008bb00000, 0x000000008bb00000|100%| O|  |TAMS 0x000000008ba00000| PB 0x000000008ba00000| Untracked |  0
|  27|0x000000008bb00000, 0x000000008bc00000, 0x000000008bc00000|100%| O|  |TAMS 0x000000008bb00000| PB 0x000000008bb00000| Untracked |  0
|  28|0x000000008bc00000, 0x000000008bd00000, 0x000000008bd00000|100%| O|  |TAMS 0x000000008bc00000| PB 0x000000008bc00000| Untracked |  0
|  29|0x000000008bd00000, 0x000000008be00000, 0x000000008be00000|100%| O|  |TAMS 0x000000008bd00000| PB 0x000000008bd00000| Untracked |  0
|  30|0x000000008be00000, 0x000000008bf00000, 0x000000008bf00000|100%| O|  |TAMS 0x000000008be00000| PB 0x000000008be00000| Untracked |  0
|  31|0x000000008bf00000, 0x000000008c000000, 0x000000008c000000|100%| O|  |TAMS 0x000000008bf00000| PB 0x000000008bf00000| Untracked |  0
|  32|0x000000008c000000, 0x000000008c100000, 0x000000008c100000|100%| O|  |TAMS 0x000000008c000000| PB 0x000000008c000000| Untracked |  0
|  33|0x000000008c100000, 0x000000008c200000, 0x000000008c200000|100%| O|  |TAMS 0x000000008c100000| PB 0x000000008c100000| Untracked |  0
|  34|0x000000008c200000, 0x000000008c200000, 0x000000008c300000|  0%| F|  |TAMS 0x000000008c200000| PB 0x000000008c200000| Untracked |  0
|  35|0x000000008c300000, 0x000000008c400000, 0x000000008c400000|100%| O|  |TAMS 0x000000008c300000| PB 0x000000008c300000| Untracked |  0
|  36|0x000000008c400000, 0x000000008c500000, 0x000000008c500000|100%| O|  |TAMS 0x000000008c400000| PB 0x000000008c400000| Untracked |  0
|  37|0x000000008c500000, 0x000000008c600000, 0x000000008c600000|100%| O|  |TAMS 0x000000008c500000| PB 0x000000008c500000| Untracked |  0
|  38|0x000000008c600000, 0x000000008c700000, 0x000000008c700000|100%| O|  |TAMS 0x000000008c600000| PB 0x000000008c600000| Untracked |  0
|  39|0x000000008c700000, 0x000000008c800000, 0x000000008c800000|100%| O|  |TAMS 0x000000008c700000| PB 0x000000008c700000| Untracked |  0
|  40|0x000000008c800000, 0x000000008c900000, 0x000000008c900000|100%| O|  |TAMS 0x000000008c800000| PB 0x000000008c800000| Untracked |  0
|  41|0x000000008c900000, 0x000000008ca00000, 0x000000008ca00000|100%| O|  |TAMS 0x000000008c900000| PB 0x000000008c900000| Untracked |  0
|  42|0x000000008ca00000, 0x000000008cb00000, 0x000000008cb00000|100%|HS|  |TAMS 0x000000008ca00000| PB 0x000000008ca00000| Complete |  0
|  43|0x000000008cb00000, 0x000000008cc00000, 0x000000008cc00000|100%| O|  |TAMS 0x000000008cb00000| PB 0x000000008cb00000| Untracked |  0
|  44|0x000000008cc00000, 0x000000008cd00000, 0x000000008cd00000|100%| O|  |TAMS 0x000000008cc00000| PB 0x000000008cc00000| Untracked |  0
|  45|0x000000008cd00000, 0x000000008ce00000, 0x000000008ce00000|100%| O|  |TAMS 0x000000008cd00000| PB 0x000000008cd00000| Untracked |  0
|  46|0x000000008ce00000, 0x000000008cf00000, 0x000000008cf00000|100%| O|  |TAMS 0x000000008ce00000| PB 0x000000008ce00000| Untracked |  0
|  47|0x000000008cf00000, 0x000000008d000000, 0x000000008d000000|100%| O|  |TAMS 0x000000008cf00000| PB 0x000000008cf00000| Untracked |  0
|  48|0x000000008d000000, 0x000000008d100000, 0x000000008d100000|100%| O|  |TAMS 0x000000008d000000| PB 0x000000008d000000| Untracked |  0
|  49|0x000000008d100000, 0x000000008d200000, 0x000000008d200000|100%| O|  |TAMS 0x000000008d100000| PB 0x000000008d100000| Untracked |  0
|  50|0x000000008d200000, 0x000000008d300000, 0x000000008d300000|100%| O|  |TAMS 0x000000008d200000| PB 0x000000008d200000| Untracked |  0
|  51|0x000000008d300000, 0x000000008d400000, 0x000000008d400000|100%| O|  |TAMS 0x000000008d300000| PB 0x000000008d300000| Untracked |  0
|  52|0x000000008d400000, 0x000000008d500000, 0x000000008d500000|100%| O|  |TAMS 0x000000008d400000| PB 0x000000008d400000| Untracked |  0
|  53|0x000000008d500000, 0x000000008d600000, 0x000000008d600000|100%| O|  |TAMS 0x000000008d500000| PB 0x000000008d500000| Untracked |  0
|  54|0x000000008d600000, 0x000000008d700000, 0x000000008d700000|100%| O|  |TAMS 0x000000008d600000| PB 0x000000008d600000| Untracked |  0
|  55|0x000000008d700000, 0x000000008d800000, 0x000000008d800000|100%| O|  |TAMS 0x000000008d700000| PB 0x000000008d700000| Untracked |  0
|  56|0x000000008d800000, 0x000000008d900000, 0x000000008d900000|100%| O|  |TAMS 0x000000008d800000| PB 0x000000008d800000| Untracked |  0
|  57|0x000000008d900000, 0x000000008da00000, 0x000000008da00000|100%| O|  |TAMS 0x000000008d900000| PB 0x000000008d900000| Untracked |  0
|  58|0x000000008da00000, 0x000000008db00000, 0x000000008db00000|100%| O|  |TAMS 0x000000008da00000| PB 0x000000008da00000| Untracked |  0
|  59|0x000000008db00000, 0x000000008dc00000, 0x000000008dc00000|100%| O|  |TAMS 0x000000008db00000| PB 0x000000008db00000| Untracked |  0
|  60|0x000000008dc00000, 0x000000008dd00000, 0x000000008dd00000|100%| O|  |TAMS 0x000000008dc00000| PB 0x000000008dc00000| Untracked |  0
|  61|0x000000008dd00000, 0x000000008de00000, 0x000000008de00000|100%| O|  |TAMS 0x000000008dd00000| PB 0x000000008dd00000| Untracked |  0
|  62|0x000000008de00000, 0x000000008df00000, 0x000000008df00000|100%| O|  |TAMS 0x000000008de00000| PB 0x000000008de00000| Untracked |  0
|  63|0x000000008df00000, 0x000000008e000000, 0x000000008e000000|100%| O|  |TAMS 0x000000008df00000| PB 0x000000008df00000| Untracked |  0
|  64|0x000000008e000000, 0x000000008e100000, 0x000000008e100000|100%| O|  |TAMS 0x000000008e000000| PB 0x000000008e000000| Untracked |  0
|  65|0x000000008e100000, 0x000000008e100000, 0x000000008e200000|  0%| F|  |TAMS 0x000000008e100000| PB 0x000000008e100000| Untracked |  0
|  66|0x000000008e200000, 0x000000008e300000, 0x000000008e300000|100%| O|  |TAMS 0x000000008e200000| PB 0x000000008e200000| Untracked |  0
|  67|0x000000008e300000, 0x000000008e400000, 0x000000008e400000|100%| O|  |TAMS 0x000000008e300000| PB 0x000000008e300000| Untracked |  0
|  68|0x000000008e400000, 0x000000008e500000, 0x000000008e500000|100%| O|  |TAMS 0x000000008e400000| PB 0x000000008e400000| Untracked |  0
|  69|0x000000008e500000, 0x000000008e600000, 0x000000008e600000|100%| O|  |TAMS 0x000000008e500000| PB 0x000000008e500000| Untracked |  0
|  70|0x000000008e600000, 0x000000008e700000, 0x000000008e700000|100%| O|  |TAMS 0x000000008e600000| PB 0x000000008e600000| Untracked |  0
|  71|0x000000008e700000, 0x000000008e800000, 0x000000008e800000|100%| O|  |TAMS 0x000000008e700000| PB 0x000000008e700000| Untracked |  0
|  72|0x000000008e800000, 0x000000008e900000, 0x000000008e900000|100%| O|  |TAMS 0x000000008e800000| PB 0x000000008e800000| Untracked |  0
|  73|0x000000008e900000, 0x000000008ea00000, 0x000000008ea00000|100%| O|  |TAMS 0x000000008e900000| PB 0x000000008e900000| Untracked |  0
|  74|0x000000008ea00000, 0x000000008eb00000, 0x000000008eb00000|100%| O|  |TAMS 0x000000008ea00000| PB 0x000000008ea00000| Untracked |  0
|  75|0x000000008eb00000, 0x000000008ec00000, 0x000000008ec00000|100%| O|  |TAMS 0x000000008eb00000| PB 0x000000008eb00000| Untracked |  0
|  76|0x000000008ec00000, 0x000000008ecd95e0, 0x000000008ed00000| 84%| O|  |TAMS 0x000000008ec00000| PB 0x000000008ec00000| Untracked |  0
|  77|0x000000008ed00000, 0x000000008ed00000, 0x000000008ee00000|  0%| F|  |TAMS 0x000000008ed00000| PB 0x000000008ed00000| Untracked |  0
|  78|0x000000008ee00000, 0x000000008ee00000, 0x000000008ef00000|  0%| F|  |TAMS 0x000000008ee00000| PB 0x000000008ee00000| Untracked |  0
|  79|0x000000008ef00000, 0x000000008ef00000, 0x000000008f000000|  0%| F|  |TAMS 0x000000008ef00000| PB 0x000000008ef00000| Untracked |  0
|  80|0x000000008f000000, 0x000000008f000000, 0x000000008f100000|  0%| F|  |TAMS 0x000000008f000000| PB 0x000000008f000000| Untracked |  0
|  81|0x000000008f100000, 0x000000008f100000, 0x000000008f200000|  0%| F|  |TAMS 0x000000008f100000| PB 0x000000008f100000| Untracked |  0
|  82|0x000000008f200000, 0x000000008f200000, 0x000000008f300000|  0%| F|  |TAMS 0x000000008f200000| PB 0x000000008f200000| Untracked |  0
|  83|0x000000008f300000, 0x000000008f300000, 0x000000008f400000|  0%| F|  |TAMS 0x000000008f300000| PB 0x000000008f300000| Untracked |  0
|  84|0x000000008f400000, 0x000000008f400000, 0x000000008f500000|  0%| F|  |TAMS 0x000000008f400000| PB 0x000000008f400000| Untracked |  0
|  85|0x000000008f500000, 0x000000008f500000, 0x000000008f600000|  0%| F|  |TAMS 0x000000008f500000| PB 0x000000008f500000| Untracked |  0
|  86|0x000000008f600000, 0x000000008f700000, 0x000000008f700000|100%| S|CS|TAMS 0x000000008f600000| PB 0x000000008f600000| Complete |  0
|  87|0x000000008f700000, 0x000000008f800000, 0x000000008f800000|100%| S|CS|TAMS 0x000000008f700000| PB 0x000000008f700000| Complete |  0
|  88|0x000000008f800000, 0x000000008f900000, 0x000000008f900000|100%| S|CS|TAMS 0x000000008f800000| PB 0x000000008f800000| Complete |  0
|  89|0x000000008f900000, 0x000000008fa00000, 0x000000008fa00000|100%| S|CS|TAMS 0x000000008f900000| PB 0x000000008f900000| Complete |  0
|  90|0x000000008fa00000, 0x000000008fb00000, 0x000000008fb00000|100%| S|CS|TAMS 0x000000008fa00000| PB 0x000000008fa00000| Complete |  0
|  91|0x000000008fb00000, 0x000000008fb00000, 0x000000008fc00000|  0%| F|  |TAMS 0x000000008fb00000| PB 0x000000008fb00000| Untracked |  0
|  92|0x000000008fc00000, 0x000000008fc00000, 0x000000008fd00000|  0%| F|  |TAMS 0x000000008fc00000| PB 0x000000008fc00000| Untracked |  0
|  93|0x000000008fd00000, 0x000000008fd00000, 0x000000008fe00000|  0%| F|  |TAMS 0x000000008fd00000| PB 0x000000008fd00000| Untracked |  0
|  94|0x000000008fe00000, 0x000000008fe00000, 0x000000008ff00000|  0%| F|  |TAMS 0x000000008fe00000| PB 0x000000008fe00000| Untracked |  0
|  95|0x000000008ff00000, 0x000000008ff00000, 0x0000000090000000|  0%| F|  |TAMS 0x000000008ff00000| PB 0x000000008ff00000| Untracked |  0
|  96|0x0000000090000000, 0x0000000090000000, 0x0000000090100000|  0%| F|  |TAMS 0x0000000090000000| PB 0x0000000090000000| Untracked |  0
|  97|0x0000000090100000, 0x0000000090100000, 0x0000000090200000|  0%| F|  |TAMS 0x0000000090100000| PB 0x0000000090100000| Untracked |  0
|  98|0x0000000090200000, 0x0000000090200000, 0x0000000090300000|  0%| F|  |TAMS 0x0000000090200000| PB 0x0000000090200000| Untracked |  0
|  99|0x0000000090300000, 0x0000000090300000, 0x0000000090400000|  0%| F|  |TAMS 0x0000000090300000| PB 0x0000000090300000| Untracked |  0
| 100|0x0000000090400000, 0x0000000090400000, 0x0000000090500000|  0%| F|  |TAMS 0x0000000090400000| PB 0x0000000090400000| Untracked |  0
| 101|0x0000000090500000, 0x0000000090500000, 0x0000000090600000|  0%| F|  |TAMS 0x0000000090500000| PB 0x0000000090500000| Untracked |  0
| 102|0x0000000090600000, 0x0000000090600000, 0x0000000090700000|  0%| F|  |TAMS 0x0000000090600000| PB 0x0000000090600000| Untracked |  0
| 103|0x0000000090700000, 0x0000000090700000, 0x0000000090800000|  0%| F|  |TAMS 0x0000000090700000| PB 0x0000000090700000| Untracked |  0
| 104|0x0000000090800000, 0x0000000090800000, 0x0000000090900000|  0%| F|  |TAMS 0x0000000090800000| PB 0x0000000090800000| Untracked |  0
| 105|0x0000000090900000, 0x0000000090900000, 0x0000000090a00000|  0%| F|  |TAMS 0x0000000090900000| PB 0x0000000090900000| Untracked |  0
| 106|0x0000000090a00000, 0x0000000090a00000, 0x0000000090b00000|  0%| F|  |TAMS 0x0000000090a00000| PB 0x0000000090a00000| Untracked |  0
| 107|0x0000000090b00000, 0x0000000090b00000, 0x0000000090c00000|  0%| F|  |TAMS 0x0000000090b00000| PB 0x0000000090b00000| Untracked |  0
| 108|0x0000000090c00000, 0x0000000090c00000, 0x0000000090d00000|  0%| F|  |TAMS 0x0000000090c00000| PB 0x0000000090c00000| Untracked |  0
| 109|0x0000000090d00000, 0x0000000090d80000, 0x0000000090e00000| 50%| E|  |TAMS 0x0000000090d00000| PB 0x0000000090d00000| Complete |  0
| 110|0x0000000090e00000, 0x0000000090f00000, 0x0000000090f00000|100%| E|CS|TAMS 0x0000000090e00000| PB 0x0000000090e00000| Complete |  0
| 111|0x0000000090f00000, 0x0000000091000000, 0x0000000091000000|100%| E|CS|TAMS 0x0000000090f00000| PB 0x0000000090f00000| Complete |  0
| 112|0x0000000091000000, 0x0000000091100000, 0x0000000091100000|100%| E|CS|TAMS 0x0000000091000000| PB 0x0000000091000000| Complete |  0
| 113|0x0000000091100000, 0x0000000091200000, 0x0000000091200000|100%| E|CS|TAMS 0x0000000091100000| PB 0x0000000091100000| Complete |  0
| 114|0x0000000091200000, 0x0000000091300000, 0x0000000091300000|100%| E|CS|TAMS 0x0000000091200000| PB 0x0000000091200000| Complete |  0
| 115|0x0000000091300000, 0x0000000091400000, 0x0000000091400000|100%| E|CS|TAMS 0x0000000091300000| PB 0x0000000091300000| Complete |  0
| 116|0x0000000091400000, 0x0000000091500000, 0x0000000091500000|100%| E|CS|TAMS 0x0000000091400000| PB 0x0000000091400000| Complete |  0
| 117|0x0000000091500000, 0x0000000091600000, 0x0000000091600000|100%| E|CS|TAMS 0x0000000091500000| PB 0x0000000091500000| Complete |  0
| 118|0x0000000091600000, 0x0000000091700000, 0x0000000091700000|100%| E|CS|TAMS 0x0000000091600000| PB 0x0000000091600000| Complete |  0
| 119|0x0000000091700000, 0x0000000091800000, 0x0000000091800000|100%| E|CS|TAMS 0x0000000091700000| PB 0x0000000091700000| Complete |  0
|1880|0x00000000ff800000, 0x00000000ff900000, 0x00000000ff900000|100%| O|  |TAMS 0x00000000ff800000| PB 0x00000000ff800000| Untracked |  0
|1881|0x00000000ff900000, 0x00000000ffa00000, 0x00000000ffa00000|100%| O|  |TAMS 0x00000000ff900000| PB 0x00000000ff900000| Untracked |  0
|1882|0x00000000ffa00000, 0x00000000ffb00000, 0x00000000ffb00000|100%| O|  |TAMS 0x00000000ffa00000| PB 0x00000000ffa00000| Untracked |  0
|1883|0x00000000ffb00000, 0x00000000ffc00000, 0x00000000ffc00000|100%| O|  |TAMS 0x00000000ffb00000| PB 0x00000000ffb00000| Untracked |  0
|1884|0x00000000ffc00000, 0x00000000ffd00000, 0x00000000ffd00000|100%| O|  |TAMS 0x00000000ffc00000| PB 0x00000000ffc00000| Untracked |  0
|1885|0x00000000ffd00000, 0x00000000ffe00000, 0x00000000ffe00000|100%| O|  |TAMS 0x00000000ffd00000| PB 0x00000000ffd00000| Untracked |  0
|1886|0x00000000ffe00000, 0x00000000fff00000, 0x00000000fff00000|100%| O|  |TAMS 0x00000000ffe00000| PB 0x00000000ffe00000| Untracked |  0
|1887|0x00000000fff00000, 0x0000000100000000, 0x0000000100000000|100%| E|CS|TAMS 0x00000000fff00000| PB 0x00000000fff00000| Complete |  0

Card table byte_map: [0x0000015a7dbb0000,0x0000015a7df60000] _byte_map_base: 0x0000015a7d760000

Marking Bits: (CMBitMap*) 0x0000015a732aec70
 Bits: [0x0000015a7df60000, 0x0000015a7fce0000)

Polling page: 0x0000015a72f90000

Metaspace:
Metaspace        used 61153K, committed 61504K, reserved 1114112K
 class space     used 5798K, committed 5952K, reserved 1048576K

Usage:
  Non-class:     54.06 MB used.
      Class:      5.66 MB used.
       Both:     59.72 MB used.

Virtual space:
  Non-class space:       64.00 MB reserved,      54.25 MB ( 85%) committed,  1 nodes.
      Class space:        1.00 GB reserved,       5.81 MB ( <1%) committed,  1 nodes.
             Both:        1.06 GB reserved,      60.06 MB (  6%) committed. 

Chunk freelists:
   Non-Class:  9.27 MB
       Class:  10.20 MB
        Both:  19.47 MB

MaxMetaspaceSize: unlimited
CompressedClassSpaceSize: 1.00 GB
Initial GC threshold: 21.00 MB
Current GC threshold: 97.31 MB
CDS: on
 - commit_granule_bytes: 65536.
 - commit_granule_words: 8192.
 - virtual_space_node_default_size: 8388608.
 - enlarge_chunks_in_place: 1.
UseCompressedClassPointers 1, UseCompactObjectHeaders 0
Narrow klass pointer bits 32, Max shift 3
Narrow klass base: 0x0000000017000000, Narrow klass shift: 0
Encoding Range: [0x0000000017000000 - 0x0000000117000000), (4294967296 bytes)
Klass Range:    [0x0000000017010000 - 0x0000000058000000), (1090453504 bytes)
Klass ID Range:  [65536 - 1090519033) (1090453497)
Protection zone: [0x0000000017000000 - 0x0000000017010000), (65536 bytes)


Internal statistics:

num_allocs_failed_limit: 15.
num_arena_births: 396.
num_arena_deaths: 0.
num_vsnodes_births: 2.
num_vsnodes_deaths: 0.
num_space_committed: 960.
num_space_uncommitted: 0.
num_chunks_returned_to_freelist: 15.
num_chunks_taken_from_freelist: 2478.
num_chunk_merges: 15.
num_chunk_splits: 2063.
num_chunks_enlarged: 1833.
num_inconsistent_stats: 0.

CodeHeap 'non-profiled nmethods': size=120064Kb used=3477Kb max_used=3477Kb free=116586Kb
 bounds [0x0000015a07ac0000, 0x0000015a07e30000, 0x0000015a0f000000]
CodeHeap 'profiled nmethods': size=120000Kb used=23933Kb max_used=23933Kb free=96066Kb
 bounds [0x0000015a00000000, 0x0000015a01760000, 0x0000015a07530000]
CodeHeap 'non-nmethods': size=5696Kb used=1640Kb max_used=1798Kb free=4055Kb
 bounds [0x0000015a07530000, 0x0000015a077a0000, 0x0000015a07ac0000]
CodeCache: size=245760Kb, used=29050Kb, max_used=29208Kb, free=216707Kb
 total_blobs=10546, nmethods=9807, adapters=638, full_count=0
Compilation: enabled, stopped_count=0, restarted_count=0

Compilation events (20 events):
Event: 20.666 Thread 0x0000015a113f2ab0 10775       3       org.jetbrains.kotlin.fir.declarations.builder.FirRegularClassBuilder::getOrigin (17 bytes)
Event: 20.667 Thread 0x0000015a113f2ab0 nmethod 10775 0x0000015a0173fb08 code [0x0000015a0173fc00, 0x0000015a017408c8]
Event: 20.667 Thread 0x0000015a113f2ab0 10776       3       org.jetbrains.kotlin.fir.declarations.impl.FirRegularClassImpl::<init> (36 bytes)
Event: 20.667 Thread 0x0000015a113f2ab0 nmethod 10776 0x0000015a01740908 code [0x0000015a01740a00, 0x0000015a01740be8]
Event: 20.667 Thread 0x0000015a113f2ab0 10777       3       org.jetbrains.kotlin.fir.declarations.impl.FirRegularClassImpl::<init> (289 bytes)
Event: 20.671 Thread 0x0000015a113f2ab0 nmethod 10777 0x0000015a01740c08 code [0x0000015a01740d00, 0x0000015a01747d28]
Event: 20.671 Thread 0x0000015a113f2ab0 10778       3       org.jetbrains.kotlin.load.java.structure.impl.classFiles.BinaryJavaAnnotationVisitor::convertConstValue (306 bytes)
Event: 20.672 Thread 0x0000015a113f2ab0 nmethod 10778 0x0000015a01747e08 code [0x0000015a01747f00, 0x0000015a01749d08]
Event: 20.672 Thread 0x0000015a113f2ab0 10779       3       org.jetbrains.kotlin.load.java.structure.impl.classFiles.BinaryJavaAnnotationVisitor::visit (11 bytes)
Event: 20.672 Thread 0x0000015a113f2ab0 nmethod 10779 0x0000015a01749d88 code [0x0000015a01749e80, 0x0000015a0174a120]
Event: 20.672 Thread 0x0000015a113f2ab0 10780       3       org.jetbrains.kotlin.load.java.structure.impl.classFiles.PlainJavaLiteralAnnotationArgument::<init> (12 bytes)
Event: 20.672 Thread 0x0000015a113f2ab0 nmethod 10780 0x0000015a0174a188 code [0x0000015a0174a280, 0x0000015a0174a480]
Event: 20.673 Thread 0x0000015a113f2ab0 10782       3       org.jetbrains.kotlin.fir.scopes.impl.FirDeclaredMemberScopeProvider$$Lambda/0x0000000018348a88::invoke (16 bytes)
Event: 20.673 Thread 0x0000015a113f2ab0 nmethod 10782 0x0000015a0174a508 code [0x0000015a0174a600, 0x0000015a0174b380]
Event: 20.673 Thread 0x0000015a113f2ab0 10783       3       org.jetbrains.kotlin.fir.scopes.impl.FirDeclaredMemberScopeProvider::declaredMemberCache$lambda$0 (23 bytes)
Event: 20.674 Thread 0x0000015a113f2ab0 nmethod 10783 0x0000015a0174b408 code [0x0000015a0174b500, 0x0000015a0174c060]
Event: 20.674 Thread 0x0000015a113f2ab0 10784       3       org.jetbrains.kotlin.fir.scopes.impl.FirDeclaredMemberScopeProvider::createDeclaredMemberScope (158 bytes)
Event: 20.675 Thread 0x0000015a113f2ab0 nmethod 10784 0x0000015a0174c088 code [0x0000015a0174c180, 0x0000015a0174d6c8]
Event: 20.675 Thread 0x0000015a113f2ab0 10785       3       org.jetbrains.kotlin.fir.scopes.impl.FirClassDeclaredMemberScopeImpl::<init> (107 bytes)
Event: 21.673 Thread 0x0000015a113f2ab0 nmethod 10785 0x0000015a0174d708 code [0x0000015a0174d800, 0x0000015a01750278]

GC Heap Usage History (20 events):
Event: 3.289 {heap Before GC invocations=6 (full 0):
 garbage-first heap   total reserved 1933312K, committed 58368K, used 45116K [0x000000008a000000, 0x0000000100000000)
  region size 1024K, 13 young (13312K), 3 survivors (3072K)
}
Event: 3.296 {heap After GC invocations=7 (full 0):
 garbage-first heap   total reserved 1933312K, committed 58368K, used 38460K [0x000000008a000000, 0x0000000100000000)
  region size 1024K, 2 young (2048K), 2 survivors (2048K)
}
Event: 3.661 {heap Before GC invocations=8 (full 0):
 garbage-first heap   total reserved 1933312K, committed 65536K, used 47676K [0x000000008a000000, 0x0000000100000000)
  region size 1024K, 11 young (11264K), 2 survivors (2048K)
}
Event: 3.666 {heap After GC invocations=9 (full 0):
 garbage-first heap   total reserved 1933312K, committed 65536K, used 40442K [0x000000008a000000, 0x0000000100000000)
  region size 1024K, 2 young (2048K), 2 survivors (2048K)
}
Event: 4.239 {heap Before GC invocations=9 (full 0):
 garbage-first heap   total reserved 1933312K, committed 65536K, used 52730K [0x000000008a000000, 0x0000000100000000)
  region size 1024K, 14 young (14336K), 2 survivors (2048K)
}
Event: 4.246 {heap After GC invocations=10 (full 0):
 garbage-first heap   total reserved 1933312K, committed 131072K, used 42832K [0x000000008a000000, 0x0000000100000000)
  region size 1024K, 2 young (2048K), 2 survivors (2048K)
}
Event: 5.366 {heap Before GC invocations=10 (full 0):
 garbage-first heap   total reserved 1933312K, committed 131072K, used 93008K [0x000000008a000000, 0x0000000100000000)
  region size 1024K, 52 young (53248K), 2 survivors (2048K)
}
Event: 5.375 {heap After GC invocations=11 (full 0):
 garbage-first heap   total reserved 1933312K, committed 131072K, used 48639K [0x000000008a000000, 0x0000000100000000)
  region size 1024K, 7 young (7168K), 7 survivors (7168K)
}
Event: 5.763 {heap Before GC invocations=11 (full 0):
 garbage-first heap   total reserved 1933312K, committed 131072K, used 60927K [0x000000008a000000, 0x0000000100000000)
  region size 1024K, 20 young (20480K), 7 survivors (7168K)
}
Event: 5.772 {heap After GC invocations=12 (full 0):
 garbage-first heap   total reserved 1933312K, committed 131072K, used 51776K [0x000000008a000000, 0x0000000100000000)
  region size 1024K, 3 young (3072K), 3 survivors (3072K)
}
Event: 6.545 {heap Before GC invocations=13 (full 0):
 garbage-first heap   total reserved 1933312K, committed 131072K, used 107072K [0x000000008a000000, 0x0000000100000000)
  region size 1024K, 56 young (57344K), 3 survivors (3072K)
}
Event: 6.561 {heap After GC invocations=14 (full 0):
 garbage-first heap   total reserved 1933312K, committed 131072K, used 65596K [0x000000008a000000, 0x0000000100000000)
  region size 1024K, 7 young (7168K), 7 survivors (7168K)
}
Event: 12.521 {heap Before GC invocations=14 (full 0):
 garbage-first heap   total reserved 1933312K, committed 131072K, used 105532K [0x000000008a000000, 0x0000000100000000)
  region size 1024K, 46 young (47104K), 7 survivors (7168K)
}
Event: 12.536 {heap After GC invocations=15 (full 0):
 garbage-first heap   total reserved 1933312K, committed 131072K, used 71581K [0x000000008a000000, 0x0000000100000000)
  region size 1024K, 6 young (6144K), 6 survivors (6144K)
}
Event: 16.260 {heap Before GC invocations=15 (full 0):
 garbage-first heap   total reserved 1933312K, committed 131072K, used 108445K [0x000000008a000000, 0x0000000100000000)
  region size 1024K, 42 young (43008K), 6 survivors (6144K)
}
Event: 16.272 {heap After GC invocations=16 (full 0):
 garbage-first heap   total reserved 1933312K, committed 131072K, used 75963K [0x000000008a000000, 0x0000000100000000)
  region size 1024K, 5 young (5120K), 5 survivors (5120K)
}
Event: 18.675 {heap Before GC invocations=17 (full 0):
 garbage-first heap   total reserved 1933312K, committed 131072K, used 111803K [0x000000008a000000, 0x0000000100000000)
  region size 1024K, 40 young (40960K), 5 survivors (5120K)
}
Event: 18.694 {heap After GC invocations=18 (full 0):
 garbage-first heap   total reserved 1933312K, committed 131072K, used 83364K [0x000000008a000000, 0x0000000100000000)
  region size 1024K, 5 young (5120K), 5 survivors (5120K)
}
Event: 20.431 {heap Before GC invocations=18 (full 0):
 garbage-first heap   total reserved 1933312K, committed 131072K, used 114084K [0x000000008a000000, 0x0000000100000000)
  region size 1024K, 35 young (35840K), 5 survivors (5120K)
}
Event: 20.446 {heap After GC invocations=19 (full 0):
 garbage-first heap   total reserved 1933312K, committed 131072K, used 88481K [0x000000008a000000, 0x0000000100000000)
  region size 1024K, 5 young (5120K), 5 survivors (5120K)
}

Metaspace Usage History (20 events):
Event: 3.289 {metaspace Before GC invocations=6 (full 0):
 Metaspace       used 25708K, committed 25984K, reserved 1114112K
  class space    used 2770K, committed 2880K, reserved 1048576K
}
Event: 3.296 {metaspace After GC invocations=7 (full 0):
 Metaspace       used 25708K, committed 25984K, reserved 1114112K
  class space    used 2770K, committed 2880K, reserved 1048576K
}
Event: 3.661 {metaspace Before GC invocations=8 (full 0):
 Metaspace       used 28604K, committed 28928K, reserved 1114112K
  class space    used 3012K, committed 3136K, reserved 1048576K
}
Event: 3.666 {metaspace After GC invocations=9 (full 0):
 Metaspace       used 28604K, committed 28928K, reserved 1114112K
  class space    used 3012K, committed 3136K, reserved 1048576K
}
Event: 4.239 {metaspace Before GC invocations=9 (full 0):
 Metaspace       used 29906K, committed 30208K, reserved 1114112K
  class space    used 3100K, committed 3264K, reserved 1048576K
}
Event: 4.246 {metaspace After GC invocations=10 (full 0):
 Metaspace       used 29906K, committed 30208K, reserved 1114112K
  class space    used 3100K, committed 3264K, reserved 1048576K
}
Event: 5.366 {metaspace Before GC invocations=10 (full 0):
 Metaspace       used 40592K, committed 40896K, reserved 1114112K
  class space    used 3944K, committed 4096K, reserved 1048576K
}
Event: 5.375 {metaspace After GC invocations=11 (full 0):
 Metaspace       used 40592K, committed 40896K, reserved 1114112K
  class space    used 3944K, committed 4096K, reserved 1048576K
}
Event: 5.763 {metaspace Before GC invocations=11 (full 0):
 Metaspace       used 43511K, committed 43840K, reserved 1114112K
  class space    used 4207K, committed 4352K, reserved 1048576K
}
Event: 5.772 {metaspace After GC invocations=12 (full 0):
 Metaspace       used 43511K, committed 43840K, reserved 1114112K
  class space    used 4207K, committed 4352K, reserved 1048576K
}
Event: 6.545 {metaspace Before GC invocations=13 (full 0):
 Metaspace       used 48153K, committed 48512K, reserved 1114112K
  class space    used 4630K, committed 4800K, reserved 1048576K
}
Event: 6.561 {metaspace After GC invocations=14 (full 0):
 Metaspace       used 48153K, committed 48512K, reserved 1114112K
  class space    used 4630K, committed 4800K, reserved 1048576K
}
Event: 12.521 {metaspace Before GC invocations=14 (full 0):
 Metaspace       used 54337K, committed 54720K, reserved 1114112K
  class space    used 5261K, committed 5440K, reserved 1048576K
}
Event: 12.536 {metaspace After GC invocations=15 (full 0):
 Metaspace       used 54337K, committed 54720K, reserved 1114112K
  class space    used 5261K, committed 5440K, reserved 1048576K
}
Event: 16.260 {metaspace Before GC invocations=15 (full 0):
 Metaspace       used 59399K, committed 59712K, reserved 1114112K
  class space    used 5694K, committed 5824K, reserved 1048576K
}
Event: 16.272 {metaspace After GC invocations=16 (full 0):
 Metaspace       used 59399K, committed 59712K, reserved 1114112K
  class space    used 5694K, committed 5824K, reserved 1048576K
}
Event: 18.675 {metaspace Before GC invocations=17 (full 0):
 Metaspace       used 60482K, committed 60864K, reserved 1114112K
  class space    used 5768K, committed 5952K, reserved 1048576K
}
Event: 18.694 {metaspace After GC invocations=18 (full 0):
 Metaspace       used 60482K, committed 60864K, reserved 1114112K
  class space    used 5768K, committed 5952K, reserved 1048576K
}
Event: 20.431 {metaspace Before GC invocations=18 (full 0):
 Metaspace       used 61010K, committed 61376K, reserved 1114112K
  class space    used 5791K, committed 5952K, reserved 1048576K
}
Event: 20.446 {metaspace After GC invocations=19 (full 0):
 Metaspace       used 61010K, committed 61376K, reserved 1114112K
  class space    used 5791K, committed 5952K, reserved 1048576K
}

Dll operation events (8 events):
Event: 0.026 Loaded shared library C:\Program Files\Java\jdk-25\bin\java.dll
Event: 0.158 Loaded shared library C:\Program Files\Java\jdk-25\bin\net.dll
Event: 0.162 Loaded shared library C:\Program Files\Java\jdk-25\bin\nio.dll
Event: 0.207 Loaded shared library C:\Program Files\Java\jdk-25\bin\zip.dll
Event: 0.276 Loaded shared library C:\Program Files\Java\jdk-25\bin\jimage.dll
Event: 1.181 Loaded shared library C:\Program Files\Java\jdk-25\bin\management.dll
Event: 1.185 Loaded shared library C:\Program Files\Java\jdk-25\bin\management_ext.dll
Event: 3.231 Loaded shared library C:\Program Files\Java\jdk-25\bin\verify.dll

Deoptimization events (20 events):
Event: 20.396 Thread 0x0000015a73257620 Uncommon trap: trap_request=0xffffffc6 fr.pc=0x0000015a07db33a8 relative=0x0000000000002228
Event: 20.396 Thread 0x0000015a73257620 Uncommon trap: reason=bimorphic_or_optimized_type_check action=maybe_recompile pc=0x0000015a07db33a8 method=org.jetbrains.kotlin.fir.resolve.providers.FirSymbolNamesProviderKt.mayContainTopLevelClassifier(Ljava/util/Set;Lorg/jetbrains/kotlin/name/Name;)Z 
Event: 20.396 Thread 0x0000015a73257620 DEOPT PACKING pc=0x0000015a07db33a8 sp=0x00000041fb3f9700
Event: 20.396 Thread 0x0000015a73257620 DEOPT UNPACKING pc=0x0000015a075b9102 sp=0x00000041fb3f95d0 mode 2
Event: 20.396 Thread 0x0000015a73257620 Uncommon trap: trap_request=0xffffffc6 fr.pc=0x0000015a07db33a8 relative=0x0000000000002228
Event: 20.396 Thread 0x0000015a73257620 Uncommon trap: reason=bimorphic_or_optimized_type_check action=maybe_recompile pc=0x0000015a07db33a8 method=org.jetbrains.kotlin.fir.resolve.providers.FirSymbolNamesProviderKt.mayContainTopLevelClassifier(Ljava/util/Set;Lorg/jetbrains/kotlin/name/Name;)Z 
Event: 20.396 Thread 0x0000015a73257620 DEOPT PACKING pc=0x0000015a07db33a8 sp=0x00000041fb3f97c0
Event: 20.396 Thread 0x0000015a73257620 DEOPT UNPACKING pc=0x0000015a075b9102 sp=0x00000041fb3f9690 mode 2
Event: 20.396 Thread 0x0000015a73257620 Uncommon trap: trap_request=0xffffffc6 fr.pc=0x0000015a07db33a8 relative=0x0000000000002228
Event: 20.396 Thread 0x0000015a73257620 Uncommon trap: reason=bimorphic_or_optimized_type_check action=maybe_recompile pc=0x0000015a07db33a8 method=org.jetbrains.kotlin.fir.resolve.providers.FirSymbolNamesProviderKt.mayContainTopLevelClassifier(Ljava/util/Set;Lorg/jetbrains/kotlin/name/Name;)Z 
Event: 20.396 Thread 0x0000015a73257620 DEOPT PACKING pc=0x0000015a07db33a8 sp=0x00000041fb3f9700
Event: 20.396 Thread 0x0000015a73257620 DEOPT UNPACKING pc=0x0000015a075b9102 sp=0x00000041fb3f95d0 mode 2
Event: 20.396 Thread 0x0000015a73257620 Uncommon trap: trap_request=0xfffffff4 fr.pc=0x0000015a07dcb88c relative=0x0000000000000e8c
Event: 20.396 Thread 0x0000015a73257620 Uncommon trap: reason=null_check action=make_not_entrant pc=0x0000015a07dcb88c method=org.jetbrains.kotlin.fir.resolve.providers.impl.FirCachingCompositeSymbolProvider.getClassLikeSymbolByClassId(Lorg/jetbrains/kotlin/name/ClassId;)Lorg/jetbrains/kotlin/f
Event: 20.396 Thread 0x0000015a73257620 DEOPT PACKING pc=0x0000015a07dcb88c sp=0x00000041fb3f9a90
Event: 20.396 Thread 0x0000015a73257620 DEOPT UNPACKING pc=0x0000015a075b9102 sp=0x00000041fb3f9a28 mode 2
Event: 20.501 Thread 0x0000015a73257620 Uncommon trap: trap_request=0xffffff45 fr.pc=0x0000015a07d4ccb8 relative=0x0000000000001138
Event: 20.501 Thread 0x0000015a73257620 Uncommon trap: reason=unstable_if action=reinterpret pc=0x0000015a07d4ccb8 method=org.jetbrains.org.objectweb.asm.ClassReader.readElementValue(Lorg/jetbrains/org/objectweb/asm/AnnotationVisitor;ILjava/lang/String;[C)I @ 18 c2
Event: 20.501 Thread 0x0000015a73257620 DEOPT PACKING pc=0x0000015a07d4ccb8 sp=0x00000041fb3f7a30
Event: 20.501 Thread 0x0000015a73257620 DEOPT UNPACKING pc=0x0000015a075b9102 sp=0x00000041fb3f79a0 mode 2

Classes loaded (20 events):
Event: 7.559 Loading class java/util/stream/LongStream
Event: 7.560 Loading class java/util/stream/LongStream done
Event: 7.560 Loading class java/util/stream/DoubleStream
Event: 7.560 Loading class java/util/stream/DoubleStream done
Event: 7.614 Loading class java/util/AbstractList$SubList
Event: 7.617 Loading class java/util/AbstractList$SubList done
Event: 7.617 Loading class java/util/AbstractList$SubList$1
Event: 7.618 Loading class java/util/AbstractList$SubList$1 done
Event: 7.795 Loading class java/util/EnumMap$EntrySet
Event: 7.795 Loading class java/util/EnumMap$EntrySet done
Event: 7.797 Loading class java/util/EnumMap$EntryIterator
Event: 7.797 Loading class java/util/EnumMap$EnumMapIterator
Event: 7.797 Loading class java/util/EnumMap$EnumMapIterator done
Event: 7.797 Loading class java/util/EnumMap$EntryIterator done
Event: 7.797 Loading class java/util/EnumMap$EntryIterator$Entry
Event: 7.797 Loading class java/util/EnumMap$EntryIterator$Entry done
Event: 11.834 Loading class java/util/RegularEnumSet$EnumSetIterator
Event: 11.834 Loading class java/util/RegularEnumSet$EnumSetIterator done
Event: 12.873 Loading class java/util/AbstractList$RandomAccessSubList
Event: 12.873 Loading class java/util/AbstractList$RandomAccessSubList done

Classes unloaded (0 events):
No events

Classes redefined (0 events):
No events

Internal exceptions (20 events):
Event: 6.256 Thread 0x0000015a73257620 Exception <a 'java/lang/NoSuchMethodError'{0x000000008e8f49e8}: 'java.lang.Object java.lang.invoke.DirectMethodHandle$Holder.invokeSpecial(java.lang.Object, java.lang.Object, java.lang.Object, java.lang.Object, int, java.lang.Object)'> (0x000000008e8f49e8) 
thrown [s\open\src\hotspot\share\interpreter\linkResolver.cpp, line 804]
Event: 6.257 Thread 0x0000015a73257620 Exception <a 'java/lang/NoSuchMethodError'{0x000000008e8fd0b8}: 'java.lang.Object java.lang.invoke.Invokers$Holder.linkToTargetMethod(java.lang.Object, java.lang.Object, int, java.lang.Object, java.lang.Object)'> (0x000000008e8fd0b8) 
thrown [s\open\src\hotspot\share\interpreter\linkResolver.cpp, line 804]
Event: 6.279 Thread 0x0000015a73257620 Exception <a 'java/lang/NoSuchMethodError'{0x000000008e7b8870}: 'java.lang.Object java.lang.invoke.DirectMethodHandle$Holder.newInvokeSpecial(java.lang.Object, java.lang.Object, java.lang.Object, java.lang.Object, int)'> (0x000000008e7b8870) 
thrown [s\open\src\hotspot\share\interpreter\linkResolver.cpp, line 804]
Event: 6.283 Thread 0x0000015a73257620 Exception <a 'java/lang/NoSuchMethodError'{0x000000008e7c18e8}: 'java.lang.Object java.lang.invoke.DirectMethodHandle$Holder.invokeSpecial(java.lang.Object, java.lang.Object, java.lang.Object, java.lang.Object, java.lang.Object, int)'> (0x000000008e7c18e8) 
thrown [s\open\src\hotspot\share\interpreter\linkResolver.cpp, line 804]
Event: 6.284 Thread 0x0000015a73257620 Exception <a 'java/lang/NoSuchMethodError'{0x000000008e7c9fb8}: 'java.lang.Object java.lang.invoke.Invokers$Holder.linkToTargetMethod(java.lang.Object, java.lang.Object, java.lang.Object, int, java.lang.Object)'> (0x000000008e7c9fb8) 
thrown [s\open\src\hotspot\share\interpreter\linkResolver.cpp, line 804]
Event: 6.510 Thread 0x0000015a73257620 Implicit null exception at 0x0000015a07b500b6 to 0x0000015a07b50152
Event: 6.510 Thread 0x0000015a73257620 Implicit null exception at 0x0000015a07b323d0 to 0x0000015a07b32650
Event: 7.769 Thread 0x0000015a73257620 Exception <a 'java/lang/NoSuchMethodError'{0x0000000090c91e78}: 'java.lang.Object java.lang.invoke.DirectMethodHandle$Holder.newInvokeSpecial(java.lang.Object, java.lang.Object, java.lang.Object, java.lang.Object, java.lang.Object, java.lang.Object)'> (0x0000000090c91e78) 
thrown [s\open\src\hotspot\share\interpreter\linkResolver.cpp, line 804]
Event: 12.493 Thread 0x0000015a73257620 Exception <a 'java/lang/NoSuchMethodError'{0x000000008f27e058}: 'java.lang.Object java.lang.invoke.DirectMethodHandle$Holder.newInvokeSpecial(java.lang.Object, java.lang.Object, java.lang.Object, int)'> (0x000000008f27e058) 
thrown [s\open\src\hotspot\share\interpreter\linkResolver.cpp, line 804]
Event: 12.494 Thread 0x0000015a73257620 Exception <a 'java/lang/NoSuchMethodError'{0x000000008f287298}: 'java.lang.Object java.lang.invoke.Invokers$Holder.linkToTargetMethod(java.lang.Object, java.lang.Object, int, java.lang.Object)'> (0x000000008f287298) 
thrown [s\open\src\hotspot\share\interpreter\linkResolver.cpp, line 804]
Event: 12.509 Thread 0x0000015a73257620 Exception <a 'java/lang/NoSuchMethodError'{0x000000008f2cd890}: 'java.lang.Object java.lang.invoke.DirectMethodHandle$Holder.newInvokeSpecial(java.lang.Object, int, java.lang.Object)'> (0x000000008f2cd890) 
thrown [s\open\src\hotspot\share\interpreter\linkResolver.cpp, line 804]
Event: 12.538 Thread 0x0000015a73257620 Exception <a 'java/lang/NoSuchMethodError'{0x00000000fff09c40}: 'java.lang.Object java.lang.invoke.DirectMethodHandle$Holder.newInvokeSpecial(java.lang.Object, java.lang.Object, java.lang.Object, java.lang.Object, int, java.lang.Object, java.lang.Object)'> (0x00000000fff09c40) 
thrown [s\open\src\hotspot\share\interpreter\linkResolver.cpp, line 804]
Event: 12.539 Thread 0x0000015a73257620 Exception <a 'java/lang/NoSuchMethodError'{0x00000000fff1ae58}: 'java.lang.Object java.lang.invoke.Invokers$Holder.linkToTargetMethod(java.lang.Object, java.lang.Object, java.lang.Object, int, java.lang.Object, java.lang.Object, java.lang.Object)'> (0x00000000fff1ae58) 
thrown [s\open\src\hotspot\share\interpreter\linkResolver.cpp, line 804]
Event: 13.383 Thread 0x0000015a73257620 Exception <a 'java/lang/NoSuchMethodError'{0x0000000090bc7740}: 'java.lang.Object java.lang.invoke.DirectMethodHandle$Holder.newInvokeSpecial(java.lang.Object, int, java.lang.Object, java.lang.Object)'> (0x0000000090bc7740) 
thrown [s\open\src\hotspot\share\interpreter\linkResolver.cpp, line 804]
Event: 14.669 Thread 0x0000015a73257620 Exception <a 'java/lang/NoSuchMethodError'{0x00000000902350f0}: 'java.lang.Object java.lang.invoke.DirectMethodHandle$Holder.invokeStatic(java.lang.Object, java.lang.Object, java.lang.Object, int, java.lang.Object, java.lang.Object)'> (0x00000000902350f0) 
thrown [s\open\src\hotspot\share\interpreter\linkResolver.cpp, line 804]
Event: 14.720 Thread 0x0000015a73257620 Exception <a 'java/lang/NoSuchMethodError'{0x00000000902ac580}: 'java.lang.Object java.lang.invoke.DirectMethodHandle$Holder.newInvokeSpecial(java.lang.Object, java.lang.Object, java.lang.Object, java.lang.Object, java.lang.Object, int)'> (0x00000000902ac580) 
thrown [s\open\src\hotspot\share\interpreter\linkResolver.cpp, line 804]
Event: 14.721 Thread 0x0000015a73257620 Exception <a 'java/lang/NoSuchMethodError'{0x00000000902b5960}: 'java.lang.Object java.lang.invoke.DirectMethodHandle$Holder.invokeSpecial(java.lang.Object, java.lang.Object, java.lang.Object, java.lang.Object, java.lang.Object, java.lang.Object, int)'> (0x00000000902b5960) 
thrown [s\open\src\hotspot\share\interpreter\linkResolver.cpp, line 804]
Event: 14.721 Thread 0x0000015a73257620 Exception <a 'java/lang/NoSuchMethodError'{0x00000000902be390}: 'java.lang.Object java.lang.invoke.Invokers$Holder.linkToTargetMethod(java.lang.Object, java.lang.Object, java.lang.Object, java.lang.Object, int, java.lang.Object)'> (0x00000000902be390) 
thrown [s\open\src\hotspot\share\interpreter\linkResolver.cpp, line 804]
Event: 16.480 Thread 0x0000015a73257620 Exception <a 'java/lang/NoSuchMethodError'{0x00000000fffdf618}: 'java.lang.Object java.lang.invoke.DirectMethodHandle$Holder.newInvokeSpecial(java.lang.Object, int, java.lang.Object, java.lang.Object, java.lang.Object)'> (0x00000000fffdf618) 
thrown [s\open\src\hotspot\share\interpreter\linkResolver.cpp, line 804]
Event: 16.481 Thread 0x0000015a73257620 Exception <a 'java/lang/NoSuchMethodError'{0x00000000ffff0150}: 'java.lang.Object java.lang.invoke.Invokers$Holder.linkToTargetMethod(int, java.lang.Object, java.lang.Object, java.lang.Object, java.lang.Object)'> (0x00000000ffff0150) 
thrown [s\open\src\hotspot\share\interpreter\linkResolver.cpp, line 804]

VM Operations (20 events):
Event: 16.448 Executing safepoint VM operation: G1PauseCleanup
Event: 16.455 Executing safepoint VM operation: G1PauseCleanup done
Event: 17.571 Executing non-safepoint VM operation: HandshakeAllThreads (Deoptimize)
Event: 17.571 Executing non-safepoint VM operation: HandshakeAllThreads (Deoptimize) done
Event: 17.741 Executing non-safepoint VM operation: HandshakeAllThreads (Deoptimize)
Event: 17.741 Executing non-safepoint VM operation: HandshakeAllThreads (Deoptimize) done
Event: 17.743 Executing non-safepoint VM operation: HandshakeAllThreads (Deoptimize)
Event: 17.743 Executing non-safepoint VM operation: HandshakeAllThreads (Deoptimize) done
Event: 18.675 Executing safepoint VM operation: G1CollectForAllocation (G1 Evacuation Pause)
Event: 18.694 Executing safepoint VM operation: G1CollectForAllocation (G1 Evacuation Pause) done
Event: 18.804 Executing non-safepoint VM operation: HandshakeAllThreads (Deoptimize)
Event: 18.804 Executing non-safepoint VM operation: HandshakeAllThreads (Deoptimize) done
Event: 19.722 Executing non-safepoint VM operation: HandshakeAllThreads (Deoptimize)
Event: 19.722 Executing non-safepoint VM operation: HandshakeAllThreads (Deoptimize) done
Event: 19.737 Executing non-safepoint VM operation: HandshakeAllThreads (Deoptimize)
Event: 19.737 Executing non-safepoint VM operation: HandshakeAllThreads (Deoptimize) done
Event: 19.788 Executing non-safepoint VM operation: HandshakeAllThreads (Deoptimize)
Event: 19.788 Executing non-safepoint VM operation: HandshakeAllThreads (Deoptimize) done
Event: 20.431 Executing safepoint VM operation: G1CollectForAllocation (G1 Evacuation Pause)
Event: 20.446 Executing safepoint VM operation: G1CollectForAllocation (G1 Evacuation Pause) done

Memory protections (0 events):
No events

Nmethod flushes (20 events):
Event: 16.408 Thread 0x0000015a113521e0 flushing  nmethod 0x0000015a00539c08
Event: 16.408 Thread 0x0000015a113521e0 flushing  nmethod 0x0000015a0053a408
Event: 16.408 Thread 0x0000015a113521e0 flushing  nmethod 0x0000015a0053a788
Event: 16.408 Thread 0x0000015a113521e0 flushing  nmethod 0x0000015a0053c788
Event: 16.408 Thread 0x0000015a113521e0 flushing  nmethod 0x0000015a00540e88
Event: 16.408 Thread 0x0000015a113521e0 flushing  nmethod 0x0000015a0054f588
Event: 16.408 Thread 0x0000015a113521e0 flushing  nmethod 0x0000015a0054fb88
Event: 16.408 Thread 0x0000015a113521e0 flushing  nmethod 0x0000015a00569008
Event: 16.408 Thread 0x0000015a113521e0 flushing  nmethod 0x0000015a00569608
Event: 16.408 Thread 0x0000015a113521e0 flushing  nmethod 0x0000015a0056a188
Event: 16.408 Thread 0x0000015a113521e0 flushing  nmethod 0x0000015a0056d108
Event: 16.408 Thread 0x0000015a113521e0 flushing  nmethod 0x0000015a0059d408
Event: 16.408 Thread 0x0000015a113521e0 flushing  nmethod 0x0000015a005d6988
Event: 16.408 Thread 0x0000015a113521e0 flushing  nmethod 0x0000015a005e4088
Event: 16.408 Thread 0x0000015a113521e0 flushing  nmethod 0x0000015a0066df88
Event: 16.408 Thread 0x0000015a113521e0 flushing  nmethod 0x0000015a0067de88
Event: 16.408 Thread 0x0000015a113521e0 flushing  nmethod 0x0000015a0067ea08
Event: 16.408 Thread 0x0000015a113521e0 flushing  nmethod 0x0000015a0068fd08
Event: 16.408 Thread 0x0000015a113521e0 flushing  nmethod 0x0000015a00695188
Event: 16.408 Thread 0x0000015a113521e0 flushing  nmethod 0x0000015a0073d608

Events (20 events):
Event: 0.078 Thread 0x0000015a73257620 Thread added: 0x0000015a11365bb0
Event: 0.079 Thread 0x0000015a73257620 Thread added: 0x0000015a11367e70
Event: 0.080 Thread 0x0000015a73257620 Thread added: 0x0000015a11368a30
Event: 0.082 Thread 0x0000015a73257620 Thread added: 0x0000015a1136c130
Event: 0.083 Thread 0x0000015a73257620 Thread added: 0x0000015a1136d970
Event: 0.084 Thread 0x0000015a73257620 Thread added: 0x0000015a11374880
Event: 0.091 Thread 0x0000015a73257620 Thread added: 0x0000015a113f2ab0
Event: 0.149 Thread 0x0000015a73257620 Thread added: 0x0000015a114357e0
Event: 0.153 Thread 0x0000015a73257620 Thread added: 0x0000015a11444250
Event: 0.188 Thread 0x0000015a11374880 Thread added: 0x0000015a11517250
Event: 1.777 Thread 0x0000015a11517250 Thread exited: 0x0000015a11517250
Event: 3.749 Thread 0x0000015a113f2ab0 Thread added: 0x0000015a16f71770
Event: 4.460 Thread 0x0000015a16f71770 Thread exited: 0x0000015a16f71770
Event: 4.739 Thread 0x0000015a113f2ab0 Thread added: 0x0000015a1688f010
Event: 7.672 Thread 0x0000015a1688f010 Thread exited: 0x0000015a1688f010
Event: 17.100 Thread 0x0000015a113f2ab0 Thread added: 0x0000015a177316a0
Event: 18.389 Thread 0x0000015a177316a0 Thread exited: 0x0000015a177316a0
Event: 18.753 Thread 0x0000015a113f2ab0 Thread added: 0x0000015a1772e640
Event: 19.679 Thread 0x0000015a1772e640 Thread exited: 0x0000015a1772e640
Event: 19.803 Thread 0x0000015a11374880 Thread added: 0x0000015a1772e640


Dynamic libraries:
0x00007ff7e90c0000 - 0x00007ff7e90d0000 	C:\Program Files\Java\jdk-25\bin\java.exe
0x00007ff9348e0000 - 0x00007ff934b46000 	C:\WINDOWS\SYSTEM32\ntdll.dll
0x00007ff8f8400000 - 0x00007ff8f8421000 	C:\Program Files\AVG\Antivirus\aswhook.dll
0x00007ff934640000 - 0x00007ff934709000 	C:\WINDOWS\System32\KERNEL32.DLL
0x00007ff932200000 - 0x00007ff9325ff000 	C:\WINDOWS\System32\KERNELBASE.dll
0x00007ff931f40000 - 0x00007ff93208c000 	C:\WINDOWS\System32\ucrtbase.dll
0x00007ff920990000 - 0x00007ff9209a7000 	C:\Program Files\Java\jdk-25\bin\jli.dll
0x00007ff920970000 - 0x00007ff92098e000 	C:\Program Files\Java\jdk-25\bin\VCRUNTIME140.dll
0x00007ff932e40000 - 0x00007ff933006000 	C:\WINDOWS\System32\USER32.dll
0x00007ff9321d0000 - 0x00007ff9321f7000 	C:\WINDOWS\System32\win32u.dll
0x00007ff9121e0000 - 0x00007ff912471000 	C:\WINDOWS\WinSxS\amd64_microsoft.windows.common-controls_6595b64144ccf1df_6.0.26100.8972_none_3e0da176e32f9d4b\COMCTL32.dll
0x00007ff934210000 - 0x00007ff93423b000 	C:\WINDOWS\System32\GDI32.dll
0x00007ff933010000 - 0x00007ff9330b9000 	C:\WINDOWS\System32\msvcrt.dll
0x00007ff9320a0000 - 0x00007ff9321c9000 	C:\WINDOWS\System32\gdi32full.dll
0x00007ff931d00000 - 0x00007ff931da3000 	C:\WINDOWS\System32\msvcp_win.dll
0x00007ff9327a0000 - 0x00007ff9327d2000 	C:\WINDOWS\System32\IMM32.DLL
0x00007ff92a980000 - 0x00007ff92a98c000 	C:\Program Files\Java\jdk-25\bin\vcruntime140_1.dll
0x00007ff904cd0000 - 0x00007ff904d5d000 	C:\Program Files\Java\jdk-25\bin\msvcp140.dll
0x00007ff84f6e0000 - 0x00007ff85053f000 	C:\Program Files\Java\jdk-25\bin\server\jvm.dll
0x00007ff9347d0000 - 0x00007ff93488c000 	C:\WINDOWS\System32\ADVAPI32.dll
0x00007ff9330e0000 - 0x00007ff933189000 	C:\WINDOWS\System32\sechost.dll
0x00007ff933f10000 - 0x00007ff934028000 	C:\WINDOWS\System32\RPCRT4.dll
0x00007ff933d30000 - 0x00007ff933db2000 	C:\WINDOWS\System32\WS2_32.dll
0x00007ff931950000 - 0x00007ff9319ae000 	C:\WINDOWS\SYSTEM32\POWRPROF.dll
0x00007ff929600000 - 0x00007ff929636000 	C:\WINDOWS\SYSTEM32\WINMM.dll
0x00007ff929640000 - 0x00007ff92964b000 	C:\WINDOWS\SYSTEM32\VERSION.dll
0x00007ff931930000 - 0x00007ff931945000 	C:\WINDOWS\SYSTEM32\UMPDC.dll
0x00007ff9307a0000 - 0x00007ff9307bb000 	C:\WINDOWS\SYSTEM32\kernel.appcore.dll
0x00007ff92a960000 - 0x00007ff92a96a000 	C:\Program Files\Java\jdk-25\bin\jimage.dll
0x00007ff92fbc0000 - 0x00007ff92fe02000 	C:\WINDOWS\SYSTEM32\DBGHELP.DLL
0x00007ff9339a0000 - 0x00007ff933d25000 	C:\WINDOWS\System32\combase.dll
0x00007ff933df0000 - 0x00007ff933ec9000 	C:\WINDOWS\System32\OLEAUT32.dll
0x00007ff923b80000 - 0x00007ff923bbb000 	C:\WINDOWS\SYSTEM32\dbgcore.DLL
0x00007ff931af0000 - 0x00007ff931b9c000 	C:\WINDOWS\System32\bcryptPrimitives.dll
0x00007ff9098b0000 - 0x00007ff9098cf000 	C:\Program Files\Java\jdk-25\bin\java.dll
0x00007ff934250000 - 0x00007ff9343e9000 	C:\WINDOWS\System32\ole32.dll
0x00007ff933190000 - 0x00007ff933918000 	C:\WINDOWS\System32\SHELL32.dll
0x00007ff92f320000 - 0x00007ff92fbbb000 	C:\WINDOWS\SYSTEM32\windows.storage.dll
0x00007ff932610000 - 0x00007ff932709000 	C:\WINDOWS\System32\SHCORE.dll
0x00007ff934580000 - 0x00007ff9345e6000 	C:\WINDOWS\System32\shlwapi.dll
0x00007ff931a10000 - 0x00007ff931a39000 	C:\WINDOWS\SYSTEM32\profapi.dll
0x00007ff906dd0000 - 0x00007ff906de2000 	C:\Program Files\Java\jdk-25\bin\net.dll
0x00007ff930d30000 - 0x00007ff930d9c000 	C:\WINDOWS\system32\mswsock.dll
0x00007ff906c00000 - 0x00007ff906c16000 	C:\Program Files\Java\jdk-25\bin\nio.dll
0x00007ff909120000 - 0x00007ff909137000 	C:\Program Files\Java\jdk-25\bin\zip.dll
0x00007ff920960000 - 0x00007ff92096a000 	C:\Program Files\Java\jdk-25\bin\management.dll
0x00007ff920950000 - 0x00007ff92095c000 	C:\Program Files\Java\jdk-25\bin\management_ext.dll
0x00007ff933f00000 - 0x00007ff933f08000 	C:\WINDOWS\System32\PSAPI.DLL
0x00007ff90a5e0000 - 0x00007ff90a5f0000 	C:\Program Files\Java\jdk-25\bin\verify.dll

JVMTI agents: none

dbghelp: loaded successfully - version: 4.0.5 - missing functions: none
symbol engine: initialized successfully - sym options: 0x614 - pdb path: .;C:\Program Files\Java\jdk-25\bin;C:\WINDOWS\SYSTEM32;C:\Program Files\AVG\Antivirus;C:\WINDOWS\WinSxS\amd64_microsoft.windows.common-controls_6595b64144ccf1df_6.0.26100.8972_none_3e0da176e32f9d4b;C:\Program Files\Java\jdk-25\bin\server

VM Arguments:
java_command: org.jetbrains.kotlin.cli.jvm.K2JVMCompiler @C:\flutter\packages\flutter_tools\gradle\build\20261004_13838486853042931601.compiler.options
java_class_path (initial): C:\Users\Lenovo\.gradle\caches\modules-2\files-2.1\org.jetbrains.kotlin\kotlin-compiler-embeddable\2.2.20\bb8331b7585e36ea311825b01a1c06860c055fd1\kotlin-compiler-embeddable-2.2.20.jar;C:\Users\Lenovo\.gradle\caches\modules-2\files-2.1\org.jetbrains.kotlin\kotlin-stdlib\2.2.20\5380b19fa1924399b62ce3a1faffebb2b4f82272\kotlin-stdlib-2.2.20.jar;C:\Users\Lenovo\.gradle\caches\modules-2\files-2.1\org.jetbrains.kotlin\kotlin-script-runtime\2.2.20\4c679cbeac0bb583b75c3a080013da8eaf240807\kotlin-script-runtime-2.2.20.jar;C:\Users\Lenovo\.gradle\caches\modules-2\files-2.1\org.jetbrains.kotlin\kotlin-reflect\1.6.10\1cbe9c92c12a94eea200d23c2bbaedaf3daf5132\kotlin-reflect-1.6.10.jar;C:\Users\Lenovo\.gradle\caches\modules-2\files-2.1\org.jetbrains.kotlin\kotlin-daemon-embeddable\2.2.20\feff12d48d7f1eb628742b0a721395e16f8755bf\kotlin-daemon-embeddable-2.2.20.jar;C:\Users\Lenovo\.gradle\caches\modules-2\files-2.1\org.jetbrains.kotlinx\kotlinx-coroutines-core-jvm\1.8.0\ac1dc37a30a93150b704022f8d895ee1bd3a36b3\kotlinx-coroutines-core-jvm-1.8.0.jar;C:\Users\Lenovo\.gradle\caches\modules-2\files-2.1\org.jetbrains\annotations\13.0\919f0dfe192fb4e063e7dacadee7f8bb9a2672a9\annotations-13.0.jar
Launcher Type: SUN_STANDARD

[Global flags]
     intx CICompilerCount                          = 3                                         {product} {ergonomic}
     uint ConcGCThreads                            = 1                                         {product} {ergonomic}
     uint G1ConcRefinementThreads                  = 4                                         {product} {ergonomic}
   size_t G1HeapRegionSize                         = 1048576                                   {product} {ergonomic}
   size_t InitialHeapSize                          = 123731968                                 {product} {ergonomic}
   size_t MarkStackSize                            = 4194304                                   {product} {ergonomic}
   size_t MarkStackSizeMax                         = 536870912                                 {product} {ergonomic}
   size_t MaxHeapSize                              = 1979711488                                {product} {ergonomic}
   size_t MaxNewSize                               = 1186988032                                {product} {ergonomic}
   size_t MinHeapDeltaBytes                        = 1048576                                   {product} {ergonomic}
   size_t MinHeapSize                              = 8388608                                   {product} {ergonomic}
    uintx NonNMethodCodeHeapSize                   = 5832704                                {pd product} {ergonomic}
    uintx NonProfiledCodeHeapSize                  = 122945536                              {pd product} {ergonomic}
    uintx ProfiledCodeHeapSize                     = 122880000                              {pd product} {ergonomic}
    uintx ReservedCodeCacheSize                    = 251658240                              {pd product} {ergonomic}
     bool SegmentedCodeCache                       = true                                      {product} {ergonomic}
   size_t SoftMaxHeapSize                          = 1979711488                             {manageable} {ergonomic}
     bool UseCompressedOops                        = true                           {product lp64_product} {ergonomic}
     bool UseG1GC                                  = true                                      {product} {ergonomic}
     bool UseLargePagesIndividualAllocation        = false                                  {pd product} {ergonomic}

Logging:
Log output configuration:
 #0: stdout all=warning uptime,level,tags foldmultilines=false
 #1: stderr all=off uptime,level,tags foldmultilines=false

Release file:
IMPLEMENTOR="Oracle Corporation" 
JAVA_RUNTIME_VERSION="25.0.1+8-LTS-27" 
JAVA_VERSION="25.0.1" 
JAVA_VERSION_DATE="2025-10-21" 
LIBC="default" 
MODULES="java.base java.compiler java.datatransfer java.xml java.prefs java.desktop java.instrument java.logging java.management java.security.sasl java.naming java.rmi java.management.rmi java.net.http java.scripting java.security.jgss java.transaction.xa java.sql java.sql.rowset java.xml.crypto java.se java.smartcardio jdk.accessibility jdk.internal.jvmstat jdk.attach jdk.charsets jdk.internal.opt jdk.zipfs jdk.compiler jdk.crypto.cryptoki jdk.crypto.ec jdk.crypto.mscapi jdk.dynalink jdk.internal.ed jdk.editpad jdk.internal.vm.ci jdk.graal.compiler jdk.graal.compiler.management jdk.hotspot.agent jdk.httpserver jdk.incubator.vector jdk.internal.le jdk.internal.md jdk.jartool jdk.javadoc jdk.jcmd jdk.management jdk.management.agent jdk.jconsole jdk.jdeps jdk.jdwp.agent jdk.jdi jdk.jfr jdk.jlink jdk.jpackage jdk.jshell jdk.jsobject jdk.jstatd jdk.localedata jdk.management.jfr jdk.naming.dns jdk.naming.rmi jdk.net jdk.nio.mapmode jdk.sctp jdk.security.auth jdk.security.jgss jdk.unsupported jdk.unsupported.desktop jdk.xml.dom" 
OS_ARCH="x86_64" 
OS_NAME="Windows" 
SOURCE=".:git:862c85bc42b7 open:git:78770bfaefd2" 

Environment Variables:
JAVA_HOME=C:\Program Files\Android\Android Studio1\jbr
PATH=C:\Program Files\ImageMagick-7.1.2-Q16-HDRI;C:\Program Files\Common Files\Oracle\Java\javapath;C:\WINDOWS\system32;C:\WINDOWS;C:\WINDOWS\System32\Wbem;C:\WINDOWS\System32\WindowsPowerShell\v1.0\;C:\WINDOWS\System32\OpenSSH\;C:\Program Files\Java\jdk-25;C:\Program Files\Java\jdk-25\bin;C:\xamppe\mysql\bin;C:\xamppe\php;C:\Program Files\Git\cmd;C:\Program Files\nodejs\;C:\xampp\mysql\bin;C:\Program Files\dotnet\;C:\ffmpeg\bin;C:\Android\Sdk\platform-tools;C:\Android\Sdk\cmdline-tools\latest\bin;C:\Program Files\ImageMagick-7.1.2-Q16-HDRI;C:\Program Files\Common Files\Oracle\Java\javapath;C:\WINDOWS\system32;C:\WINDOWS;C:\WINDOWS\System32\Wbem;C:\WINDOWS\System32\WindowsPowerShell\v1.0\;C:\WINDOWS\System32\OpenSSH\;C:\Program Files\Java\jdk-25;C:\Program Files\Java\jdk-25\bin;C:\xamppe\mysql\bin;C:\xamppe\php;C:\Program Files\Git\cmd;C:\Program Files\nodejs\;C:\xampp\mysql\bin;C:\Program Files\dotnet\;C:\ffmpeg\bin;C:\Android\Sdk\platform-tools;C:\Android\Sdk\cmdline-tools\latest\bin;C:\Users\Lenovo\AppData\Local\Programs\Python\Python311\Scripts\;C:\Users\Lenovo\AppData\Local\Programs\Python\Python311\;C:\Users\Lenovo\AppData\Local\Programs\Python\Python312\Scripts\;C:\Users\Lenovo\AppData\Local\Programs\Python\Python312\;C:\Users\Lenovo\AppData\Local\Programs\Python\Python315\Scripts\;C:\Users\Lenovo\AppData\Local\Programs\Python\Python315\;C:\Users\Lenovo\AppData\Local\Programs\Python\Launcher\;C:\Users\Lenovo\AppData\Local\Microsoft\WindowsApps;C:\Users\Lenovo\AppData\Local\Programs\Microsoft VS;C:\flutter\bin;C:\Users\Lenovo\AppData\Local\Programs\Microsoft VS Code\bin
USERNAME=Lenovo
OS=Windows_NT
PROCESSOR_IDENTIFIER=AMD64 Family 23 Model 96 Stepping 1, AuthenticAMD
TMP=C:\Users\Lenovo\AppData\Local\Temp
TEMP=C:\Users\Lenovo\AppData\Local\Temp




Compilation memory statistics disabled.

Periodic native trim disabled

---------------  S Y S T E M  ---------------

OS:
 Windows 11 , 64 bit Build 26100 (10.0.26100.8972)
OS uptime: 2 days 19:17 hours
Hyper-V role detected

CPU: total 4 (initial active 4) (4 cores per cpu, 1 threads per core) family 23 model 96 stepping 1 microcode 0x860010f, cx8, cmov, fxsr, mmx, 3dnowpref, sse, sse2, sse3, ssse3, sse4a, sse4.1, sse4.2, popcnt, lzcnt, tsc, tscinvbit, avx, avx2, aes, clmul, bmi1, bmi2, adx, sha, fma, vzeroupper, clflush, clflushopt, clwb, hv, rdtscp, rdpid, f16c
Processor Information for the first 4 processors :
  Max Mhz: 2700, Current Mhz: 2700, Mhz Limit: 2700

Memory: 4k page, system-wide physical 7544M (922M free)
TotalPageFile size 31096M (AvailPageFile size 1M)
current process WorkingSet (physical memory assigned to process): 323M, peak: 330M
current process commit charge ("private bytes"): 350M, peak: 365M

vm_info: Java HotSpot(TM) 64-Bit Server VM (25.0.1+8-LTS-27) for windows-amd64 JRE (25.0.1+8-LTS-27), built on 2025-09-25T16:41:16Z with unknown MS VC++:1943

END.
