#
# There is insufficient memory for the Java Runtime Environment to continue.
# Native memory allocation (malloc) failed to allocate 2411992 bytes. Error detail: Chunk::new
# Possible reasons:
#   The system is out of physical RAM or swap space
#   This process is running with CompressedOops enabled, and the Java Heap may be blocking the growth of the native heap
# Possible solutions:
#   Reduce memory load on the system
#   Increase physical memory or swap space
#   Check if swap backing store is full
#   Decrease Java heap size (-Xmx/-Xms)
#   Decrease number of Java threads
#   Decrease Java thread stack sizes (-Xss)
#   Set larger code cache with -XX:ReservedCodeCacheSize=
#   JVM is running with Zero Based Compressed Oops mode in which the Java heap is
#     placed in the first 32GB address space. The Java Heap base address is the
#     maximum limit for the native heap growth. Please use -XX:HeapBaseMinAddress
#     to set the Java Heap base and to place the Java Heap above 32GB virtual address.
# This output file may be truncated or incomplete.
#
#  Out of Memory Error (arena.cpp:186), pid=27120, tid=6256
#
# JRE version: Java(TM) SE Runtime Environment (25.0.1+8) (build 25.0.1+8-LTS-27)
# Java VM: Java HotSpot(TM) 64-Bit Server VM (25.0.1+8-LTS-27, mixed mode, sharing, tiered, compressed oops, compressed class ptrs, g1 gc, windows-amd64)
# No core dump will be written. Minidumps are not enabled by default on client versions of Windows
#

---------------  S U M M A R Y ------------

Command Line: --add-opens=java.base/java.lang=ALL-UNNAMED --add-opens=java.base/java.lang.invoke=ALL-UNNAMED --add-opens=java.base/java.util=ALL-UNNAMED --add-opens=java.prefs/java.util.prefs=ALL-UNNAMED --add-exports=jdk.compiler/com.sun.tools.javac.api=ALL-UNNAMED --add-exports=jdk.compiler/com.sun.tools.javac.util=ALL-UNNAMED --add-opens=java.base/java.util=ALL-UNNAMED --add-opens=java.prefs/java.util.prefs=ALL-UNNAMED --add-opens=java.base/java.nio.charset=ALL-UNNAMED --add-opens=java.base/java.net=ALL-UNNAMED --add-opens=java.base/java.util.concurrent=ALL-UNNAMED --add-opens=java.base/java.util.concurrent.atomic=ALL-UNNAMED --add-opens=java.xml/javax.xml.namespace=ALL-UNNAMED --add-opens=java.base/java.time=ALL-UNNAMED --enable-native-access=ALL-UNNAMED -XX:MaxMetaspaceSize=4G -XX:ReservedCodeCacheSize=512m -XX:+HeapDumpOnOutOfMemoryError -Xmx8G -Dfile.encoding=UTF-8 -Duser.country=FR -Duser.language=fr -Duser.variant -javaagent:C:\Users\Lenovo\.gradle\wrapper\dists\gradle-9.1.0-all\7wzd0jkjit61aq2p43wpjgij9\gradle-9.1.0\lib\agents\gradle-instrumentation-agent-9.1.0.jar org.gradle.launcher.daemon.bootstrap.GradleDaemon 9.1.0

Host: AMD Ryzen 3 4300U with Radeon Graphics         , 4 cores, 7G,  Windows 11 , 64 bit Build 26100 (10.0.26100.8972)
Time: Sun Oct  4 19:48:27 2026 Greenwich elapsed time: 120.616803 seconds (0d 0h 2m 0s)

---------------  T H R E A D  ---------------

Current thread (0x0000022abcc2a920):  JavaThread "C2 CompilerThread0" daemon [_thread_in_native, id=6256, stack(0x0000003e01a00000,0x0000003e01b00000) (1024K)]


Current CompileTask:
C2:120616 13498       4       org.gradle.internal.problems.failure.InternalStackTraceClassifier::isInternal (67 bytes)

Stack: [0x0000003e01a00000,0x0000003e01b00000]
Native frames: (J=compiled Java code, j=interpreted, Vv=VM code, C=native code)
V  [jvm.dll+0x7a6b59]  (no source info available)
V  [jvm.dll+0x77290d]  (no source info available)
V  [jvm.dll+0x966153]  (no source info available)
V  [jvm.dll+0x968751]  (no source info available)
V  [jvm.dll+0x968e53]  (no source info available)
V  [jvm.dll+0x2fc756]  (no source info available)
V  [jvm.dll+0x111b26]  (no source info available)
V  [jvm.dll+0x111e4e]  (no source info available)
V  [jvm.dll+0x1a0a22]  (no source info available)
V  [jvm.dll+0x3b53c2]  (no source info available)
V  [jvm.dll+0x7ac4ef]  (no source info available)
V  [jvm.dll+0x2c0ac7]  (no source info available)
V  [jvm.dll+0x2bfa8f]  (no source info available)
V  [jvm.dll+0x237b60]  (no source info available)
V  [jvm.dll+0x2cfb56]  (no source info available)
V  [jvm.dll+0x2cddd5]  (no source info available)
V  [jvm.dll+0x48e6d1]  (no source info available)
V  [jvm.dll+0x906a0d]  (no source info available)
V  [jvm.dll+0x7a5135]  (no source info available)
C  [ucrtbase.dll+0x2cd30]  (no source info available)
C  [KERNEL32.DLL+0x2ccb7]  (no source info available)
C  [ntdll.dll+0xaad6c]  (no source info available)

Lock stack of current Java thread (top to bottom):


---------------  P R O C E S S  ---------------

Threads class SMR info:
_java_thread_list=0x0000022ac8283e40, length=36, elements={
0x0000022a89ff9a30, 0x0000022abcc1da80, 0x0000022abcc1f5e0, 0x0000022abcc22e60,
0x0000022abcc24a30, 0x0000022abcc28e70, 0x0000022abcc29a30, 0x0000022abcc2a920,
0x0000022abcc2f790, 0x0000022abf1fec90, 0x0000022abf3a1480, 0x0000022ac4ce0f80,
0x0000022ac42cd7a0, 0x0000022ac51f3e70, 0x0000022ac5137c10, 0x0000022ac42cdfb0,
0x0000022ac4e69bd0, 0x0000022ac4e6f1c0, 0x0000022ac4e6e220, 0x0000022ac5d5e300,
0x0000022ac5d5ead0, 0x0000022ac5d5c3c0, 0x0000022ac5d60240, 0x0000022ac5d5cb90,
0x0000022ac57f39a0, 0x0000022ac57f58e0, 0x0000022abf28ae00, 0x0000022abf290bc0,
0x0000022ac8bfe9e0, 0x0000022ac8c00150, 0x0000022ac8c44f40, 0x0000022ac8c42060,
0x0000022ac8c44770, 0x0000022ac8c43000, 0x0000022ac5214230, 0x0000022ac57f4940
}

Java Threads: ( => current thread )
  0x0000022a89ff9a30 JavaThread "main"                              [_thread_blocked, id=17828, stack(0x0000003e00c00000,0x0000003e00d00000) (1024K)]
  0x0000022abcc1da80 JavaThread "Reference Handler"          daemon [_thread_blocked, id=13684, stack(0x0000003e01400000,0x0000003e01500000) (1024K)]
  0x0000022abcc1f5e0 JavaThread "Finalizer"                  daemon [_thread_blocked, id=25296, stack(0x0000003e01500000,0x0000003e01600000) (1024K)]
  0x0000022abcc22e60 JavaThread "Signal Dispatcher"          daemon [_thread_blocked, id=4488, stack(0x0000003e01600000,0x0000003e01700000) (1024K)]
  0x0000022abcc24a30 JavaThread "Attach Listener"            daemon [_thread_blocked, id=6832, stack(0x0000003e01700000,0x0000003e01800000) (1024K)]
  0x0000022abcc28e70 JavaThread "Service Thread"             daemon [_thread_blocked, id=11768, stack(0x0000003e01800000,0x0000003e01900000) (1024K)]
  0x0000022abcc29a30 JavaThread "Monitor Deflation Thread"   daemon [_thread_blocked, id=20012, stack(0x0000003e01900000,0x0000003e01a00000) (1024K)]
=>0x0000022abcc2a920 JavaThread "C2 CompilerThread0"         daemon [_thread_in_native, id=6256, stack(0x0000003e01a00000,0x0000003e01b00000) (1024K)]
  0x0000022abcc2f790 JavaThread "C1 CompilerThread0"         daemon [_thread_blocked, id=10036, stack(0x0000003e01b00000,0x0000003e01c00000) (1024K)]
  0x0000022abf1fec90 JavaThread "Common-Cleaner"             daemon [_thread_blocked, id=25972, stack(0x0000003e01c00000,0x0000003e01d00000) (1024K)]
  0x0000022abf3a1480 JavaThread "Notification Thread"        daemon [_thread_blocked, id=12148, stack(0x0000003e01d00000,0x0000003e01e00000) (1024K)]
  0x0000022ac4ce0f80 JavaThread "Daemon health stats"               [_thread_blocked, id=17112, stack(0x0000003e01f00000,0x0000003e02000000) (1024K)]
  0x0000022ac42cd7a0 JavaThread "Incoming local TCP Connector on port 62215"        [_thread_in_native, id=27592, stack(0x0000003e02000000,0x0000003e02100000) (1024K)]
  0x0000022ac51f3e70 JavaThread "Daemon periodic checks"            [_thread_blocked, id=13440, stack(0x0000003e02100000,0x0000003e02200000) (1024K)]
  0x0000022ac5137c10 JavaThread "Daemon"                            [_thread_blocked, id=19372, stack(0x0000003e02200000,0x0000003e02300000) (1024K)]
  0x0000022ac42cdfb0 JavaThread "Daemon worker"                     [_thread_blocked, id=24836, stack(0x0000003e02500000,0x0000003e02600000) (1024K)]
  0x0000022ac4e69bd0 JavaThread "Cache worker for journal cache (C:\Users\Lenovo\.gradle\caches\journal-1)"        [_thread_blocked, id=21460, stack(0x0000003e02b00000,0x0000003e02c00000) (1024K)]
  0x0000022ac4e6f1c0 JavaThread "File lock request listener"        [_thread_in_native, id=7708, stack(0x0000003e02c00000,0x0000003e02d00000) (1024K)]
  0x0000022ac4e6e220 JavaThread "Cache worker for file hash cache (C:\Users\Lenovo\.gradle\caches\9.1.0\fileHashes)"        [_thread_blocked, id=27544, stack(0x0000003e02d00000,0x0000003e02e00000) (1024K)]
  0x0000022ac5d5e300 JavaThread "File watcher server"        daemon [_thread_in_native, id=26504, stack(0x0000003e03000000,0x0000003e03100000) (1024K)]
  0x0000022ac5d5ead0 JavaThread "File watcher consumer"      daemon [_thread_blocked, id=12568, stack(0x0000003e03100000,0x0000003e03200000) (1024K)]
  0x0000022ac5d5c3c0 JavaThread "jar transforms"                    [_thread_blocked, id=23408, stack(0x0000003e03200000,0x0000003e03300000) (1024K)]
  0x0000022ac5d60240 JavaThread "jar transforms Thread 2"           [_thread_blocked, id=29232, stack(0x0000003e03300000,0x0000003e03400000) (1024K)]
  0x0000022ac5d5cb90 JavaThread "jar transforms Thread 3"           [_thread_blocked, id=20652, stack(0x0000003e03400000,0x0000003e03500000) (1024K)]
  0x0000022ac57f39a0 JavaThread "Cache worker for file content cache (C:\Users\Lenovo\.gradle\caches\9.1.0\fileContent)"        [_thread_blocked, id=25628, stack(0x0000003e03700000,0x0000003e03800000) (1024K)]
  0x0000022ac57f58e0 JavaThread "jar transforms Thread 4"           [_thread_blocked, id=18560, stack(0x0000003e03a00000,0x0000003e03b00000) (1024K)]
  0x0000022abf28ae00 JavaThread "Memory manager"                    [_thread_blocked, id=9500, stack(0x0000003e04500000,0x0000003e04600000) (1024K)]
  0x0000022abf290bc0 JavaThread "included builds"                   [_thread_blocked, id=28152, stack(0x0000003e04700000,0x0000003e04800000) (1024K)]
  0x0000022ac8bfe9e0 JavaThread "RMI Scheduler(0)"           daemon [_thread_blocked, id=20740, stack(0x0000003e00a00000,0x0000003e00b00000) (1024K)]
  0x0000022ac8c00150 JavaThread "RMI RenewClean-[127.0.0.1:17556,org.jetbrains.kotlin.daemon.common.LoopbackNetworkInterface$ClientLoopbackSocketFactory@555d3dbf]" daemon [_thread_blocked, id=19380, stack(0x0000003e00b00000,0x0000003e00c00000) (1024K)]
  0x0000022ac8c44f40 JavaThread "RMI GC Daemon"              daemon [_thread_blocked, id=19196, stack(0x0000003e05800000,0x0000003e05900000) (1024K)]
  0x0000022ac8c42060 JavaThread "RMI TCP Accept-0"           daemon [_thread_in_native, id=18180, stack(0x0000003e05900000,0x0000003e05a00000) (1024K)]
  0x0000022ac8c44770 JavaThread "RMI Reaper"                        [_thread_blocked, id=23100, stack(0x0000003e05a00000,0x0000003e05b00000) (1024K)]
  0x0000022ac8c43000 JavaThread "RMI TCP Connection(idle)"   daemon [_thread_blocked, id=14232, stack(0x0000003e05b00000,0x0000003e05c00000) (1024K)]
  0x0000022ac5214230 JavaThread "VFS cleanup"                       [_thread_blocked, id=18448, stack(0x0000003e02600000,0x0000003e02700000) (1024K)]
  0x0000022ac57f4940 JavaThread "included builds"                   [_thread_blocked, id=19420, stack(0x0000003e04400000,0x0000003e04500000) (1024K)]
Total: 36

Other Threads:
  0x0000022abcc07960 VMThread "VM Thread"                           [id=24752, stack(0x0000003e01300000,0x0000003e01400000) (1024K)]
  0x0000022abcbf8080 WatcherThread "VM Periodic Task Thread"        [id=11216, stack(0x0000003e01200000,0x0000003e01300000) (1024K)]
  0x0000022a8a0a2c20 WorkerThread "GC Thread#0"                     [id=17588, stack(0x0000003e00d00000,0x0000003e00e00000) (1024K)]
  0x0000022abf91be20 WorkerThread "GC Thread#1"                     [id=7072, stack(0x0000003e01e00000,0x0000003e01f00000) (1024K)]
  0x0000022ac4e4dc80 WorkerThread "GC Thread#2"                     [id=26016, stack(0x0000003e02900000,0x0000003e02a00000) (1024K)]
  0x0000022ac4e4c2a0 WorkerThread "GC Thread#3"                     [id=4188, stack(0x0000003e02a00000,0x0000003e02b00000) (1024K)]
  0x0000022abcaa02e0 ConcurrentGCThread "G1 Main Marker"            [id=23124, stack(0x0000003e00e00000,0x0000003e00f00000) (1024K)]
  0x0000022abcaa0e80 WorkerThread "G1 Conc#0"                       [id=9028, stack(0x0000003e00f00000,0x0000003e01000000) (1024K)]
  0x0000022abcac3780 ConcurrentGCThread "G1 Refine#0"               [id=28744, stack(0x0000003e01000000,0x0000003e01100000) (1024K)]
  0x0000022abcac4fe0 ConcurrentGCThread "G1 Service"                [id=18552, stack(0x0000003e01100000,0x0000003e01200000) (1024K)]
Total: 10

Threads with active compile tasks:
C2 CompilerThread0  120953 13498       4       org.gradle.internal.problems.failure.InternalStackTraceClassifier::isInternal (67 bytes)
Total: 1

VM state: not at safepoint (normal execution)

VM Mutex/Monitor currently owned by a thread: None

Heap address: 0x0000000600000000, size: 8192 MB, Compressed Oops mode: Zero based, Oop shift amount: 3

CDS archive(s) mapped at: [0x0000000091000000-0x0000000091dd0000-0x0000000091dd0000), size 14483456, SharedBaseAddress: 0x0000000091000000, ArchiveRelocationMode: 1.
Compressed class space mapped at: 0x0000000092000000-0x00000000d2000000, reserved size: 1073741824
UseCompressedClassPointers 1, UseCompactObjectHeaders 0
Narrow klass pointer bits 32, Max shift 3
Narrow klass base: 0x0000000091000000, Narrow klass shift: 0
Encoding Range: [0x0000000091000000 - 0x0000000191000000), (4294967296 bytes)
Klass Range:    [0x0000000091010000 - 0x00000000d2000000), (1090453504 bytes)
Klass ID Range:  [65536 - 1090519033) (1090453497)
Protection zone: [0x0000000091000000 - 0x0000000091010000), (65536 bytes)

GC Precious Log:
 CardTable entry size: 512
 Card Set container configuration: InlinePtr #cards 4 size 8 Array Of Cards #cards 32 size 80 Howl #buckets 8 coarsen threshold 7372 Howl Bitmap #cards 1024 size 144 coarsen threshold 921 Card regions per heap region 1 cards per card region 8192
 CPUs: 4 total, 4 available
 Memory: 7544M
 Large Page Support: Disabled
 NUMA Support: Disabled
 Compressed Oops: Enabled (Zero based)
 Heap Region Size: 4M
 Heap Min Capacity: 8M
 Heap Initial Capacity: 120M
 Heap Max Capacity: 8G
 Pre-touch: Disabled
 Parallel Workers: 4
 Concurrent Workers: 1
 Concurrent Refinement Workers: 4
 Periodic GC: Disabled

Heap:
 garbage-first heap   total reserved 8388608K, committed 131072K, used 104919K [0x0000000600000000, 0x0000000800000000)
  region size 4096K, 8 young (32768K), 1 survivors (4096K)

Heap Regions: E=young(eden), S=young(survivor), O=old, HS=humongous(starts), HC=humongous(continues), CS=collection set, F=free, TAMS=top-at-mark-start, PB=parsable bottom
|   0|0x0000000600000000, 0x0000000600400000, 0x0000000600400000|100%|HS|  |TAMS 0x0000000600000000| PB 0x0000000600000000| Complete |  0
|   1|0x0000000600400000, 0x0000000600800000, 0x0000000600800000|100%| O|  |TAMS 0x0000000600400000| PB 0x0000000600400000| Untracked |  0
|   2|0x0000000600800000, 0x0000000600c00000, 0x0000000600c00000|100%| O|  |TAMS 0x0000000600800000| PB 0x0000000600800000| Untracked |  0
|   3|0x0000000600c00000, 0x0000000601000000, 0x0000000601000000|100%| O|  |TAMS 0x0000000600c00000| PB 0x0000000600c00000| Untracked |  0
|   4|0x0000000601000000, 0x0000000601400000, 0x0000000601400000|100%| O|  |TAMS 0x0000000601000000| PB 0x0000000601000000| Untracked |  0
|   5|0x0000000601400000, 0x0000000601800000, 0x0000000601800000|100%| O|  |TAMS 0x0000000601400000| PB 0x0000000601400000| Untracked |  0
|   6|0x0000000601800000, 0x0000000601c00000, 0x0000000601c00000|100%| O|  |TAMS 0x0000000601800000| PB 0x0000000601800000| Untracked |  0
|   7|0x0000000601c00000, 0x0000000601c00000, 0x0000000602000000|  0%| F|  |TAMS 0x0000000601c00000| PB 0x0000000601c00000| Untracked |  0
|   8|0x0000000602000000, 0x0000000602400000, 0x0000000602400000|100%| O|  |TAMS 0x0000000602000000| PB 0x0000000602000000| Untracked |  0
|   9|0x0000000602400000, 0x0000000602800000, 0x0000000602800000|100%| O|  |TAMS 0x0000000602400000| PB 0x0000000602400000| Untracked |  0
|  10|0x0000000602800000, 0x0000000602c00000, 0x0000000602c00000|100%| O|  |TAMS 0x0000000602800000| PB 0x0000000602800000| Untracked |  0
|  11|0x0000000602c00000, 0x0000000603000000, 0x0000000603000000|100%| O|  |TAMS 0x0000000602c00000| PB 0x0000000602c00000| Untracked |  0
|  12|0x0000000603000000, 0x0000000603400000, 0x0000000603400000|100%| O|  |TAMS 0x0000000603000000| PB 0x0000000603000000| Untracked |  0
|  13|0x0000000603400000, 0x0000000603800000, 0x0000000603800000|100%| O|  |TAMS 0x0000000603400000| PB 0x0000000603400000| Untracked |  0
|  14|0x0000000603800000, 0x0000000603c00000, 0x0000000603c00000|100%| O|  |TAMS 0x0000000603800000| PB 0x0000000603800000| Untracked |  0
|  15|0x0000000603c00000, 0x0000000604000000, 0x0000000604000000|100%| O|  |TAMS 0x0000000603c00000| PB 0x0000000603c00000| Untracked |  0
|  16|0x0000000604000000, 0x00000006043321c0, 0x0000000604400000| 79%| O|  |TAMS 0x0000000604000000| PB 0x0000000604000000| Untracked |  0
|  17|0x0000000604400000, 0x0000000604743d98, 0x0000000604800000| 81%| S|CS|TAMS 0x0000000604400000| PB 0x0000000604400000| Complete |  0
|  18|0x0000000604800000, 0x0000000604800000, 0x0000000604c00000|  0%| F|  |TAMS 0x0000000604800000| PB 0x0000000604800000| Untracked |  0
|  19|0x0000000604c00000, 0x0000000604c00000, 0x0000000605000000|  0%| F|  |TAMS 0x0000000604c00000| PB 0x0000000604c00000| Untracked |  0
|  20|0x0000000605000000, 0x0000000605000000, 0x0000000605400000|  0%| F|  |TAMS 0x0000000605000000| PB 0x0000000605000000| Untracked |  0
|  21|0x0000000605400000, 0x0000000605400000, 0x0000000605800000|  0%| F|  |TAMS 0x0000000605400000| PB 0x0000000605400000| Untracked |  0
|  22|0x0000000605800000, 0x0000000605af4d68, 0x0000000605c00000| 73%| E|  |TAMS 0x0000000605800000| PB 0x0000000605800000| Complete |  0
|  23|0x0000000605c00000, 0x0000000606000000, 0x0000000606000000|100%| E|CS|TAMS 0x0000000605c00000| PB 0x0000000605c00000| Complete |  0
|  24|0x0000000606000000, 0x0000000606400000, 0x0000000606400000|100%| E|CS|TAMS 0x0000000606000000| PB 0x0000000606000000| Complete |  0
|  25|0x0000000606400000, 0x0000000606800000, 0x0000000606800000|100%| E|CS|TAMS 0x0000000606400000| PB 0x0000000606400000| Complete |  0
|  28|0x0000000607000000, 0x0000000607400000, 0x0000000607400000|100%| E|CS|TAMS 0x0000000607000000| PB 0x0000000607000000| Complete |  0
|  29|0x0000000607400000, 0x0000000607800000, 0x0000000607800000|100%| E|CS|TAMS 0x0000000607400000| PB 0x0000000607400000| Complete |  0
|2044|0x00000007ff000000, 0x00000007ff400000, 0x00000007ff400000|100%| O|  |TAMS 0x00000007ff000000| PB 0x00000007ff000000| Untracked |  0
|2045|0x00000007ff400000, 0x00000007ff800000, 0x00000007ff800000|100%| O|  |TAMS 0x00000007ff400000| PB 0x00000007ff400000| Untracked |  0
|2046|0x00000007ff800000, 0x00000007ffc00000, 0x00000007ffc00000|100%| O|  |TAMS 0x00000007ff800000| PB 0x00000007ff800000| Untracked |  0
|2047|0x00000007ffc00000, 0x0000000800000000, 0x0000000800000000|100%| E|CS|TAMS 0x00000007ffc00000| PB 0x00000007ffc00000| Complete |  0

Card table byte_map: [0x0000022ab3a90000,0x0000022ab4a90000] _byte_map_base: 0x0000022ab0a90000

Marking Bits: (CMBitMap*) 0x0000022a8a0a33b0
 Bits: [0x0000022ab4a90000, 0x0000022abca90000)

Polling page: 0x0000022a88010000

Metaspace:
Metaspace        used 79289K, committed 81600K, reserved 1179648K
 class space     used 9188K, committed 10304K, reserved 1048576K

Usage:
  Non-class:     68.46 MB used.
      Class:      8.97 MB used.
       Both:     77.43 MB used.

Virtual space:
  Non-class space:      128.00 MB reserved,      69.62 MB ( 54%) committed,  2 nodes.
      Class space:        1.00 GB reserved,      10.06 MB ( <1%) committed,  1 nodes.
             Both:        1.12 GB reserved,      79.69 MB (  7%) committed. 

Chunk freelists:
   Non-Class:  9.95 MB
       Class:  5.99 MB
        Both:  15.94 MB

MaxMetaspaceSize: 4.00 GB
CompressedClassSpaceSize: 1.00 GB
Initial GC threshold: 21.00 MB
Current GC threshold: 130.44 MB
CDS: on
 - commit_granule_bytes: 65536.
 - commit_granule_words: 8192.
 - virtual_space_node_default_size: 8388608.
 - enlarge_chunks_in_place: 1.
UseCompressedClassPointers 1, UseCompactObjectHeaders 0
Narrow klass pointer bits 32, Max shift 3
Narrow klass base: 0x0000000091000000, Narrow klass shift: 0
Encoding Range: [0x0000000091000000 - 0x0000000191000000), (4294967296 bytes)
Klass Range:    [0x0000000091010000 - 0x00000000d2000000), (1090453504 bytes)
Klass ID Range:  [65536 - 1090519033) (1090453497)
Protection zone: [0x0000000091000000 - 0x0000000091010000), (65536 bytes)


Internal statistics:

num_allocs_failed_limit: 6.
num_arena_births: 4098.
num_arena_deaths: 0.
num_vsnodes_births: 3.
num_vsnodes_deaths: 0.
num_space_committed: 1275.
num_space_uncommitted: 0.
num_chunks_returned_to_freelist: 6.
num_chunks_taken_from_freelist: 7760.
num_chunk_merges: 6.
num_chunk_splits: 5104.
num_chunks_enlarged: 3220.
num_inconsistent_stats: 0.

CodeHeap 'non-profiled nmethods': size=259328Kb used=4957Kb max_used=4957Kb free=254370Kb
 bounds [0x0000022aa2b30000, 0x0000022aa3010000, 0x0000022ab2870000]
CodeHeap 'profiled nmethods': size=259264Kb used=17944Kb max_used=17944Kb free=241319Kb
 bounds [0x0000022a92870000, 0x0000022a93a00000, 0x0000022aa25a0000]
CodeHeap 'non-nmethods': size=5696Kb used=2049Kb max_used=2174Kb free=3646Kb
 bounds [0x0000022aa25a0000, 0x0000022aa2810000, 0x0000022aa2b30000]
CodeCache: size=524288Kb, used=24950Kb, max_used=25075Kb, free=499335Kb
 total_blobs=12812, nmethods=11916, adapters=797, full_count=0
Compilation: enabled, stopped_count=0, restarted_count=0

Compilation events (20 events):
Event: 119.449 Thread 0x0000022abcc2f790 13493       1       org.jetbrains.kotlin.statistics.fileloggers.MetricsContainer$MetricDescriptor::getProjectHash (5 bytes)
Event: 119.449 Thread 0x0000022abcc2f790 nmethod 13493 0x0000022aa3006108 code [0x0000022aa3006200, 0x0000022aa30062c8]
Event: 119.449 Thread 0x0000022abcc2f790 13495       3       kotlin.text.Regex::<init> (21 bytes)
Event: 119.449 Thread 0x0000022abcc2f790 nmethod 13495 0x0000022a939e4b08 code [0x0000022a939e4c00, 0x0000022a939e54f8]
Event: 119.449 Thread 0x0000022abcc2f790 13496       3       kotlin.text.Regex::<init> (16 bytes)
Event: 119.449 Thread 0x0000022abcc2f790 nmethod 13496 0x0000022a939e5588 code [0x0000022a939e5680, 0x0000022a939e5d28]
Event: 119.449 Thread 0x0000022abcc2f790 13497       1       org.jetbrains.kotlin.statistics.metrics.OverrideMetricContainer::getValue (5 bytes)
Event: 119.450 Thread 0x0000022abcc2f790 nmethod 13497 0x0000022aa3006408 code [0x0000022aa3006500, 0x0000022aa30065c8]
Event: 119.452 Thread 0x0000022abcc2a920 nmethod 13489 0x0000022aa3006708 code [0x0000022aa3006800, 0x0000022aa3006f00]
Event: 119.472 Thread 0x0000022abcc2a920 13498       4       org.gradle.internal.problems.failure.InternalStackTraceClassifier::isInternal (67 bytes)
Event: 119.477 Thread 0x0000022abcc2f790 13501       3       java.lang.invoke.LambdaForm$MH/0x00000000924c6000::invoke (25 bytes)
Event: 119.478 Thread 0x0000022abcc2f790 nmethod 13501 0x0000022a939e5d88 code [0x0000022a939e5e80, 0x0000022a939e6318]
Event: 119.484 Thread 0x0000022abcc2f790 13502       3       org.gradle.internal.logging.console.BuildLogLevelFilterRenderer::onOutput (53 bytes)
Event: 119.486 Thread 0x0000022abcc2f790 nmethod 13502 0x0000022a939e6388 code [0x0000022a939e6480, 0x0000022a939e6b90]
Event: 119.486 Thread 0x0000022abcc2f790 13503       3       org.gradle.internal.logging.sink.ProgressLogEventGenerator::onOutput (72 bytes)
Event: 119.486 Thread 0x0000022abcc2f790 nmethod 13503 0x0000022a939e6c08 code [0x0000022a939e6d00, 0x0000022a939e7658]
Event: 119.488 Thread 0x0000022abcc2f790 13504       3       java.util.Formatter$FormatSpecifier::print (57 bytes)
Event: 119.492 Thread 0x0000022abcc2f790 nmethod 13504 0x0000022a939e7688 code [0x0000022a939e7780, 0x0000022a939e8350]
Event: 119.500 Thread 0x0000022abcc2f790 13506   !   3       java.io.RandomAccessFile::close (69 bytes)
Event: 119.500 Thread 0x0000022abcc2f790 nmethod 13506 0x0000022a939e8388 code [0x0000022a939e8480, 0x0000022a939e8be8]

GC Heap Usage History (20 events):
Event: 44.451 {heap Before GC invocations=20 (full 0):
 garbage-first heap   total reserved 8388608K, committed 106496K, used 88058K [0x0000000600000000, 0x0000000800000000)
  region size 4096K, 8 young (32768K), 1 survivors (4096K)
}
Event: 44.460 {heap After GC invocations=21 (full 0):
 garbage-first heap   total reserved 8388608K, committed 106496K, used 59112K [0x0000000600000000, 0x0000000800000000)
  region size 4096K, 1 young (4096K), 1 survivors (4096K)
}
Event: 45.281 {heap Before GC invocations=21 (full 0):
 garbage-first heap   total reserved 8388608K, committed 106496K, used 91880K [0x0000000600000000, 0x0000000800000000)
  region size 4096K, 9 young (36864K), 1 survivors (4096K)
}
Event: 45.286 {heap After GC invocations=22 (full 0):
 garbage-first heap   total reserved 8388608K, committed 106496K, used 59888K [0x0000000600000000, 0x0000000800000000)
  region size 4096K, 1 young (4096K), 1 survivors (4096K)
}
Event: 46.681 {heap Before GC invocations=23 (full 0):
 garbage-first heap   total reserved 8388608K, committed 106496K, used 96752K [0x0000000600000000, 0x0000000800000000)
  region size 4096K, 10 young (40960K), 1 survivors (4096K)
}
Event: 46.687 {heap After GC invocations=24 (full 0):
 garbage-first heap   total reserved 8388608K, committed 106496K, used 63041K [0x0000000600000000, 0x0000000800000000)
  region size 4096K, 2 young (8192K), 2 survivors (8192K)
}
Event: 47.484 {heap Before GC invocations=24 (full 0):
 garbage-first heap   total reserved 8388608K, committed 106496K, used 95809K [0x0000000600000000, 0x0000000800000000)
  region size 4096K, 10 young (40960K), 2 survivors (8192K)
}
Event: 47.490 {heap After GC invocations=25 (full 0):
 garbage-first heap   total reserved 8388608K, committed 114688K, used 62954K [0x0000000600000000, 0x0000000800000000)
  region size 4096K, 2 young (8192K), 2 survivors (8192K)
}
Event: 49.076 {heap Before GC invocations=25 (full 0):
 garbage-first heap   total reserved 8388608K, committed 114688K, used 99818K [0x0000000600000000, 0x0000000800000000)
  region size 4096K, 11 young (45056K), 2 survivors (8192K)
}
Event: 49.084 {heap After GC invocations=26 (full 0):
 garbage-first heap   total reserved 8388608K, committed 114688K, used 67166K [0x0000000600000000, 0x0000000800000000)
  region size 4096K, 2 young (8192K), 2 survivors (8192K)
}
Event: 55.050 {heap Before GC invocations=27 (full 0):
 garbage-first heap   total reserved 8388608K, committed 118784K, used 99934K [0x0000000600000000, 0x0000000800000000)
  region size 4096K, 11 young (45056K), 2 survivors (8192K)
}
Event: 55.060 {heap After GC invocations=28 (full 0):
 garbage-first heap   total reserved 8388608K, committed 118784K, used 70833K [0x0000000600000000, 0x0000000800000000)
  region size 4096K, 2 young (8192K), 2 survivors (8192K)
}
Event: 56.503 {heap Before GC invocations=28 (full 0):
 garbage-first heap   total reserved 8388608K, committed 118784K, used 103601K [0x0000000600000000, 0x0000000800000000)
  region size 4096K, 10 young (40960K), 2 survivors (8192K)
}
Event: 56.516 {heap After GC invocations=29 (full 0):
 garbage-first heap   total reserved 8388608K, committed 118784K, used 71580K [0x0000000600000000, 0x0000000800000000)
  region size 4096K, 2 young (8192K), 2 survivors (8192K)
}
Event: 103.707 {heap Before GC invocations=29 (full 0):
 garbage-first heap   total reserved 8388608K, committed 118784K, used 100252K [0x0000000600000000, 0x0000000800000000)
  region size 4096K, 10 young (40960K), 2 survivors (8192K)
}
Event: 103.721 {heap After GC invocations=30 (full 0):
 garbage-first heap   total reserved 8388608K, committed 118784K, used 74353K [0x0000000600000000, 0x0000000800000000)
  region size 4096K, 2 young (8192K), 2 survivors (8192K)
}
Event: 107.921 {heap Before GC invocations=31 (full 0):
 garbage-first heap   total reserved 8388608K, committed 131072K, used 103025K [0x0000000600000000, 0x0000000800000000)
  region size 4096K, 9 young (36864K), 2 survivors (8192K)
}
Event: 107.939 {heap After GC invocations=32 (full 0):
 garbage-first heap   total reserved 8388608K, committed 131072K, used 78580K [0x0000000600000000, 0x0000000800000000)
  region size 4096K, 2 young (8192K), 2 survivors (8192K)
}
Event: 108.414 {heap Before GC invocations=32 (full 0):
 garbage-first heap   total reserved 8388608K, committed 131072K, used 115444K [0x0000000600000000, 0x0000000800000000)
  region size 4096K, 11 young (45056K), 2 survivors (8192K)
}
Event: 108.426 {heap After GC invocations=33 (full 0):
 garbage-first heap   total reserved 8388608K, committed 131072K, used 80343K [0x0000000600000000, 0x0000000800000000)
  region size 4096K, 1 young (4096K), 1 survivors (4096K)
}

Metaspace Usage History (20 events):
Event: 44.451 {metaspace Before GC invocations=20 (full 0):
 Metaspace       used 62527K, committed 64640K, reserved 1114112K
  class space    used 7136K, committed 8128K, reserved 1048576K
}
Event: 44.460 {metaspace After GC invocations=21 (full 0):
 Metaspace       used 62527K, committed 64640K, reserved 1114112K
  class space    used 7136K, committed 8128K, reserved 1048576K
}
Event: 45.281 {metaspace Before GC invocations=21 (full 0):
 Metaspace       used 64684K, committed 66752K, reserved 1114112K
  class space    used 7362K, committed 8320K, reserved 1048576K
}
Event: 45.286 {metaspace After GC invocations=22 (full 0):
 Metaspace       used 64684K, committed 66752K, reserved 1114112K
  class space    used 7362K, committed 8320K, reserved 1048576K
}
Event: 46.681 {metaspace Before GC invocations=23 (full 0):
 Metaspace       used 66957K, committed 69056K, reserved 1114112K
  class space    used 7643K, committed 8640K, reserved 1048576K
}
Event: 46.687 {metaspace After GC invocations=24 (full 0):
 Metaspace       used 66957K, committed 69056K, reserved 1114112K
  class space    used 7643K, committed 8640K, reserved 1048576K
}
Event: 47.484 {metaspace Before GC invocations=24 (full 0):
 Metaspace       used 68472K, committed 70656K, reserved 1114112K
  class space    used 7840K, committed 8896K, reserved 1048576K
}
Event: 47.490 {metaspace After GC invocations=25 (full 0):
 Metaspace       used 68472K, committed 70656K, reserved 1114112K
  class space    used 7840K, committed 8896K, reserved 1048576K
}
Event: 49.076 {metaspace Before GC invocations=25 (full 0):
 Metaspace       used 70211K, committed 72512K, reserved 1114112K
  class space    used 8083K, committed 9152K, reserved 1048576K
}
Event: 49.084 {metaspace After GC invocations=26 (full 0):
 Metaspace       used 70211K, committed 72512K, reserved 1114112K
  class space    used 8083K, committed 9152K, reserved 1048576K
}
Event: 55.050 {metaspace Before GC invocations=27 (full 0):
 Metaspace       used 72451K, committed 74752K, reserved 1114112K
  class space    used 8423K, committed 9536K, reserved 1048576K
}
Event: 55.060 {metaspace After GC invocations=28 (full 0):
 Metaspace       used 72451K, committed 74752K, reserved 1114112K
  class space    used 8423K, committed 9536K, reserved 1048576K
}
Event: 56.503 {metaspace Before GC invocations=28 (full 0):
 Metaspace       used 74618K, committed 76928K, reserved 1179648K
  class space    used 8672K, committed 9792K, reserved 1048576K
}
Event: 56.516 {metaspace After GC invocations=29 (full 0):
 Metaspace       used 74618K, committed 76928K, reserved 1179648K
  class space    used 8672K, committed 9792K, reserved 1048576K
}
Event: 103.707 {metaspace Before GC invocations=29 (full 0):
 Metaspace       used 77820K, committed 80128K, reserved 1179648K
  class space    used 9054K, committed 10176K, reserved 1048576K
}
Event: 103.721 {metaspace After GC invocations=30 (full 0):
 Metaspace       used 77820K, committed 80128K, reserved 1179648K
  class space    used 9054K, committed 10176K, reserved 1048576K
}
Event: 107.921 {metaspace Before GC invocations=31 (full 0):
 Metaspace       used 78815K, committed 81088K, reserved 1179648K
  class space    used 9168K, committed 10240K, reserved 1048576K
}
Event: 107.939 {metaspace After GC invocations=32 (full 0):
 Metaspace       used 78815K, committed 81088K, reserved 1179648K
  class space    used 9168K, committed 10240K, reserved 1048576K
}
Event: 108.414 {metaspace Before GC invocations=32 (full 0):
 Metaspace       used 78893K, committed 81152K, reserved 1179648K
  class space    used 9168K, committed 10240K, reserved 1048576K
}
Event: 108.426 {metaspace After GC invocations=33 (full 0):
 Metaspace       used 78893K, committed 81152K, reserved 1179648K
  class space    used 9168K, committed 10240K, reserved 1048576K
}

Dll operation events (15 events):
Event: 0.077 Loaded shared library C:\Program Files\Java\jdk-25\bin\java.dll
Event: 0.380 Loaded shared library C:\Program Files\Java\jdk-25\bin\zip.dll
Event: 0.386 Loaded shared library C:\Program Files\Java\jdk-25\bin\instrument.dll
Event: 0.395 Loaded shared library C:\Program Files\Java\jdk-25\bin\net.dll
Event: 0.399 Loaded shared library C:\Program Files\Java\jdk-25\bin\nio.dll
Event: 0.410 Loaded shared library C:\Program Files\Java\jdk-25\bin\zip.dll
Event: 2.279 Loaded shared library C:\Program Files\Java\jdk-25\bin\jimage.dll
Event: 4.333 Loaded shared library C:\Program Files\Java\jdk-25\bin\verify.dll
Event: 4.465 Loaded shared library C:\Users\Lenovo\.gradle\native\1def1411415f61bf3af743bc5b6707747c0891f09f0c88961ee8f79bc544acac\windows-amd64\native-platform.dll
Event: 4.589 Loaded shared library C:\Users\Lenovo\.gradle\native\0.2.8\x86_64-windows-gnu\gradle-fileevents.dll
Event: 9.515 Loaded shared library C:\Program Files\Java\jdk-25\bin\management.dll
Event: 9.528 Loaded shared library C:\Program Files\Java\jdk-25\bin\management_ext.dll
Event: 10.658 Loaded shared library C:\Program Files\Java\jdk-25\bin\extnet.dll
Event: 11.416 Loaded shared library C:\Program Files\Java\jdk-25\bin\sunmscapi.dll
Event: 65.265 Loaded shared library C:\Program Files\Java\jdk-25\bin\rmi.dll

Deoptimization events (20 events):
Event: 116.378 Thread 0x0000022ac8165710 Uncommon trap: trap_request=0xffffff45 fr.pc=0x0000022aa2cd15cc relative=0x000000000000374c
Event: 116.378 Thread 0x0000022ac8165710 Uncommon trap: reason=unstable_if action=reinterpret pc=0x0000022aa2cd15cc method=java.lang.String.substring(II)Ljava/lang/String; @ 31 c2
Event: 116.378 Thread 0x0000022ac8165710 DEOPT PACKING pc=0x0000022aa2cd15cc sp=0x0000003e054fcd00
Event: 116.378 Thread 0x0000022ac8165710 DEOPT UNPACKING pc=0x0000022aa262df02 sp=0x0000003e054fcc90 mode 2
Event: 116.380 Thread 0x0000022ac5213290 Uncommon trap: trap_request=0xffffff45 fr.pc=0x0000022aa2fc037c relative=0x000000000000027c
Event: 116.380 Thread 0x0000022ac5213290 Uncommon trap: reason=unstable_if action=reinterpret pc=0x0000022aa2fc037c method=com.esotericsoftware.kryo.io.Output.writeString(Ljava/lang/CharSequence;)V @ 83 c2
Event: 116.381 Thread 0x0000022ac5213290 DEOPT PACKING pc=0x0000022aa2fc037c sp=0x0000003e027ff100
Event: 116.381 Thread 0x0000022ac5213290 DEOPT UNPACKING pc=0x0000022aa262df02 sp=0x0000003e027ff0a0 mode 2
Event: 118.878 Thread 0x0000022ac42cdfb0 Uncommon trap: trap_request=0xffffffc6 fr.pc=0x0000022aa2cb9fd4 relative=0x0000000000000354
Event: 118.878 Thread 0x0000022ac42cdfb0 Uncommon trap: reason=bimorphic_or_optimized_type_check action=maybe_recompile pc=0x0000022aa2cb9fd4 method=java.util.Comparator.lambda$comparing$77a9974f$1(Ljava/util/function/Function;Ljava/lang/Object;Ljava/lang/Object;)I @ 17 c2
Event: 118.878 Thread 0x0000022ac42cdfb0 DEOPT PACKING pc=0x0000022aa2cb9fd4 sp=0x0000003e025fbf60
Event: 118.878 Thread 0x0000022ac42cdfb0 DEOPT UNPACKING pc=0x0000022aa262df02 sp=0x0000003e025fbe70 mode 2
Event: 118.879 Thread 0x0000022ac42cdfb0 Uncommon trap: trap_request=0xffffffc6 fr.pc=0x0000022aa2b9d958 relative=0x0000000000000258
Event: 118.879 Thread 0x0000022ac42cdfb0 Uncommon trap: reason=bimorphic_or_optimized_type_check action=maybe_recompile pc=0x0000022aa2b9d958 method=java.util.Spliterators$IteratorSpliterator.tryAdvance(Ljava/util/function/Consumer;)Z @ 50 c2
Event: 118.879 Thread 0x0000022ac42cdfb0 DEOPT PACKING pc=0x0000022aa2b9d958 sp=0x0000003e025fa710
Event: 118.879 Thread 0x0000022ac42cdfb0 DEOPT UNPACKING pc=0x0000022aa262df02 sp=0x0000003e025fa6b0 mode 2
Event: 119.477 Thread 0x0000022ac42cdfb0 Uncommon trap: trap_request=0xffffffc6 fr.pc=0x0000022aa2cb9fd4 relative=0x0000000000000354
Event: 119.477 Thread 0x0000022ac42cdfb0 Uncommon trap: reason=bimorphic_or_optimized_type_check action=maybe_recompile pc=0x0000022aa2cb9fd4 method=java.util.Comparator.lambda$comparing$77a9974f$1(Ljava/util/function/Function;Ljava/lang/Object;Ljava/lang/Object;)I @ 17 c2
Event: 119.477 Thread 0x0000022ac42cdfb0 DEOPT PACKING pc=0x0000022aa2cb9fd4 sp=0x0000003e025fbf60
Event: 119.477 Thread 0x0000022ac42cdfb0 DEOPT UNPACKING pc=0x0000022aa262df02 sp=0x0000003e025fbe70 mode 2

Classes loaded (20 events):
Event: 103.757 Loading class sun/rmi/transport/DGCClient$EndpointEntry$CleanRequest
Event: 103.764 Loading class sun/rmi/transport/DGCClient$EndpointEntry$CleanRequest done
Event: 103.907 Loading class java/util/logging/LogRecord
Event: 103.908 Loading class java/util/logging/LogRecord done
Event: 103.948 Loading class sun/reflect/misc/MethodUtil
Event: 103.949 Loading class sun/reflect/misc/MethodUtil done
Event: 103.949 Loading class sun/reflect/misc/MethodUtil$1
Event: 103.949 Loading class sun/reflect/misc/MethodUtil$1 done
Event: 103.950 Loading class java/security/AllPermissionCollection
Event: 103.950 Loading class java/security/AllPermissionCollection done
Event: 103.950 Loading class java/security/UnresolvedPermission
Event: 103.951 Loading class java/security/UnresolvedPermission done
Event: 105.405 Loading class java/io/CharArrayWriter
Event: 105.406 Loading class java/io/CharArrayWriter done
Event: 105.489 Loading class java/net/UrlDeserializedState
Event: 105.490 Loading class java/net/UrlDeserializedState done
Event: 105.509 Loading class java/util/concurrent/CompletableFuture$AsyncRun
Event: 105.512 Loading class java/util/concurrent/CompletableFuture$AsyncRun done
Event: 107.058 Loading class jdk/internal/math/FormattedFPDecimal
Event: 107.059 Loading class jdk/internal/math/FormattedFPDecimal done

Classes unloaded (0 events):
No events

Classes redefined (0 events):
No events

Internal exceptions (20 events):
Event: 108.523 Thread 0x0000022ac42cdfb0 Exception <a 'java/lang/ClassNotFoundException'{0x00000007fffe2590}: GradleAnnotationProcessorPatchPluginBeanInfo> (0x00000007fffe2590) 
thrown [s\open\src\hotspot\share\classfile\systemDictionary.cpp, line 327]
Event: 108.523 Thread 0x0000022ac42cdfb0 Exception <a 'java/lang/ClassNotFoundException'{0x00000007fffeff78}: GradleAnnotationProcessorPatchPluginCustomizer> (0x00000007fffeff78) 
thrown [s\open\src\hotspot\share\classfile\systemDictionary.cpp, line 327]
Event: 108.534 Thread 0x0000022ac42cdfb0 Exception <a 'java/lang/ClassNotFoundException'{0x000000060743c0f0}: GradleAnnotationProcessorPatchPlugin$AnnotationProcessorModelBuilderBeanInfo> (0x000000060743c0f0) 
thrown [s\open\src\hotspot\share\classfile\systemDictionary.cpp, line 327]
Event: 108.534 Thread 0x0000022ac42cdfb0 Exception <a 'java/lang/ClassNotFoundException'{0x0000000607449d10}: GradleAnnotationProcessorPatchPlugin$AnnotationProcessorModelBuilderCustomizer> (0x0000000607449d10) 
thrown [s\open\src\hotspot\share\classfile\systemDictionary.cpp, line 327]
Event: 108.542 Thread 0x0000022ac42cdfb0 Exception <a 'java/lang/ClassNotFoundException'{0x00000006074ad870}: org/gradle/tooling/provider/model/internal/DefaultToolingModelBuilderRegistryBeanInfo> (0x00000006074ad870) 
thrown [s\open\src\hotspot\share\classfile\systemDictionary.cpp, line 327]
Event: 108.543 Thread 0x0000022ac42cdfb0 Exception <a 'java/lang/ClassNotFoundException'{0x00000006074c5048}: org/gradle/tooling/provider/model/internal/DefaultToolingModelBuilderRegistryCustomizer> (0x00000006074c5048) 
thrown [s\open\src\hotspot\share\classfile\systemDictionary.cpp, line 327]
Event: 108.806 Thread 0x0000022ac42cdfb0 Exception <a 'java/io/IOException'{0x00000006076786a8}> (0x00000006076786a8) 
thrown [s\open\src\hotspot\share\prims\jni.cpp, line 516]
Event: 109.230 Thread 0x0000022ac8165710 Exception <a 'java/net/ConnectException'{0x00000006062430b0}: Connection refused: connect> (0x00000006062430b0) 
thrown [s\open\src\hotspot\share\prims\jni.cpp, line 534]
Event: 109.243 Thread 0x0000022ac8165710 Exception <a 'java/net/ConnectException'{0x0000000606245a98}: Connection refused: connect> (0x0000000606245a98) 
thrown [s\open\src\hotspot\share\prims\jni.cpp, line 534]
Event: 109.255 Thread 0x0000022ac8165710 Exception <a 'java/net/ConnectException'{0x00000006062480c0}: Connection refused: connect> (0x00000006062480c0) 
thrown [s\open\src\hotspot\share\prims\jni.cpp, line 534]
Event: 111.482 Thread 0x0000022ac8165710 Exception <a 'java/net/ConnectException'{0x0000000606291480}: Connection refused: connect> (0x0000000606291480) 
thrown [s\open\src\hotspot\share\prims\jni.cpp, line 534]
Event: 111.494 Thread 0x0000022ac8165710 Exception <a 'java/net/ConnectException'{0x0000000606293ce8}: Connection refused: connect> (0x0000000606293ce8) 
thrown [s\open\src\hotspot\share\prims\jni.cpp, line 534]
Event: 111.506 Thread 0x0000022ac8165710 Exception <a 'java/net/ConnectException'{0x0000000606296310}: Connection refused: connect> (0x0000000606296310) 
thrown [s\open\src\hotspot\share\prims\jni.cpp, line 534]
Event: 113.951 Thread 0x0000022ac8165710 Exception <a 'java/net/ConnectException'{0x00000006062d70d8}: Connection refused: connect> (0x00000006062d70d8) 
thrown [s\open\src\hotspot\share\prims\jni.cpp, line 534]
Event: 113.963 Thread 0x0000022ac8165710 Exception <a 'java/net/ConnectException'{0x00000006062d9700}: Connection refused: connect> (0x00000006062d9700) 
thrown [s\open\src\hotspot\share\prims\jni.cpp, line 534]
Event: 113.976 Thread 0x0000022ac8165710 Exception <a 'java/net/ConnectException'{0x00000006062dbd28}: Connection refused: connect> (0x00000006062dbd28) 
thrown [s\open\src\hotspot\share\prims\jni.cpp, line 534]
Event: 116.348 Thread 0x0000022ac8165710 Exception <a 'java/net/ConnectException'{0x00000006063113f8}: Connection refused: connect> (0x00000006063113f8) 
thrown [s\open\src\hotspot\share\prims\jni.cpp, line 534]
Event: 116.361 Thread 0x0000022ac8165710 Exception <a 'java/net/ConnectException'{0x0000000606313a20}: Connection refused: connect> (0x0000000606313a20) 
thrown [s\open\src\hotspot\share\prims\jni.cpp, line 534]
Event: 116.373 Thread 0x0000022ac8165710 Exception <a 'java/net/ConnectException'{0x0000000606316048}: Connection refused: connect> (0x0000000606316048) 
thrown [s\open\src\hotspot\share\prims\jni.cpp, line 534]
Event: 119.478 Thread 0x0000022ac42cdfb0 Exception <a 'sun/nio/fs/WindowsException'{0x0000000605fb1ca8}> (0x0000000605fb1ca8) 
thrown [s\open\src\hotspot\share\prims\jni.cpp, line 516]

VM Operations (20 events):
Event: 103.460 Executing non-safepoint VM operation: HandshakeAllThreads (Deoptimize) done
Event: 103.638 Executing non-safepoint VM operation: HandshakeAllThreads (Deoptimize)
Event: 103.639 Executing non-safepoint VM operation: HandshakeAllThreads (Deoptimize) done
Event: 103.706 Executing safepoint VM operation: G1CollectForAllocation (G1 Evacuation Pause)
Event: 103.721 Executing safepoint VM operation: G1CollectForAllocation (G1 Evacuation Pause) done
Event: 103.878 Executing safepoint VM operation: G1PauseRemark
Event: 103.891 Executing safepoint VM operation: G1PauseRemark done
Event: 103.932 Executing safepoint VM operation: G1PauseCleanup
Event: 103.935 Executing safepoint VM operation: G1PauseCleanup done
Event: 105.120 Executing non-safepoint VM operation: HandshakeAllThreads (Deoptimize)
Event: 105.120 Executing non-safepoint VM operation: HandshakeAllThreads (Deoptimize) done
Event: 105.128 Executing non-safepoint VM operation: HandshakeAllThreads (Deoptimize)
Event: 105.128 Executing non-safepoint VM operation: HandshakeAllThreads (Deoptimize) done
Event: 105.348 Executing non-safepoint VM operation: HandshakeAllThreads (Deoptimize)
Event: 105.353 Executing non-safepoint VM operation: HandshakeAllThreads (Deoptimize) done
Event: 107.883 Executing safepoint VM operation: G1CollectForAllocation (G1 Evacuation Pause)
Event: 107.939 Executing safepoint VM operation: G1CollectForAllocation (G1 Evacuation Pause) done
Event: 108.414 Executing safepoint VM operation: G1CollectForAllocation (G1 Evacuation Pause)
Event: 108.426 Executing safepoint VM operation: G1CollectForAllocation (G1 Evacuation Pause) done
Event: 120.304 Executing non-safepoint VM operation: HandshakeAllThreads (HandshakeForDeflation)

Memory protections (0 events):
No events

Nmethod flushes (20 events):
Event: 103.889 Thread 0x0000022abcc07960 flushing  nmethod 0x0000022a92a8e588
Event: 103.889 Thread 0x0000022abcc07960 flushing  nmethod 0x0000022a92a8ea08
Event: 103.889 Thread 0x0000022abcc07960 flushing  nmethod 0x0000022a92a8ed08
Event: 103.889 Thread 0x0000022abcc07960 flushing  nmethod 0x0000022a92b19c88
Event: 103.889 Thread 0x0000022abcc07960 flushing  nmethod 0x0000022a92b1a708
Event: 103.889 Thread 0x0000022abcc07960 flushing  nmethod 0x0000022a92c5f588
Event: 103.889 Thread 0x0000022abcc07960 flushing  nmethod 0x0000022a92c5fb88
Event: 103.889 Thread 0x0000022abcc07960 flushing  nmethod 0x0000022a92d39608
Event: 103.890 Thread 0x0000022abcc07960 flushing  nmethod 0x0000022a92daaf08
Event: 103.890 Thread 0x0000022abcc07960 flushing  nmethod 0x0000022a92eef988
Event: 103.890 Thread 0x0000022abcc07960 flushing  nmethod 0x0000022a92ef1588
Event: 103.890 Thread 0x0000022abcc07960 flushing  nmethod 0x0000022a92f0d308
Event: 103.890 Thread 0x0000022abcc07960 flushing  nmethod 0x0000022a92f0d788
Event: 103.890 Thread 0x0000022abcc07960 flushing  nmethod 0x0000022a92f4cc88
Event: 103.890 Thread 0x0000022abcc07960 flushing  nmethod 0x0000022a9300ae88
Event: 103.890 Thread 0x0000022abcc07960 flushing  nmethod 0x0000022a9300f688
Event: 103.890 Thread 0x0000022abcc07960 flushing  nmethod 0x0000022a930f9b88
Event: 103.890 Thread 0x0000022abcc07960 flushing  nmethod 0x0000022a930fb908
Event: 103.890 Thread 0x0000022abcc07960 flushing  nmethod 0x0000022a933c4a08
Event: 103.890 Thread 0x0000022abcc07960 flushing  nmethod 0x0000022a93496588

Events (20 events):
Event: 109.112 Thread 0x0000022ac4e69400 Thread added: 0x0000022ac42cf720
Event: 109.112 Thread 0x0000022ac4e69400 Thread added: 0x0000022ac6c2cff0
Event: 109.151 Thread 0x0000022ac4e69400 Thread added: 0x0000022ac8167650
Event: 109.151 Thread 0x0000022ac4e69400 Thread added: 0x0000022ac81666b0
Event: 109.194 Thread 0x0000022ac4e69400 Thread added: 0x0000022ac8165710
Event: 109.273 Thread 0x0000022ac8165710 Thread added: 0x0000022ac8165ee0
Event: 111.308 Thread 0x0000022ac8ee2100 Thread exited: 0x0000022ac8ee2100
Event: 111.465 Thread 0x0000022ac8165ee0 Thread exited: 0x0000022ac8165ee0
Event: 111.520 Thread 0x0000022ac8165710 Thread added: 0x0000022ac8164f40
Event: 113.942 Thread 0x0000022ac8164f40 Thread exited: 0x0000022ac8164f40
Event: 113.990 Thread 0x0000022ac8165710 Thread added: 0x0000022ac8164f40
Event: 115.725 Thread 0x0000022ac5d619b0 Thread exited: 0x0000022ac5d619b0
Event: 116.340 Thread 0x0000022ac8164f40 Thread exited: 0x0000022ac8164f40
Event: 116.400 Thread 0x0000022ac8165710 Thread added: 0x0000022ac8164f40
Event: 118.690 Thread 0x0000022ac8164f40 Thread exited: 0x0000022ac8164f40
Event: 119.459 Thread 0x0000022ac57f1290 Thread exited: 0x0000022ac57f1290
Event: 119.498 Thread 0x0000022ac8bfc2d0 Thread exited: 0x0000022ac8bfc2d0
Event: 119.505 Thread 0x0000022ac8bfd270 Thread exited: 0x0000022ac8bfd270
Event: 119.507 Thread 0x0000022ac8bff1b0 Thread exited: 0x0000022ac8bff1b0
Event: 119.511 Thread 0x0000022ac8c47650 Thread exited: 0x0000022ac8c47650


Dynamic libraries:
0x00007ff7e90c0000 - 0x00007ff7e90d0000 	C:\Program Files\Java\jdk-25\bin\java.exe
0x00007ff9348e0000 - 0x00007ff934b46000 	C:\WINDOWS\SYSTEM32\ntdll.dll
0x00007ff8f8400000 - 0x00007ff8f8421000 	C:\Program Files\AVG\Antivirus\aswhook.dll
0x00007ff934640000 - 0x00007ff934709000 	C:\WINDOWS\System32\KERNEL32.DLL
0x00007ff932200000 - 0x00007ff9325ff000 	C:\WINDOWS\System32\KERNELBASE.dll
0x00007ff931f40000 - 0x00007ff93208c000 	C:\WINDOWS\System32\ucrtbase.dll
0x00007ff920990000 - 0x00007ff9209a7000 	C:\Program Files\Java\jdk-25\bin\jli.dll
0x00007ff932e40000 - 0x00007ff933006000 	C:\WINDOWS\System32\USER32.dll
0x00007ff9321d0000 - 0x00007ff9321f7000 	C:\WINDOWS\System32\win32u.dll
0x00007ff934210000 - 0x00007ff93423b000 	C:\WINDOWS\System32\GDI32.dll
0x00007ff9320a0000 - 0x00007ff9321c9000 	C:\WINDOWS\System32\gdi32full.dll
0x00007ff931d00000 - 0x00007ff931da3000 	C:\WINDOWS\System32\msvcp_win.dll
0x00007ff920970000 - 0x00007ff92098e000 	C:\Program Files\Java\jdk-25\bin\VCRUNTIME140.dll
0x00007ff9121e0000 - 0x00007ff912471000 	C:\WINDOWS\WinSxS\amd64_microsoft.windows.common-controls_6595b64144ccf1df_6.0.26100.8972_none_3e0da176e32f9d4b\COMCTL32.dll
0x00007ff933010000 - 0x00007ff9330b9000 	C:\WINDOWS\System32\msvcrt.dll
0x00007ff9327a0000 - 0x00007ff9327d2000 	C:\WINDOWS\System32\IMM32.DLL
0x00007ff92a980000 - 0x00007ff92a98c000 	C:\Program Files\Java\jdk-25\bin\vcruntime140_1.dll
0x00007ff904cd0000 - 0x00007ff904d5d000 	C:\Program Files\Java\jdk-25\bin\msvcp140.dll
0x00007ff84f6e0000 - 0x00007ff85053f000 	C:\Program Files\Java\jdk-25\bin\server\jvm.dll
0x00007ff9347d0000 - 0x00007ff93488c000 	C:\WINDOWS\System32\ADVAPI32.dll
0x00007ff9330e0000 - 0x00007ff933189000 	C:\WINDOWS\System32\sechost.dll
0x00007ff933f10000 - 0x00007ff934028000 	C:\WINDOWS\System32\RPCRT4.dll
0x00007ff933d30000 - 0x00007ff933db2000 	C:\WINDOWS\System32\WS2_32.dll
0x00007ff931950000 - 0x00007ff9319ae000 	C:\WINDOWS\SYSTEM32\POWRPROF.dll
0x00007ff929600000 - 0x00007ff929636000 	C:\WINDOWS\SYSTEM32\WINMM.dll
0x00007ff929640000 - 0x00007ff92964b000 	C:\WINDOWS\SYSTEM32\VERSION.dll
0x00007ff931930000 - 0x00007ff931945000 	C:\WINDOWS\SYSTEM32\UMPDC.dll
0x00007ff9307a0000 - 0x00007ff9307bb000 	C:\WINDOWS\SYSTEM32\kernel.appcore.dll
0x00007ff92a960000 - 0x00007ff92a96a000 	C:\Program Files\Java\jdk-25\bin\jimage.dll
0x00007ff92fbc0000 - 0x00007ff92fe02000 	C:\WINDOWS\SYSTEM32\DBGHELP.DLL
0x00007ff9339a0000 - 0x00007ff933d25000 	C:\WINDOWS\System32\combase.dll
0x00007ff933df0000 - 0x00007ff933ec9000 	C:\WINDOWS\System32\OLEAUT32.dll
0x00007ff923b80000 - 0x00007ff923bbb000 	C:\WINDOWS\SYSTEM32\dbgcore.DLL
0x00007ff931af0000 - 0x00007ff931b9c000 	C:\WINDOWS\System32\bcryptPrimitives.dll
0x00007ff9126b0000 - 0x00007ff9126c0000 	C:\Program Files\Java\jdk-25\bin\instrument.dll
0x00007ff9098b0000 - 0x00007ff9098cf000 	C:\Program Files\Java\jdk-25\bin\java.dll
0x00007ff934250000 - 0x00007ff9343e9000 	C:\WINDOWS\System32\ole32.dll
0x00007ff933190000 - 0x00007ff933918000 	C:\WINDOWS\System32\SHELL32.dll
0x00007ff92f320000 - 0x00007ff92fbbb000 	C:\WINDOWS\SYSTEM32\windows.storage.dll
0x00007ff932610000 - 0x00007ff932709000 	C:\WINDOWS\System32\SHCORE.dll
0x00007ff934580000 - 0x00007ff9345e6000 	C:\WINDOWS\System32\shlwapi.dll
0x00007ff931a10000 - 0x00007ff931a39000 	C:\WINDOWS\SYSTEM32\profapi.dll
0x00007ff909120000 - 0x00007ff909137000 	C:\Program Files\Java\jdk-25\bin\zip.dll
0x00007ff906dd0000 - 0x00007ff906de2000 	C:\Program Files\Java\jdk-25\bin\net.dll
0x00007ff930d30000 - 0x00007ff930d9c000 	C:\WINDOWS\system32\mswsock.dll
0x00007ff906c00000 - 0x00007ff906c16000 	C:\Program Files\Java\jdk-25\bin\nio.dll
0x00007ff90a5e0000 - 0x00007ff90a5f0000 	C:\Program Files\Java\jdk-25\bin\verify.dll
0x00007ff85f420000 - 0x00007ff85f447000 	C:\Users\Lenovo\.gradle\native\1def1411415f61bf3af743bc5b6707747c0891f09f0c88961ee8f79bc544acac\windows-amd64\native-platform.dll
0x00007ff920a00000 - 0x00007ff920a77000 	C:\Users\Lenovo\.gradle\native\0.2.8\x86_64-windows-gnu\gradle-fileevents.dll
0x00007ff920960000 - 0x00007ff92096a000 	C:\Program Files\Java\jdk-25\bin\management.dll
0x00007ff920950000 - 0x00007ff92095c000 	C:\Program Files\Java\jdk-25\bin\management_ext.dll
0x00007ff933f00000 - 0x00007ff933f08000 	C:\WINDOWS\System32\PSAPI.DLL
0x00007ff930150000 - 0x00007ff930183000 	C:\WINDOWS\SYSTEM32\IPHLPAPI.DLL
0x00007ff934240000 - 0x00007ff93424a000 	C:\WINDOWS\System32\NSI.dll
0x00007ff90a5c0000 - 0x00007ff90a5c9000 	C:\Program Files\Java\jdk-25\bin\extnet.dll
0x00007ff931150000 - 0x00007ff93116b000 	C:\WINDOWS\SYSTEM32\CRYPTSP.dll
0x00007ff930700000 - 0x00007ff930739000 	C:\WINDOWS\system32\rsaenh.dll
0x00007ff930de0000 - 0x00007ff930e12000 	C:\WINDOWS\SYSTEM32\USERENV.dll
0x00007ff9319e0000 - 0x00007ff931a0a000 	C:\WINDOWS\SYSTEM32\bcrypt.dll
0x00007ff930f90000 - 0x00007ff930f9c000 	C:\WINDOWS\SYSTEM32\CRYPTBASE.dll
0x00007ff909730000 - 0x00007ff90973e000 	C:\Program Files\Java\jdk-25\bin\sunmscapi.dll
0x00007ff931db0000 - 0x00007ff931f2e000 	C:\WINDOWS\System32\CRYPT32.dll
0x00007ff9312c0000 - 0x00007ff9312f0000 	C:\WINDOWS\SYSTEM32\ncrypt.dll
0x00007ff931270000 - 0x00007ff9312af000 	C:\WINDOWS\SYSTEM32\NTASN1.dll
0x00007ff8f8380000 - 0x00007ff8f8388000 	C:\WINDOWS\system32\wshunix.dll
0x00007ff920940000 - 0x00007ff920947000 	C:\Program Files\Java\jdk-25\bin\rmi.dll

JVMTI agents:
C:\Users\Lenovo\.gradle\wrapper\dists\gradle-9.1.0-all\7wzd0jkjit61aq2p43wpjgij9\gradle-9.1.0\lib\agents\gradle-instrumentation-agent-9.1.0.jar path:C:\Program Files\Java\jdk-25\bin\instrument.dll, loaded, initialized, instrumentlib options:none

dbghelp: loaded successfully - version: 4.0.5 - missing functions: none
symbol engine: initialized successfully - sym options: 0x614 - pdb path: .;C:\Program Files\Java\jdk-25\bin;C:\WINDOWS\SYSTEM32;C:\Program Files\AVG\Antivirus;C:\WINDOWS\WinSxS\amd64_microsoft.windows.common-controls_6595b64144ccf1df_6.0.26100.8972_none_3e0da176e32f9d4b;C:\Program Files\Java\jdk-25\bin\server;C:\Users\Lenovo\.gradle\native\1def1411415f61bf3af743bc5b6707747c0891f09f0c88961ee8f79bc544acac\windows-amd64;C:\Users\Lenovo\.gradle\native\0.2.8\x86_64-windows-gnu

VM Arguments:
jvm_args: --add-opens=java.base/java.lang=ALL-UNNAMED --add-opens=java.base/java.lang.invoke=ALL-UNNAMED --add-opens=java.base/java.util=ALL-UNNAMED --add-opens=java.prefs/java.util.prefs=ALL-UNNAMED --add-exports=jdk.compiler/com.sun.tools.javac.api=ALL-UNNAMED --add-exports=jdk.compiler/com.sun.tools.javac.util=ALL-UNNAMED --add-opens=java.base/java.util=ALL-UNNAMED --add-opens=java.prefs/java.util.prefs=ALL-UNNAMED --add-opens=java.base/java.nio.charset=ALL-UNNAMED --add-opens=java.base/java.net=ALL-UNNAMED --add-opens=java.base/java.util.concurrent=ALL-UNNAMED --add-opens=java.base/java.util.concurrent.atomic=ALL-UNNAMED --add-opens=java.xml/javax.xml.namespace=ALL-UNNAMED --add-opens=java.base/java.time=ALL-UNNAMED --enable-native-access=ALL-UNNAMED -XX:MaxMetaspaceSize=4G -XX:ReservedCodeCacheSize=512m -XX:+HeapDumpOnOutOfMemoryError -Xmx8G -Dfile.encoding=UTF-8 -Duser.country=FR -Duser.language=fr -Duser.variant -javaagent:C:\Users\Lenovo\.gradle\wrapper\dists\gradle-9.1.0-all\7wzd0jkjit61aq2p43wpjgij9\gradle-9.1.0\lib\agents\gradle-instrumentation-agent-9.1.0.jar 
java_command: org.gradle.launcher.daemon.bootstrap.GradleDaemon 9.1.0
java_class_path (initial): C:\Users\Lenovo\.gradle\wrapper\dists\gradle-9.1.0-all\7wzd0jkjit61aq2p43wpjgij9\gradle-9.1.0\lib\gradle-daemon-main-9.1.0.jar
Launcher Type: SUN_STANDARD

[Global flags]
     intx CICompilerCount                          = 3                                         {product} {ergonomic}
     uint ConcGCThreads                            = 1                                         {product} {ergonomic}
     uint G1ConcRefinementThreads                  = 4                                         {product} {ergonomic}
   size_t G1HeapRegionSize                         = 4194304                                   {product} {ergonomic}
     bool HeapDumpOnOutOfMemoryError               = true                                   {manageable} {command line}
   size_t InitialHeapSize                          = 125829120                                 {product} {ergonomic}
   size_t MarkStackSize                            = 4194304                                   {product} {ergonomic}
   size_t MarkStackSizeMax                         = 536870912                                 {product} {ergonomic}
   size_t MaxHeapSize                              = 8589934592                                {product} {command line}
   size_t MaxMetaspaceSize                         = 4294967296                                {product} {command line}
   size_t MaxNewSize                               = 5150605312                                {product} {ergonomic}
   size_t MinHeapDeltaBytes                        = 4194304                                   {product} {ergonomic}
   size_t MinHeapSize                              = 8388608                                   {product} {ergonomic}
    uintx NonNMethodCodeHeapSize                   = 5832704                                {pd product} {ergonomic}
    uintx NonProfiledCodeHeapSize                  = 265551872                              {pd product} {ergonomic}
    uintx ProfiledCodeHeapSize                     = 265486336                              {pd product} {ergonomic}
    uintx ReservedCodeCacheSize                    = 536870912                              {pd product} {command line, ergonomic}
     bool SegmentedCodeCache                       = true                                      {product} {ergonomic}
   size_t SoftMaxHeapSize                          = 8589934592                             {manageable} {ergonomic}
     bool UseCompressedOops                        = true                           {product lp64_product} {ergonomic}
     bool UseG1GC                                  = true                                      {product} {ergonomic}
     bool UseLargePagesIndividualAllocation        = false                                  {pd product} {ergonomic}

Logging:
Log output configuration:
 #0: stdout all=warning uptime,level,tags foldmultilines=false
 #1: stderr all=off uptime,level,tags foldmultilines=false

Release file:
IMPLEMENTOR="Oracle Corporation" 
JAVA_RUNTIME_VERSION="25.0.1+8-LTS-27" 
JAVA_VERSION="25.0.1" 
JAVA_VERSION_DATE="2025-10-21" 
LIBC="default" 
MODULES="java.base java.compiler java.datatransfer java.xml java.prefs java.desktop java.instrument java.logging java.management java.security.sasl java.naming java.rmi java.management.rmi java.net.http java.scripting java.security.jgss java.transaction.xa java.sql java.sql.rowset java.xml.crypto java.se java.smartcardio jdk.accessibility jdk.internal.jvmstat jdk.attach jdk.charsets jdk.internal.opt jdk.zipfs jdk.compiler jdk.crypto.cryptoki jdk.crypto.ec jdk.crypto.mscapi jdk.dynalink jdk.internal.ed jdk.editpad jdk.internal.vm.ci jdk.graal.compiler jdk.graal.compiler.management jdk.hotspot.agent jdk.httpserver jdk.incubator.vector jdk.internal.le jdk.internal.md jdk.jartool jdk.javadoc jdk.jcmd jdk.management jdk.management.agent jdk.jconsole jdk.jdeps jdk.jdwp.agent jdk.jdi jdk.jfr jdk.jlink jdk.jpackage jdk.jshell jdk.jsobject jdk.jstatd jdk.localedata jdk.management.jfr jdk.naming.dns jdk.naming.rmi jdk.net jdk.nio.mapmode jdk.sctp jdk.security.auth jdk.security.jgss jdk.unsupported jdk.unsupported.desktop jdk.xml.dom" 
OS_ARCH="x86_64" 
OS_NAME="Windows" 
SOURCE=".:git:862c85bc42b7 open:git:78770bfaefd2" 

Environment Variables:
JAVA_HOME=C:\Program Files\Android\Android Studio1\jbr
PATH=C:\Program Files\ImageMagick-7.1.2-Q16-HDRI;C:\Program Files\Common Files\Oracle\Java\javapath;C:\WINDOWS\system32;C:\WINDOWS;C:\WINDOWS\System32\Wbem;C:\WINDOWS\System32\WindowsPowerShell\v1.0\;C:\WINDOWS\System32\OpenSSH\;C:\Program Files\Java\jdk-25;C:\Program Files\Java\jdk-25\bin;C:\xamppe\mysql\bin;C:\xamppe\php;C:\Program Files\Git\cmd;C:\Program Files\nodejs\;C:\xampp\mysql\bin;C:\Program Files\dotnet\;C:\ffmpeg\bin;C:\Android\Sdk\platform-tools;C:\Android\Sdk\cmdline-tools\latest\bin;C:\Program Files\ImageMagick-7.1.2-Q16-HDRI;C:\Program Files\Common Files\Oracle\Java\javapath;C:\WINDOWS\system32;C:\WINDOWS;C:\WINDOWS\System32\Wbem;C:\WINDOWS\System32\WindowsPowerShell\v1.0\;C:\WINDOWS\System32\OpenSSH\;C:\Program Files\Java\jdk-25;C:\Program Files\Java\jdk-25\bin;C:\xamppe\mysql\bin;C:\xamppe\php;C:\Program Files\Git\cmd;C:\Program Files\nodejs\;C:\xampp\mysql\bin;C:\Program Files\dotnet\;C:\ffmpeg\bin;C:\Android\Sdk\platform-tools;C:\Android\Sdk\cmdline-tools\latest\bin;C:\Users\Lenovo\AppData\Local\Programs\Python\Python311\Scripts\;C:\Users\Lenovo\AppData\Local\Programs\Python\Python311\;C:\Users\Lenovo\AppData\Local\Programs\Python\Python312\Scripts\;C:\Users\Lenovo\AppData\Local\Programs\Python\Python312\;C:\Users\Lenovo\AppData\Local\Programs\Python\Python315\Scripts\;C:\Users\Lenovo\AppData\Local\Programs\Python\Python315\;C:\Users\Lenovo\AppData\Local\Programs\Python\Launcher\;C:\Users\Lenovo\AppData\Local\Microsoft\WindowsApps;C:\Users\Lenovo\AppData\Local\Programs\Microsoft VS;C:\flutter\bin;C:\Users\Lenovo\AppData\Local\Programs\Microsoft VS Code\bin
USERNAME=Lenovo
OS=Windows_NT
PROCESSOR_IDENTIFIER=AMD64 Family 23 Model 96 Stepping 1, AuthenticAMD
TMP=C:\Users\Lenovo\AppData\Local\Temp
TEMP=C:\Users\Lenovo\AppData\Local\Temp




Compilation memory statistics disabled.

Periodic native trim disabled

---------------  S Y S T E M  ---------------

OS:
 Windows 11 , 64 bit Build 26100 (10.0.26100.8972)
OS uptime: 2 days 19:17 hours
Hyper-V role detected

CPU: total 4 (initial active 4) (4 cores per cpu, 1 threads per core) family 23 model 96 stepping 1 microcode 0x860010f, cx8, cmov, fxsr, mmx, 3dnowpref, sse, sse2, sse3, ssse3, sse4a, sse4.1, sse4.2, popcnt, lzcnt, tsc, tscinvbit, avx, avx2, aes, clmul, bmi1, bmi2, adx, sha, fma, vzeroupper, clflush, clflushopt, clwb, hv, rdtscp, rdpid, f16c
Processor Information for the first 4 processors :
  Max Mhz: 2700, Current Mhz: 2700, Mhz Limit: 2700

Memory: 4k page, system-wide physical 7544M (367M free)
TotalPageFile size 31096M (AvailPageFile size 65M)
current process WorkingSet (physical memory assigned to process): 279M, peak: 325M
current process commit charge ("private bytes"): 375M, peak: 397M

vm_info: Java HotSpot(TM) 64-Bit Server VM (25.0.1+8-LTS-27) for windows-amd64 JRE (25.0.1+8-LTS-27), built on 2025-09-25T16:41:16Z with unknown MS VC++:1943

END.
